Microchip MPLAB XC8 Compiler V3.00

Linker command line:

-W-3 \
  --edf=C:\Program Files\Microchip\xc8\v3.00\pic\dat\20241204225717_en.msgs \
  -cn -h+dist/default/production\dash-test.X.production.sym \
  --cmf=dist/default/production\dash-test.X.production.cmf -z -Q18F47Q84 \
  -oC:\Users\Adam\AppData\Local\Temp\xcAs17bk.\driver_tmp_3.o \
  --defsym=__MPLAB_BUILD=1 --fixupoverflow=error \
  -Mdist/default/production/dash-test.X.production.map \
  --md=C:\Users\Adam\AppData\Local\Temp\xcAs17bk.\driver_tmp_0.dat -E1 \
  -ver=XC8 Compiler -ACODE=00h-01FFFFh -ACONST=00h-01FFFFh \
  -ASMALLCONST=04000h-040FFhx192,014000h-0140FFhx192 \
  -AMEDIUMCONST=04000h-0FFFFh,014000h-01FFFFh -ACOMRAM=0501h-055Fh \
  -AABS1=0500h-036FFh -ABIGRAM=0501h-036FFh \
  -ARAM=0560h-05FFh,0600h-06FFhx49 -ABANK5=0560h-05FFh -ABANK6=0600h-06FFh \
  -ABANK7=0700h-07FFh -ABANK8=0800h-08FFh -ABANK9=0900h-09FFh \
  -ABANK10=0A00h-0AFFh -ABANK11=0B00h-0BFFh -ABANK12=0C00h-0CFFh \
  -ABANK13=0D00h-0DFFh -ABANK14=0E00h-0EFFh -ABANK15=0F00h-0FFFh \
  -ABANK16=01000h-010FFh -ABANK17=01100h-011FFh -ABANK18=01200h-012FFh \
  -ABANK19=01300h-013FFh -ABANK20=01400h-014FFh -ABANK21=01500h-015FFh \
  -ABANK22=01600h-016FFh -ABANK23=01700h-017FFh -ABANK24=01800h-018FFh \
  -ABANK25=01900h-019FFh -ABANK26=01A00h-01AFFh -ABANK27=01B00h-01BFFh \
  -ABANK28=01C00h-01CFFh -ABANK29=01D00h-01DFFh -ABANK30=01E00h-01EFFh \
  -ABANK31=01F00h-01FFFh -ABANK32=02000h-020FFh -ABANK33=02100h-021FFh \
  -ABANK34=02200h-022FFh -ABANK35=02300h-023FFh -ABANK36=02400h-024FFh \
  -ABANK37=02500h-025FFh -ABANK38=02600h-026FFh -ABANK39=02700h-027FFh \
  -ABANK40=02800h-028FFh -ABANK41=02900h-029FFh -ABANK42=02A00h-02AFFh \
  -ABANK43=02B00h-02BFFh -ABANK44=02C00h-02CFFh -ABANK45=02D00h-02DFFh \
  -ABANK46=02E00h-02EFFh -ABANK47=02F00h-02FFFh -ABANK48=03000h-030FFh \
  -ABANK49=03100h-031FFh -ABANK50=03200h-032FFh -ABANK51=03300h-033FFh \
  -ABANK52=03400h-034FFh -ABANK53=03500h-035FFh -ABANK54=03600h-036FFh \
  -ASFR=00h-0FFhx4,0400h-045Fh,0460h-04FFh,03700h-037FFhx9 \
  -ABIGSFR=00h-04FFh,03700h-03FFFh -ACONFIG=0300000h-0300023h \
  -AIDLOC=0200000h-020003Fh -AEEDATA=0380000h-03803FFh -peeprom_data=EEDATA \
  -preset_vec=00h -ppowerup=CODE,init -pramtop=04000h \
  -psmallconst=SMALLCONST -pmediumconst=MEDIUMCONST -pconst=CONST \
  -AFARRAM=00h-00h \
  -prdata=COMRAM,nvrram=COMRAM,nvbit=COMRAM,rbss=COMRAM,rbit=COMRAM \
  -pfarbss=FARRAM,fardata=FARRAM,nvFARRAM=FARRAM \
  -pintsave_regs=BIGRAM,bigbss=BIGRAM,bigdata=BIGRAM -pbss=RAM \
  -pidata=CODE,irdata=CODE,ibigdata=CODE,ifardata=CODE -prparam=COMRAM \
  C:\Users\Adam\AppData\Local\Temp\xcAs17bk.\driver_tmp_9.o \
  dist/default/production\dash-test.X.production.o 

Object code version is 3.11

Machine type is 18F47Q84



                Name                               Link     Load   Length Selector   Space Scale
C:\Users\Adam\AppData\Local\Temp\xcAs17bk.\driver_tmp_9.o
                config                           300000   300000       1F        0       4
                init                              1FFFC    1FFFC        4     FFFE       0
                reset_vec                             0        0        4        0       0
dist/default/production\dash-test.X.production.o
                config                           300000   300000       1F        0       4
                smallconst                         4000     4000       5A     2000       0
                text77                             4E3E     4E3E        6     202D       0
                text76                             4DC8     4DC8        A     202D       0
                text75                             4C64     4C64       1C     202D       0
                text74                             4B52     4B52       2A     202D       0
                text73                             4E38     4E38        6     202D       0
                text72                             4E32     4E32        6     202D       0
                text71                             4E2C     4E2C        6     202D       0
                text70                             4D1E     4D1E       16     202D       0
                text69                             4D08     4D08       16     202D       0
                text68                             4CF2     4CF2       16     202D       0
                text67                             47C4     47C4       52     202D       0
                text66                             4BEA     4BEA       22     202D       0
                text65                             43EA     43EA       80     202D       0
                text64                             4C48     4C48       1C     202D       0
                text63                             4AF8     4AF8       30     202D       0
                text62                             4AC8     4AC8       30     202D       0
                text61                             4A98     4A98       30     202D       0
                text60                             4A68     4A68       30     202D       0
                text59                             4A38     4A38       30     202D       0
                text58                             48EC     48EC       44     202D       0
                text57                             4A08     4A08       30     202D       0
                text56                             49D8     49D8       30     202D       0
                text55                             49A8     49A8       30     202D       0
                text54                             48A8     48A8       44     202D       0
                text53                             4E50     4E50        4     202D       0
                text52                             4E4C     4E4C        4     202D       0
                text51                             4DBE     4DBE        A     202D       0
                text50                             4E26     4E26        6     202D       0
                text49                             4E20     4E20        6     202D       0
                text48                             4DB2     4DB2        C     202D       0
                text47                             4DFA     4DFA        8     202D       0
                text46                             4E1A     4E1A        6     202D       0
                text45                             4CDC     4CDC       16     202D       0
                text44                             4E14     4E14        6     202D       0
                text43                             4E0E     4E0E        6     202D       0
                text42                             4E08     4E08        6     202D       0
                text41                             4E02     4E02        6     202D       0
                text40                             4CC6     4CC6       16     202D       0
                text39                             4CB0     4CB0       16     202D       0
                text38                             4DF2     4DF2        8     202D       0
                text37                             4DEA     4DEA        8     202D       0
                text36                             4B28     4B28       2A     202D       0
                text35                             4D34     4D34       14     202D       0
                text34                             405A     405A      120     202D       0
                text33                             435A     435A       90     202D       0
                text32                             446A     446A       7A     202D       0
                text31                             42BC     42BC       9E     202D       0
                text30                             4DA6     4DA6        C     202D       0
                text29                             4E48     4E48        4     202D       0
                text28                             4E44     4E44        4     202D       0
                text27                             4B7C     4B7C       28     202D       0
                text26                             4DE2     4DE2        8     202D       0
                text25                             4D8C     4D8C        E     202D       0
                text24                             4DDA     4DDA        8     202D       0
                text23                             4D9A     4D9A        C     202D       0
                text22                             45C4     45C4       6C     202D       0
                text21                             44E4     44E4       74     202D       0
                text20                             4D7E     4D7E        E     202D       0
                text19                             469A     469A       6A     202D       0
                text18                             476A     476A       5A     202D       0
                text17                             4C2C     4C2C       1C     202D       0
                text16                             4816     4816       4A     202D       0
                text15                             4DD2     4DD2        8     202D       0
                text14                             4BC8     4BC8       22     202D       0
                text13                             421C     421C       A0     202D       0
                text12                             417A     417A       A2     202D       0
                text11                             4BA4     4BA4       24     202D       0
                text10                             4C80     4C80       1A     202D       0
                text9                              496C     496C       3C     202D       0
                text8                              4558     4558       6C     202D       0
                text7                              4930     4930       3C     202D       0
                text6                              4704     4704       66     202D       0
                text5                              4C0C     4C0C       20     202D       0
                text4                              4D6C     4D6C       12     202D       0
                text3                              4630     4630       6A     202D       0
                text2                              4C9A     4C9A       16     202D       0
                text1                              4D5A     4D5A       12     202D       0
                text0                              4860     4860       48     202D       0
                cstackCOMRAM                        52B      52B       1D      501       1
                bssCOMRAM                           501      501       2A      501       1
                cinit                              4D48     4D48       12     202D       0

TOTAL           Name                               Link     Load   Length     Space
        CLASS   CODE           
                init                              1FFFC    1FFFC        4         0
                reset_vec                             0        0        4         0
                text77                             4E3E     4E3E        6         0
                text76                             4DC8     4DC8        A         0
                text75                             4C64     4C64       1C         0
                text74                             4B52     4B52       2A         0
                text73                             4E38     4E38        6         0
                text72                             4E32     4E32        6         0
                text71                             4E2C     4E2C        6         0
                text70                             4D1E     4D1E       16         0
                text69                             4D08     4D08       16         0
                text68                             4CF2     4CF2       16         0
                text67                             47C4     47C4       52         0
                text66                             4BEA     4BEA       22         0
                text65                             43EA     43EA       80         0
                text64                             4C48     4C48       1C         0
                text63                             4AF8     4AF8       30         0
                text62                             4AC8     4AC8       30         0
                text61                             4A98     4A98       30         0
                text60                             4A68     4A68       30         0
                text59                             4A38     4A38       30         0
                text58                             48EC     48EC       44         0
                text57                             4A08     4A08       30         0
                text56                             49D8     49D8       30         0
                text55                             49A8     49A8       30         0
                text54                             48A8     48A8       44         0
                text53                             4E50     4E50        4         0
                text52                             4E4C     4E4C        4         0
                text51                             4DBE     4DBE        A         0
                text50                             4E26     4E26        6         0
                text49                             4E20     4E20        6         0
                text48                             4DB2     4DB2        C         0
                text47                             4DFA     4DFA        8         0
                text46                             4E1A     4E1A        6         0
                text45                             4CDC     4CDC       16         0
                text44                             4E14     4E14        6         0
                text43                             4E0E     4E0E        6         0
                text42                             4E08     4E08        6         0
                text41                             4E02     4E02        6         0
                text40                             4CC6     4CC6       16         0
                text39                             4CB0     4CB0       16         0
                text38                             4DF2     4DF2        8         0
                text37                             4DEA     4DEA        8         0
                text36                             4B28     4B28       2A         0
                text35                             4D34     4D34       14         0
                text34                             405A     405A      120         0
                text33                             435A     435A       90         0
                text32                             446A     446A       7A         0
                text31                             42BC     42BC       9E         0
                text30                             4DA6     4DA6        C         0
                text29                             4E48     4E48        4         0
                text28                             4E44     4E44        4         0
                text27                             4B7C     4B7C       28         0
                text26                             4DE2     4DE2        8         0
                text25                             4D8C     4D8C        E         0
                text24                             4DDA     4DDA        8         0
                text23                             4D9A     4D9A        C         0
                text22                             45C4     45C4       6C         0
                text21                             44E4     44E4       74         0
                text20                             4D7E     4D7E        E         0
                text19                             469A     469A       6A         0
                text18                             476A     476A       5A         0
                text17                             4C2C     4C2C       1C         0
                text16                             4816     4816       4A         0
                text15                             4DD2     4DD2        8         0
                text14                             4BC8     4BC8       22         0
                text13                             421C     421C       A0         0
                text12                             417A     417A       A2         0
                text11                             4BA4     4BA4       24         0
                text10                             4C80     4C80       1A         0
                text9                              496C     496C       3C         0
                text8                              4558     4558       6C         0
                text7                              4930     4930       3C         0
                text6                              4704     4704       66         0
                text5                              4C0C     4C0C       20         0
                text4                              4D6C     4D6C       12         0
                text3                              4630     4630       6A         0
                text2                              4C9A     4C9A       16         0
                text1                              4D5A     4D5A       12         0
                text0                              4860     4860       48         0
                cinit                              4D48     4D48       12         0

        CLASS   CONST          

        CLASS   SMALLCONST     
                smallconst                         4000     4000       5A         0

        CLASS   MEDIUMCONST    

        CLASS   COMRAM         
                cstackCOMRAM                        52B      52B       1D         1
                bssCOMRAM                           501      501       2A         1

        CLASS   ABS1           

        CLASS   BIGRAM         

        CLASS   RAM            

        CLASS   BANK5          

        CLASS   BANK6          

        CLASS   BANK7          

        CLASS   BANK8          

        CLASS   BANK9          

        CLASS   BANK10         

        CLASS   BANK11         

        CLASS   BANK12         

        CLASS   BANK13         

        CLASS   BANK14         

        CLASS   BANK15         

        CLASS   BANK16         

        CLASS   BANK17         

        CLASS   BANK18         

        CLASS   BANK19         

        CLASS   BANK20         

        CLASS   BANK21         

        CLASS   BANK22         

        CLASS   BANK23         

        CLASS   BANK24         

        CLASS   BANK25         

        CLASS   BANK26         

        CLASS   BANK27         

        CLASS   BANK28         

        CLASS   BANK29         

        CLASS   BANK30         

        CLASS   BANK31         

        CLASS   BANK32         

        CLASS   BANK33         

        CLASS   BANK34         

        CLASS   BANK35         

        CLASS   BANK36         

        CLASS   BANK37         

        CLASS   BANK38         

        CLASS   BANK39         

        CLASS   BANK40         

        CLASS   BANK41         

        CLASS   BANK42         

        CLASS   BANK43         

        CLASS   BANK44         

        CLASS   BANK45         

        CLASS   BANK46         

        CLASS   BANK47         

        CLASS   BANK48         

        CLASS   BANK49         

        CLASS   BANK50         

        CLASS   BANK51         

        CLASS   BANK52         

        CLASS   BANK53         

        CLASS   BANK54         

        CLASS   SFR            

        CLASS   BIGSFR         

        CLASS   CONFIG         
                config                           300000   300000       1F         4

        CLASS   IDLOC          

        CLASS   EEDATA         

        CLASS   FARRAM         

        CLASS   HEAP           

        CLASS   STACK          



SEGMENTS        Name                           Load    Length   Top    Selector   Space  Class

                reset_vec                      000000  000004  000004         0       0  CODE    
                bssCOMRAM                      000501  000047  000548       501       1  COMRAM  
                smallconst                     004000  00005A  00405A      2000       0  SMALLCON
                text34                         00405A  000DFA  004E54      202D       0  CODE    
                init                           01FFFC  000004  020000      FFFE       0  CODE    


UNUSED ADDRESS RANGES

        Name                Unused          Largest block    Delta
        BANK10           000A00-000AFF              100
        BANK11           000B00-000BFF              100
        BANK12           000C00-000CFF              100
        BANK13           000D00-000DFF              100
        BANK14           000E00-000EFF              100
        BANK15           000F00-000FFF              100
        BANK16           001000-0010FF              100
        BANK17           001100-0011FF              100
        BANK18           001200-0012FF              100
        BANK19           001300-0013FF              100
        BANK20           001400-0014FF              100
        BANK21           001500-0015FF              100
        BANK22           001600-0016FF              100
        BANK23           001700-0017FF              100
        BANK24           001800-0018FF              100
        BANK25           001900-0019FF              100
        BANK26           001A00-001AFF              100
        BANK27           001B00-001BFF              100
        BANK28           001C00-001CFF              100
        BANK29           001D00-001DFF              100
        BANK30           001E00-001EFF              100
        BANK31           001F00-001FFF              100
        BANK32           002000-0020FF              100
        BANK33           002100-0021FF              100
        BANK34           002200-0022FF              100
        BANK35           002300-0023FF              100
        BANK36           002400-0024FF              100
        BANK37           002500-0025FF              100
        BANK38           002600-0026FF              100
        BANK39           002700-0027FF              100
        BANK40           002800-0028FF              100
        BANK41           002900-0029FF              100
        BANK42           002A00-002AFF              100
        BANK43           002B00-002BFF              100
        BANK44           002C00-002CFF              100
        BANK45           002D00-002DFF              100
        BANK46           002E00-002EFF              100
        BANK47           002F00-002FFF              100
        BANK48           003000-0030FF              100
        BANK49           003100-0031FF              100
        BANK5            000560-0005FF               A0
        BANK50           003200-0032FF              100
        BANK51           003300-0033FF              100
        BANK52           003400-0034FF              100
        BANK53           003500-0035FF              100
        BANK54           003600-0036FF              100
        BANK6            000600-0006FF              100
        BANK7            000700-0007FF              100
        BANK8            000800-0008FF              100
        BANK9            000900-0009FF              100
        BIGRAM           000548-0036FF             31B8
        BIGSFR           000000-0004FF              500
                         003700-003FFF              900
        CODE             000004-003FFF             3FFC
                         004E54-01FFFB            1B1A8
        COMRAM           000548-00055F               18
        CONFIG           30001F-300023                5
        CONST            000004-003FFF             3FFC
                         004E54-01FFFB            1B1A8
        EEDATA           380000-3803FF              400
        IDLOC            200000-20003F               40
        MEDIUMCONST      004E54-00FFFF             B1AC
                         014000-01FFFB             BFFC
        RAM              000560-0036FF              100
        SFR              000000-0004FF              100
                         003700-003FFF              100
        SMALLCONST       004E54-00FFFF              100
                         014000-01FFFB              100

                                  Symbol Table

I2C1_CallbackReturnReset@funPtr                           cstackCOMRAM 000536
I2C1_Close@returnValue                                    cstackCOMRAM 00052B
I2C1_DO_RX@retFsmState                                    cstackCOMRAM 00053C
I2C1_DO_TX@dataTx                                         cstackCOMRAM 00053C
I2C1_DO_TX@retFsmState                                    cstackCOMRAM 00053D
I2C1_MasterOperation@read                                 cstackCOMRAM 00053F
I2C1_MasterOperation@returnValue                          cstackCOMRAM 000540
I2C1_MasterSendTxData@data                                cstackCOMRAM 00052B
I2C1_MasterSetCounter@counter                             cstackCOMRAM 00052B
I2C1_Open@address                                         cstackCOMRAM 00052B
I2C1_Open@returnValue                                     cstackCOMRAM 00052C
I2C1_SetBuffer@buffer                                     cstackCOMRAM 00052B
I2C1_SetBuffer@bufferSize                                 cstackCOMRAM 00052D
I2C1_SetBuffer_4bitmode@buffer                            cstackCOMRAM 000531
I2C1_SetBuffer_4bitmode@data                              cstackCOMRAM 000535
I2C1_SetBuffer_4bitmode@data_high                         cstackCOMRAM 000536
I2C1_SetBuffer_4bitmode@data_low                          cstackCOMRAM 000537
I2C1_SetBuffer_4bitmode@rs                                cstackCOMRAM 00052F
I2C1_SetCallback@cb                                       cstackCOMRAM 00052B
I2C1_SetCallback@idx                                      cstackCOMRAM 000530
I2C1_SetCallback@ptr                                      cstackCOMRAM 00052E
I2C1_SetDataCompleteCallback@cb                           cstackCOMRAM 000531
I2C1_SetDataCompleteCallback@ptr                          cstackCOMRAM 000534
LCD_send_byte@data                                        cstackCOMRAM 000542
LCD_send_byte@rs                                          cstackCOMRAM 000541
LCD_send_nibble_cmd@buffer                                cstackCOMRAM 000541
LCD_send_nibble_cmd@data_high                             cstackCOMRAM 000543
LCD_set_cursor@address                                    cstackCOMRAM 000547
LCD_set_cursor@col                                        cstackCOMRAM 000543
LCD_set_cursor@row                                        cstackCOMRAM 000544
LCD_write_string@str                                      cstackCOMRAM 000543
_ANSELA                                                   (abs)        000400
_ANSELB                                                   (abs)        000408
_ANSELC                                                   (abs)        000410
_ANSELD                                                   (abs)        000418
_ANSELE                                                   (abs)        000420
_I2C1BAUD                                                 (abs)        00029D
_I2C1CLK                                                  (abs)        00029E
_I2C1CNTH                                                 (abs)        00028D
_I2C1CNTL                                                 (abs)        00028C
_I2C1CON0                                                 (abs)        000294
_I2C1CON0bits                                             (abs)        000294
_I2C1CON1                                                 (abs)        000295
_I2C1CON1bits                                             (abs)        000295
_I2C1CON2                                                 (abs)        000296
_I2C1ERR                                                  (abs)        000297
_I2C1ERRbits                                              (abs)        000297
_I2C1PIE                                                  (abs)        00029B
_I2C1PIEbits                                              (abs)        00029B
_I2C1PIR                                                  (abs)        00029A
_I2C1PIRbits                                              (abs)        00029A
_I2C1RXB                                                  (abs)        00028A
_I2C1SCLPPS                                               (abs)        000271
_I2C1SDAPPS                                               (abs)        000270
_I2C1STAT1bits                                            (abs)        000299
_I2C1TXB                                                  (abs)        00028B
_I2C1_CallbackReturnReset                                 text52       004E4C
_I2C1_CallbackReturnStop                                  text53       004E50
_I2C1_ClearInterruptFlags                                 text67       0047C4
_I2C1_Close                                               text74       004B52
_I2C1_DO_ADDRESS_NACK                                     text22       0045C4
_I2C1_DO_BUS_COLLISION                                    text21       0044E4
_I2C1_DO_BUS_ERROR                                        text20       004D7E
_I2C1_DO_IDLE                                             text37       004DEA
_I2C1_DO_RESET                                            text23       004D9A
_I2C1_DO_RX                                               text33       00435A
_I2C1_DO_RX_ACK                                           text26       004DE2
_I2C1_DO_RX_EMPTY                                         text31       0042BC
_I2C1_DO_RX_NACK_RESTART                                  text24       004DDA
_I2C1_DO_RX_NACK_STOP                                     text25       004D8C
_I2C1_DO_SEND_ADR_READ                                    text36       004B28
_I2C1_DO_SEND_ADR_WRITE                                   text35       004D34
_I2C1_DO_SEND_RESTART                                     text28       004E44
_I2C1_DO_SEND_RESTART_READ                                text30       004DA6
_I2C1_DO_SEND_RESTART_WRITE                               text29       004E48
_I2C1_DO_SEND_STOP                                        text27       004B7C
_I2C1_DO_TX                                               text34       00405A
_I2C1_DO_TX$924                                           cstackCOMRAM 00053A
_I2C1_DO_TX_ACK                                           text38       004DF2
_I2C1_DO_TX_EMPTY                                         text32       00446A
_I2C1_Initialize                                          text5        004C0C
_I2C1_MasterClearCountFlag                                text73       004E38
_I2C1_MasterClearIrq                                      text77       004E3E
_I2C1_MasterClearNackFlag                                 text72       004E32
_I2C1_MasterClearStopFlag                                 text71       004E2C
_I2C1_MasterClose                                         text76       004DC8
_I2C1_MasterDisableIrq                                    text75       004C64
_I2C1_MasterDisableRestart                                text50       004E26
_I2C1_MasterEnableRestart                                 text49       004E20
_I2C1_MasterFsm                                           text19       00469A
_I2C1_MasterGetCounter                                    text41       004E02
_I2C1_MasterGetRxData                                     text46       004E1A
_I2C1_MasterIsCountFlagSet                                text70       004D1E
_I2C1_MasterIsNack                                        text40       004CC6
_I2C1_MasterIsNackFlagSet                                 text69       004D08
_I2C1_MasterIsRxBufFull                                   text45       004CDC
_I2C1_MasterIsStopFlagSet                                 text68       004CF2
_I2C1_MasterIsTxBufEmpty                                  text39       004CB0
_I2C1_MasterOpen                                          text14       004BC8
_I2C1_MasterOperation                                     text16       004816
_I2C1_MasterResetBus                                      text51       004DBE
_I2C1_MasterSendAck                                       text44       004E14
_I2C1_MasterSendNack                                      text43       004E0E
_I2C1_MasterSendTxData                                    text47       004DFA
_I2C1_MasterSetCounter                                    text48       004DB2
_I2C1_MasterStop                                          text42       004E08
_I2C1_MasterWaitForEvent                                  text18       00476A
_I2C1_MasterWrite                                         text15       004DD2
_I2C1_Open                                                text13       00421C
_I2C1_Poller                                              text17       004C2C
_I2C1_SetBuffer                                           text66       004BEA
_I2C1_SetBuffer_4bitmode                                  text12       00417A
_I2C1_SetCallback                                         text65       0043EA
_I2C1_SetDataCompleteCallback                             text64       004C48
_I2C1_Status                                              bssCOMRAM    000501
_INLVLA                                                   (abs)        000404
_INLVLB                                                   (abs)        00040C
_INLVLC                                                   (abs)        000414
_INLVLD                                                   (abs)        00041C
_INLVLE                                                   (abs)        000424
_LATA                                                     (abs)        0004BE
_LATB                                                     (abs)        0004BF
_LATC                                                     (abs)        0004C0
_LATD                                                     (abs)        0004C1
_LATE                                                     (abs)        0004C2
_LCD_clear                                                text10       004C80
_LCD_init                                                 text8        004558
_LCD_send_byte                                            text11       004BA4
_LCD_send_nibble_cmd                                      text9        00496C
_LCD_set_cursor                                           text7        004930
_LCD_set_cursor$1181                                      cstackCOMRAM 000545
_LCD_write_string                                         text6        004704
_ODCONA                                                   (abs)        000402
_ODCONB                                                   (abs)        00040A
_ODCONC                                                   (abs)        000412
_ODCOND                                                   (abs)        00041A
_ODCONE                                                   (abs)        000422
_OSCCON1                                                  (abs)        0000AD
_OSCCON3                                                  (abs)        0000AF
_OSCEN                                                    (abs)        0000B3
_OSCFRQ                                                   (abs)        0000B1
_OSCILLATOR_Initialize                                    text4        004D6C
_OSCTUNE                                                  (abs)        0000B0
_PIE7bits                                                 (abs)        0004A5
_PIN_MANAGER_Initialize                                   text3        004630
_PIR7bits                                                 (abs)        0004B5
_PMD0                                                     (abs)        000060
_PMD1                                                     (abs)        000061
_PMD2                                                     (abs)        000062
_PMD3                                                     (abs)        000063
_PMD4                                                     (abs)        000064
_PMD5                                                     (abs)        000065
_PMD6                                                     (abs)        000066
_PMD7                                                     (abs)        000067
_PMD8                                                     (abs)        000068
_PMD_Initialize                                           text2        004C9A
_RC3PPS                                                   (abs)        000214
_RC4PPS                                                   (abs)        000215
_SLRCONA                                                  (abs)        000403
_SLRCONB                                                  (abs)        00040B
_SLRCONC                                                  (abs)        000413
_SLRCOND                                                  (abs)        00041B
_SLRCONE                                                  (abs)        000423
_SYSTEM_Initialize                                        text1        004D5A
_TRISA                                                    (abs)        0004C6
_TRISB                                                    (abs)        0004C7
_TRISC                                                    (abs)        0004C8
_TRISD                                                    (abs)        0004C9
_TRISE                                                    (abs)        0004CA
_WPUA                                                     (abs)        000401
_WPUB                                                     (abs)        000409
_WPUC                                                     (abs)        000411
_WPUD                                                     (abs)        000419
_WPUE                                                     (abs)        000421
__HRAM                                                    (abs)        000000
__H__absolute__                                           __absolute__ 000000
__Habs1                                                   abs1         000000
__Hbank10                                                 bank10       000000
__Hbank11                                                 bank11       000000
__Hbank12                                                 bank12       000000
__Hbank13                                                 bank13       000000
__Hbank14                                                 bank14       000000
__Hbank15                                                 bank15       000000
__Hbank16                                                 bank16       000000
__Hbank17                                                 bank17       000000
__Hbank18                                                 bank18       000000
__Hbank19                                                 bank19       000000
__Hbank20                                                 bank20       000000
__Hbank21                                                 bank21       000000
__Hbank22                                                 bank22       000000
__Hbank23                                                 bank23       000000
__Hbank24                                                 bank24       000000
__Hbank25                                                 bank25       000000
__Hbank26                                                 bank26       000000
__Hbank27                                                 bank27       000000
__Hbank28                                                 bank28       000000
__Hbank29                                                 bank29       000000
__Hbank30                                                 bank30       000000
__Hbank31                                                 bank31       000000
__Hbank32                                                 bank32       000000
__Hbank33                                                 bank33       000000
__Hbank34                                                 bank34       000000
__Hbank35                                                 bank35       000000
__Hbank36                                                 bank36       000000
__Hbank37                                                 bank37       000000
__Hbank38                                                 bank38       000000
__Hbank39                                                 bank39       000000
__Hbank40                                                 bank40       000000
__Hbank41                                                 bank41       000000
__Hbank42                                                 bank42       000000
__Hbank43                                                 bank43       000000
__Hbank44                                                 bank44       000000
__Hbank45                                                 bank45       000000
__Hbank46                                                 bank46       000000
__Hbank47                                                 bank47       000000
__Hbank48                                                 bank48       000000
__Hbank49                                                 bank49       000000
__Hbank5                                                  bank5        000000
__Hbank50                                                 bank50       000000
__Hbank51                                                 bank51       000000
__Hbank52                                                 bank52       000000
__Hbank53                                                 bank53       000000
__Hbank54                                                 bank54       000000
__Hbank6                                                  bank6        000000
__Hbank7                                                  bank7        000000
__Hbank8                                                  bank8        000000
__Hbank9                                                  bank9        000000
__Hbigbss                                                 bigbss       000000
__Hbigdata                                                bigdata      000000
__Hbigram                                                 bigram       000000
__Hbigsfr                                                 bigsfr       000000
__Hbss                                                    bss          000000
__HbssCOMRAM                                              bssCOMRAM    000000
__Hcinit                                                  cinit        000000
__Hclrtext                                                clrtext      000000
__Hcomram                                                 comram       000000
__Hconfig                                                 config       30001F
__Hconst                                                  const        000000
__HcstackCOMRAM                                           cstackCOMRAM 000000
__Hdata                                                   data         000000
__Heeprom_data                                            eeprom_data  000000
__Hfarbss                                                 farbss       000000
__Hfardata                                                fardata      000000
__Hheap                                                   heap         000000
__Hibigdata                                               ibigdata     000000
__Hidata                                                  idata        000000
__Hidloc                                                  idloc        000000
__Hifardata                                               ifardata     000000
__Hinit                                                   init         020000
__Hintsave_regs                                           intsave_regs 000000
__Hirdata                                                 irdata       000000
__Hmediumconst                                            mediumconst  000000
__HnvFARRAM                                               nvFARRAM     000000
__Hnvbit                                                  nvbit        000000
__Hnvrram                                                 nvrram       000000
__Hparam                                                  rparam       000000
__Hpowerup                                                powerup      000000
__Hram                                                    ram          000000
__Hramtop                                                 ramtop       004000
__Hrbit                                                   rbit         000000
__Hrbss                                                   rbss         000000
__Hrdata                                                  rdata        000000
__Hreset_vec                                              reset_vec    000004
__Hrparam                                                 rparam       000000
__Hsfr                                                    sfr          000000
__Hsmallconst                                             smallconst   00405A
__Hspace_0                                                (abs)        020000
__Hspace_1                                                (abs)        000548
__Hspace_2                                                (abs)        000000
__Hspace_4                                                (abs)        60001F
__Hstack                                                  stack        000000
__Hstruct                                                 struct       000000
__Htemp                                                   temp         000000
__Htext                                                   text         000000
__Htext0                                                  text0        000000
__Htext1                                                  text1        000000
__Htext10                                                 text10       000000
__Htext11                                                 text11       000000
__Htext12                                                 text12       000000
__Htext13                                                 text13       000000
__Htext14                                                 text14       000000
__Htext15                                                 text15       000000
__Htext16                                                 text16       000000
__Htext17                                                 text17       000000
__Htext18                                                 text18       000000
__Htext19                                                 text19       000000
__Htext2                                                  text2        000000
__Htext20                                                 text20       000000
__Htext21                                                 text21       000000
__Htext22                                                 text22       000000
__Htext23                                                 text23       000000
__Htext24                                                 text24       000000
__Htext25                                                 text25       000000
__Htext26                                                 text26       000000
__Htext27                                                 text27       000000
__Htext28                                                 text28       000000
__Htext29                                                 text29       000000
__Htext3                                                  text3        000000
__Htext30                                                 text30       000000
__Htext31                                                 text31       000000
__Htext32                                                 text32       000000
__Htext33                                                 text33       000000
__Htext34                                                 text34       000000
__Htext35                                                 text35       000000
__Htext36                                                 text36       000000
__Htext37                                                 text37       000000
__Htext38                                                 text38       000000
__Htext39                                                 text39       000000
__Htext4                                                  text4        000000
__Htext40                                                 text40       000000
__Htext41                                                 text41       000000
__Htext42                                                 text42       000000
__Htext43                                                 text43       000000
__Htext44                                                 text44       000000
__Htext45                                                 text45       000000
__Htext46                                                 text46       000000
__Htext47                                                 text47       000000
__Htext48                                                 text48       000000
__Htext49                                                 text49       000000
__Htext5                                                  text5        000000
__Htext50                                                 text50       000000
__Htext51                                                 text51       000000
__Htext52                                                 text52       000000
__Htext53                                                 text53       000000
__Htext54                                                 text54       000000
__Htext55                                                 text55       000000
__Htext56                                                 text56       000000
__Htext57                                                 text57       000000
__Htext58                                                 text58       000000
__Htext59                                                 text59       000000
__Htext6                                                  text6        000000
__Htext60                                                 text60       000000
__Htext61                                                 text61       000000
__Htext62                                                 text62       000000
__Htext63                                                 text63       000000
__Htext64                                                 text64       000000
__Htext65                                                 text65       000000
__Htext66                                                 text66       000000
__Htext67                                                 text67       000000
__Htext68                                                 text68       000000
__Htext69                                                 text69       000000
__Htext7                                                  text7        000000
__Htext70                                                 text70       000000
__Htext71                                                 text71       000000
__Htext72                                                 text72       000000
__Htext73                                                 text73       000000
__Htext74                                                 text74       000000
__Htext75                                                 text75       000000
__Htext76                                                 text76       000000
__Htext77                                                 text77       000000
__Htext8                                                  text8        000000
__Htext9                                                  text9        000000
__LRAM                                                    (abs)        000001
__L__absolute__                                           __absolute__ 000000
__Labs1                                                   abs1         000000
__Lbank10                                                 bank10       000000
__Lbank11                                                 bank11       000000
__Lbank12                                                 bank12       000000
__Lbank13                                                 bank13       000000
__Lbank14                                                 bank14       000000
__Lbank15                                                 bank15       000000
__Lbank16                                                 bank16       000000
__Lbank17                                                 bank17       000000
__Lbank18                                                 bank18       000000
__Lbank19                                                 bank19       000000
__Lbank20                                                 bank20       000000
__Lbank21                                                 bank21       000000
__Lbank22                                                 bank22       000000
__Lbank23                                                 bank23       000000
__Lbank24                                                 bank24       000000
__Lbank25                                                 bank25       000000
__Lbank26                                                 bank26       000000
__Lbank27                                                 bank27       000000
__Lbank28                                                 bank28       000000
__Lbank29                                                 bank29       000000
__Lbank30                                                 bank30       000000
__Lbank31                                                 bank31       000000
__Lbank32                                                 bank32       000000
__Lbank33                                                 bank33       000000
__Lbank34                                                 bank34       000000
__Lbank35                                                 bank35       000000
__Lbank36                                                 bank36       000000
__Lbank37                                                 bank37       000000
__Lbank38                                                 bank38       000000
__Lbank39                                                 bank39       000000
__Lbank40                                                 bank40       000000
__Lbank41                                                 bank41       000000
__Lbank42                                                 bank42       000000
__Lbank43                                                 bank43       000000
__Lbank44                                                 bank44       000000
__Lbank45                                                 bank45       000000
__Lbank46                                                 bank46       000000
__Lbank47                                                 bank47       000000
__Lbank48                                                 bank48       000000
__Lbank49                                                 bank49       000000
__Lbank5                                                  bank5        000000
__Lbank50                                                 bank50       000000
__Lbank51                                                 bank51       000000
__Lbank52                                                 bank52       000000
__Lbank53                                                 bank53       000000
__Lbank54                                                 bank54       000000
__Lbank6                                                  bank6        000000
__Lbank7                                                  bank7        000000
__Lbank8                                                  bank8        000000
__Lbank9                                                  bank9        000000
__Lbigbss                                                 bigbss       000000
__Lbigdata                                                bigdata      000000
__Lbigram                                                 bigram       000000
__Lbigsfr                                                 bigsfr       000000
__Lbss                                                    bss          000000
__LbssCOMRAM                                              bssCOMRAM    000000
__Lcinit                                                  cinit        000000
__Lclrtext                                                clrtext      000000
__Lcomram                                                 comram       000000
__Lconfig                                                 config       000000
__Lconst                                                  const        000000
__LcstackCOMRAM                                           cstackCOMRAM 000000
__Ldata                                                   data         000000
__Leeprom_data                                            eeprom_data  000000
__Lfarbss                                                 farbss       000000
__Lfardata                                                fardata      000000
__Lheap                                                   heap         000000
__Libigdata                                               ibigdata     000000
__Lidata                                                  idata        000000
__Lidloc                                                  idloc        000000
__Lifardata                                               ifardata     000000
__Linit                                                   init         01FFFC
__Lintsave_regs                                           intsave_regs 000000
__Lirdata                                                 irdata       000000
__Lmediumconst                                            mediumconst  000000
__LnvFARRAM                                               nvFARRAM     000000
__Lnvbit                                                  nvbit        000000
__Lnvrram                                                 nvrram       000000
__Lparam                                                  rparam       000000
__Lpowerup                                                powerup      000000
__Lram                                                    ram          000000
__Lramtop                                                 ramtop       004000
__Lrbit                                                   rbit         000000
__Lrbss                                                   rbss         000000
__Lrdata                                                  rdata        000000
__Lreset_vec                                              reset_vec    000000
__Lrparam                                                 rparam       000000
__Lsfr                                                    sfr          000000
__Lsmallconst                                             smallconst   004000
__Lspace_0                                                (abs)        000000
__Lspace_1                                                (abs)        000000
__Lspace_2                                                (abs)        000000
__Lspace_4                                                (abs)        000000
__Lstack                                                  stack        000000
__Lstruct                                                 struct       000000
__Ltemp                                                   temp         000000
__Ltext                                                   text         000000
__Ltext0                                                  text0        000000
__Ltext1                                                  text1        000000
__Ltext10                                                 text10       000000
__Ltext11                                                 text11       000000
__Ltext12                                                 text12       000000
__Ltext13                                                 text13       000000
__Ltext14                                                 text14       000000
__Ltext15                                                 text15       000000
__Ltext16                                                 text16       000000
__Ltext17                                                 text17       000000
__Ltext18                                                 text18       000000
__Ltext19                                                 text19       000000
__Ltext2                                                  text2        000000
__Ltext20                                                 text20       000000
__Ltext21                                                 text21       000000
__Ltext22                                                 text22       000000
__Ltext23                                                 text23       000000
__Ltext24                                                 text24       000000
__Ltext25                                                 text25       000000
__Ltext26                                                 text26       000000
__Ltext27                                                 text27       000000
__Ltext28                                                 text28       000000
__Ltext29                                                 text29       000000
__Ltext3                                                  text3        000000
__Ltext30                                                 text30       000000
__Ltext31                                                 text31       000000
__Ltext32                                                 text32       000000
__Ltext33                                                 text33       000000
__Ltext34                                                 text34       000000
__Ltext35                                                 text35       000000
__Ltext36                                                 text36       000000
__Ltext37                                                 text37       000000
__Ltext38                                                 text38       000000
__Ltext39                                                 text39       000000
__Ltext4                                                  text4        000000
__Ltext40                                                 text40       000000
__Ltext41                                                 text41       000000
__Ltext42                                                 text42       000000
__Ltext43                                                 text43       000000
__Ltext44                                                 text44       000000
__Ltext45                                                 text45       000000
__Ltext46                                                 text46       000000
__Ltext47                                                 text47       000000
__Ltext48                                                 text48       000000
__Ltext49                                                 text49       000000
__Ltext5                                                  text5        000000
__Ltext50                                                 text50       000000
__Ltext51                                                 text51       000000
__Ltext52                                                 text52       000000
__Ltext53                                                 text53       000000
__Ltext54                                                 text54       000000
__Ltext55                                                 text55       000000
__Ltext56                                                 text56       000000
__Ltext57                                                 text57       000000
__Ltext58                                                 text58       000000
__Ltext59                                                 text59       000000
__Ltext6                                                  text6        000000
__Ltext60                                                 text60       000000
__Ltext61                                                 text61       000000
__Ltext62                                                 text62       000000
__Ltext63                                                 text63       000000
__Ltext64                                                 text64       000000
__Ltext65                                                 text65       000000
__Ltext66                                                 text66       000000
__Ltext67                                                 text67       000000
__Ltext68                                                 text68       000000
__Ltext69                                                 text69       000000
__Ltext7                                                  text7        000000
__Ltext70                                                 text70       000000
__Ltext71                                                 text71       000000
__Ltext72                                                 text72       000000
__Ltext73                                                 text73       000000
__Ltext74                                                 text74       000000
__Ltext75                                                 text75       000000
__Ltext76                                                 text76       000000
__Ltext77                                                 text77       000000
__Ltext8                                                  text8        000000
__Ltext9                                                  text9        000000
__S0                                                      (abs)        020000
__S1                                                      (abs)        000548
__S4                                                      (abs)        000000
__S5                                                      (abs)        000000
___heap_hi                                                (abs)        000000
___heap_lo                                                (abs)        000000
___inthi_sp                                               stack        000000
___inthi_stack_hi                                         stack        000000
___inthi_stack_lo                                         stack        000000
___intlo_sp                                               stack        000000
___intlo_stack_hi                                         stack        000000
___intlo_stack_lo                                         stack        000000
___param_bank                                             (abs)        000000
___rparam_used                                            (abs)        000001
___sp                                                     stack        000000
___stack_hi                                               stack        000000
___stack_lo                                               stack        000000
__accesstop                                               (abs)        000560
__activetblptr                                            (abs)        000003
__end_of_I2C1_CallbackReturnReset                         text52       004E50
__end_of_I2C1_CallbackReturnStop                          text53       004E54
__end_of_I2C1_ClearInterruptFlags                         text67       004816
__end_of_I2C1_Close                                       text74       004B7C
__end_of_I2C1_DO_ADDRESS_NACK                             text22       004630
__end_of_I2C1_DO_BUS_COLLISION                            text21       004558
__end_of_I2C1_DO_BUS_ERROR                                text20       004D8C
__end_of_I2C1_DO_IDLE                                     text37       004DF2
__end_of_I2C1_DO_RESET                                    text23       004DA6
__end_of_I2C1_DO_RX                                       text33       0043EA
__end_of_I2C1_DO_RX_ACK                                   text26       004DEA
__end_of_I2C1_DO_RX_EMPTY                                 text31       00435A
__end_of_I2C1_DO_RX_NACK_RESTART                          text24       004DE2
__end_of_I2C1_DO_RX_NACK_STOP                             text25       004D9A
__end_of_I2C1_DO_SEND_ADR_READ                            text36       004B52
__end_of_I2C1_DO_SEND_ADR_WRITE                           text35       004D48
__end_of_I2C1_DO_SEND_RESTART                             text28       004E48
__end_of_I2C1_DO_SEND_RESTART_READ                        text30       004DB2
__end_of_I2C1_DO_SEND_RESTART_WRITE                       text29       004E4C
__end_of_I2C1_DO_SEND_STOP                                text27       004BA4
__end_of_I2C1_DO_TX                                       text34       00417A
__end_of_I2C1_DO_TX_ACK                                   text38       004DFA
__end_of_I2C1_DO_TX_EMPTY                                 text32       0044E4
__end_of_I2C1_Initialize                                  text5        004C2C
__end_of_I2C1_MasterClearCountFlag                        text73       004E3E
__end_of_I2C1_MasterClearIrq                              text77       004E44
__end_of_I2C1_MasterClearNackFlag                         text72       004E38
__end_of_I2C1_MasterClearStopFlag                         text71       004E32
__end_of_I2C1_MasterClose                                 text76       004DD2
__end_of_I2C1_MasterDisableIrq                            text75       004C80
__end_of_I2C1_MasterDisableRestart                        text50       004E2C
__end_of_I2C1_MasterEnableRestart                         text49       004E26
__end_of_I2C1_MasterFsm                                   text19       004704
__end_of_I2C1_MasterGetCounter                            text41       004E08
__end_of_I2C1_MasterGetRxData                             text46       004E20
__end_of_I2C1_MasterIsCountFlagSet                        text70       004D34
__end_of_I2C1_MasterIsNack                                text40       004CDC
__end_of_I2C1_MasterIsNackFlagSet                         text69       004D1E
__end_of_I2C1_MasterIsRxBufFull                           text45       004CF2
__end_of_I2C1_MasterIsStopFlagSet                         text68       004D08
__end_of_I2C1_MasterIsTxBufEmpty                          text39       004CC6
__end_of_I2C1_MasterOpen                                  text14       004BEA
__end_of_I2C1_MasterOperation                             text16       004860
__end_of_I2C1_MasterResetBus                              text51       004DC8
__end_of_I2C1_MasterSendAck                               text44       004E1A
__end_of_I2C1_MasterSendNack                              text43       004E14
__end_of_I2C1_MasterSendTxData                            text47       004E02
__end_of_I2C1_MasterSetCounter                            text48       004DBE
__end_of_I2C1_MasterStop                                  text42       004E0E
__end_of_I2C1_MasterWaitForEvent                          text18       0047C4
__end_of_I2C1_MasterWrite                                 text15       004DDA
__end_of_I2C1_Open                                        text13       0042BC
__end_of_I2C1_Poller                                      text17       004C48
__end_of_I2C1_SetBuffer                                   text66       004C0C
__end_of_I2C1_SetBuffer_4bitmode                          text12       00421C
__end_of_I2C1_SetCallback                                 text65       00446A
__end_of_I2C1_SetDataCompleteCallback                     text64       004C64
__end_of_LCD_clear                                        text10       004C9A
__end_of_LCD_init                                         text8        0045C4
__end_of_LCD_send_byte                                    text11       004BC8
__end_of_LCD_send_nibble_cmd                              text9        0049A8
__end_of_LCD_set_cursor                                   text7        00496C
__end_of_LCD_write_string                                 text6        00476A
__end_of_OSCILLATOR_Initialize                            text4        004D7E
__end_of_PIN_MANAGER_Initialize                           text3        00469A
__end_of_PMD_Initialize                                   text2        004CB0
__end_of_SYSTEM_Initialize                                text1        004D6C
__end_of__initialization                                  cinit        004D54
__end_of_i2c1_fsmStateTable                               smallconst   00403A
__end_of_main                                             text0        0048A8
__end_of_rd1RegCompleteHandler                            text61       004AC8
__end_of_rd1RegCompleteHandler@i2c1_master_example$F145   text57       004A38
__end_of_rd2RegCompleteHandler                            text60       004A98
__end_of_rd2RegCompleteHandler@i2c1_master_example$F156   text56       004A08
__end_of_rdBlkRegCompleteHandler                          text58       004930
__end_of_rdBlkRegCompleteHandler@i2c1_master_example$F179 text54       0048EC
__end_of_wr1RegCompleteHandler                            text62       004AF8
__end_of_wr1RegCompleteHandler@i2c1_master_example$F162   text55       0049D8
__end_of_wr2RegCompleteHandler                            text59       004A68
__end_of_wr2RegCompleteHandler@i2c1_master_example$F168   text63       004B28
__initialization                                          cinit        004D48
__mediumconst                                             smallconst   004000
__pbssCOMRAM                                              bssCOMRAM    000501
__pcinit                                                  cinit        004D48
__pcstackCOMRAM                                           cstackCOMRAM 00052B
__psmallconst                                             smallconst   004000
__ptext0                                                  text0        004860
__ptext1                                                  text1        004D5A
__ptext10                                                 text10       004C80
__ptext11                                                 text11       004BA4
__ptext12                                                 text12       00417A
__ptext13                                                 text13       00421C
__ptext14                                                 text14       004BC8
__ptext15                                                 text15       004DD2
__ptext16                                                 text16       004816
__ptext17                                                 text17       004C2C
__ptext18                                                 text18       00476A
__ptext19                                                 text19       00469A
__ptext2                                                  text2        004C9A
__ptext20                                                 text20       004D7E
__ptext21                                                 text21       0044E4
__ptext22                                                 text22       0045C4
__ptext23                                                 text23       004D9A
__ptext24                                                 text24       004DDA
__ptext25                                                 text25       004D8C
__ptext26                                                 text26       004DE2
__ptext27                                                 text27       004B7C
__ptext28                                                 text28       004E44
__ptext29                                                 text29       004E48
__ptext3                                                  text3        004630
__ptext30                                                 text30       004DA6
__ptext31                                                 text31       0042BC
__ptext32                                                 text32       00446A
__ptext33                                                 text33       00435A
__ptext34                                                 text34       00405A
__ptext35                                                 text35       004D34
__ptext36                                                 text36       004B28
__ptext37                                                 text37       004DEA
__ptext38                                                 text38       004DF2
__ptext39                                                 text39       004CB0
__ptext4                                                  text4        004D6C
__ptext40                                                 text40       004CC6
__ptext41                                                 text41       004E02
__ptext42                                                 text42       004E08
__ptext43                                                 text43       004E0E
__ptext44                                                 text44       004E14
__ptext45                                                 text45       004CDC
__ptext46                                                 text46       004E1A
__ptext47                                                 text47       004DFA
__ptext48                                                 text48       004DB2
__ptext49                                                 text49       004E20
__ptext5                                                  text5        004C0C
__ptext50                                                 text50       004E26
__ptext51                                                 text51       004DBE
__ptext52                                                 text52       004E4C
__ptext53                                                 text53       004E50
__ptext54                                                 text54       0048A8
__ptext55                                                 text55       0049A8
__ptext56                                                 text56       0049D8
__ptext57                                                 text57       004A08
__ptext58                                                 text58       0048EC
__ptext59                                                 text59       004A38
__ptext6                                                  text6        004704
__ptext60                                                 text60       004A68
__ptext61                                                 text61       004A98
__ptext62                                                 text62       004AC8
__ptext63                                                 text63       004AF8
__ptext64                                                 text64       004C48
__ptext65                                                 text65       0043EA
__ptext66                                                 text66       004BEA
__ptext67                                                 text67       0047C4
__ptext68                                                 text68       004CF2
__ptext69                                                 text69       004D08
__ptext7                                                  text7        004930
__ptext70                                                 text70       004D1E
__ptext71                                                 text71       004E2C
__ptext72                                                 text72       004E32
__ptext73                                                 text73       004E38
__ptext74                                                 text74       004B52
__ptext75                                                 text75       004C64
__ptext76                                                 text76       004DC8
__ptext77                                                 text77       004E3E
__ptext8                                                  text8        004558
__ptext9                                                  text9        00496C
__ramtop                                                  ramtop       004000
__smallconst                                              smallconst   004000
_i2c1_fsmStateTable                                       smallconst   004001
_main                                                     text0        004860
_rd1RegCompleteHandler                                    text61       004A98
_rd1RegCompleteHandler@i2c1_master_example$F145           text57       004A08
_rd2RegCompleteHandler                                    text60       004A68
_rd2RegCompleteHandler@i2c1_master_example$F156           text56       0049D8
_rdBlkRegCompleteHandler                                  text58       0048EC
_rdBlkRegCompleteHandler@i2c1_master_example$F179         text54       0048A8
_wr1RegCompleteHandler                                    text62       004AC8
_wr1RegCompleteHandler@i2c1_master_example$F162           text55       0049A8
_wr2RegCompleteHandler                                    text59       004A38
_wr2RegCompleteHandler@i2c1_master_example$F168           text63       004AF8
end_of_initialization                                     cinit        004D54
intlevel0                                                 text         000000
intlevel1                                                 text         000000
intlevel2                                                 text         000000
intlevel3                                                 text         000000
isa$std                                                   (abs)        000001
isa$xinst                                                 (abs)        000000
rd1RegCompleteHandler@i2c1_master_example$F145@ptr        cstackCOMRAM 000536
rd1RegCompleteHandler@p                                   cstackCOMRAM 000536
rd2RegCompleteHandler@i2c1_master_example$F156@ptr        cstackCOMRAM 000536
rd2RegCompleteHandler@p                                   cstackCOMRAM 000536
rdBlkRegCompleteHandler@i2c1_master_example$F179@ptr      cstackCOMRAM 000536
rdBlkRegCompleteHandler@p                                 cstackCOMRAM 000536
stackhi                                                   (abs)        000000
stacklo                                                   (abs)        000000
start                                                     init         01FFFC
start_initialization                                      cinit        004D48
wr1RegCompleteHandler@i2c1_master_example$F162@ptr        cstackCOMRAM 000536
wr1RegCompleteHandler@p                                   cstackCOMRAM 000536
wr2RegCompleteHandler@i2c1_master_example$F168@ptr        cstackCOMRAM 000536
wr2RegCompleteHandler@p                                   cstackCOMRAM 000536


MODULE INFORMATION

Module		Function		Class		Link	Load	Size
mcc_generated_files/examples/i2c1_master_example.c
		_rdBlkRegCompleteHandler@i2c1_master_example$F179		CODE           	48A8	0000	68
		_rd1RegCompleteHandler@i2c1_master_example$F145		CODE           	4A08	0000	48
		_rd2RegCompleteHandler@i2c1_master_example$F156		CODE           	49D8	0000	48
		_wr1RegCompleteHandler@i2c1_master_example$F162		CODE           	49A8	0000	48
		_wr2RegCompleteHandler@i2c1_master_example$F168		CODE           	4AF8	0000	48

mcc_generated_files/examples/i2c1_master_example.c estimated size: 260

mcc_generated_files/i2c1_master.c
		_I2C1_DO_SEND_RESTART		CODE           	4E44	0000	4
		_I2C1_MasterIsNackFlagSet		CODE           	4D08	0000	22
		_I2C1_DO_RX_EMPTY		CODE           	42BC	0000	158
		_I2C1_DO_TX_EMPTY		CODE           	446A	0000	122
		_I2C1_DO_SEND_RESTART_READ		CODE           	4DA6	0000	12
		_I2C1_MasterClearNackFlag		CODE           	4E32	0000	6
		_I2C1_CallbackReturnStop		CODE           	4E50	0000	4
		_I2C1_DO_RX    		CODE           	435A	0000	144
		_I2C1_DO_TX    		CODE           	405A	0000	288
		_I2C1_DO_IDLE  		CODE           	4DEA	0000	8
		_I2C1_MasterOpen		CODE           	4BC8	0000	34
		_I2C1_MasterSendTxData		CODE           	4DFA	0000	8
		_I2C1_MasterStop		CODE           	4E08	0000	6
		_I2C1_MasterIsStopFlagSet		CODE           	4CF2	0000	22
		_I2C1_CallbackReturnReset		CODE           	4E4C	0000	4
		_I2C1_DO_RESET 		CODE           	4D9A	0000	12
		_I2C1_Poller   		CODE           	4C2C	0000	28
		_I2C1_DO_RX_ACK		CODE           	4DE2	0000	8
		_I2C1_DO_TX_ACK		CODE           	4DF2	0000	8
		_I2C1_MasterWaitForEvent		CODE           	476A	0000	90
		_I2C1_MasterSendNack		CODE           	4E0E	0000	6
		_I2C1_DO_RX_NACK_RESTART		CODE           	4DDA	0000	8
		_I2C1_MasterDisableIrq		CODE           	4C64	0000	28
		_I2C1_ClearInterruptFlags		CODE           	47C4	0000	82
		_I2C1_MasterOperation		CODE           	4816	0000	74
		_I2C1_MasterClearStopFlag		CODE           	4E2C	0000	6
		_I2C1_SetCallback		CODE           	43EA	0000	128
		_I2C1_MasterEnableRestart		CODE           	4E20	0000	6
		_I2C1_MasterGetCounter		CODE           	4E02	0000	6
		_I2C1_MasterSetCounter		CODE           	4DB2	0000	12
		_I2C1_Open     		CODE           	421C	0000	160
		_I2C1_DO_ADDRESS_NACK		CODE           	45C4	0000	108
		_I2C1_MasterDisableRestart		CODE           	4E26	0000	6
		_I2C1_MasterClearCountFlag		CODE           	4E38	0000	6
		_I2C1_SetBuffer		CODE           	4BEA	0000	34
		_I2C1_DO_SEND_RESTART_WRITE		CODE           	4E48	0000	4
		_I2C1_MasterIsTxBufEmpty		CODE           	4CB0	0000	22
		_I2C1_MasterClose		CODE           	4DC8	0000	10
		_I2C1_MasterWrite		CODE           	4DD2	0000	8
		_I2C1_Initialize		CODE           	4C0C	0000	32
		_I2C1_Close    		CODE           	4B52	0000	42
		_I2C1_MasterIsRxBufFull		CODE           	4CDC	0000	22
		_I2C1_MasterIsNack		CODE           	4CC6	0000	22
		_I2C1_DO_SEND_ADR_WRITE		CODE           	4D34	0000	20
		_I2C1_MasterClearIrq		CODE           	4E3E	0000	6
		_I2C1_SetDataCompleteCallback		CODE           	4C48	0000	28
		_I2C1_DO_SEND_STOP		CODE           	4B7C	0000	40
		_I2C1_DO_BUS_COLLISION		CODE           	44E4	0000	116
		_I2C1_DO_BUS_ERROR		CODE           	4D7E	0000	14
		_I2C1_MasterSendAck		CODE           	4E14	0000	6
		_I2C1_MasterFsm		CODE           	469A	0000	106
		_I2C1_MasterGetRxData		CODE           	4E1A	0000	6
		_I2C1_MasterResetBus		CODE           	4DBE	0000	10
		_I2C1_MasterIsCountFlagSet		CODE           	4D1E	0000	22
		_I2C1_DO_SEND_ADR_READ		CODE           	4B28	0000	42
		_I2C1_DO_RX_NACK_STOP		CODE           	4D8C	0000	14

mcc_generated_files/i2c1_master.c estimated size: 2250

mcc_generated_files/pin_manager.c
		_PIN_MANAGER_Initialize		CODE           	4630	0000	106

mcc_generated_files/pin_manager.c estimated size: 106

mcc_generated_files/drivers/i2c_simple_master.c
		_wr1RegCompleteHandler		CODE           	4AC8	0000	48
		_wr2RegCompleteHandler		CODE           	4A38	0000	48
		_rdBlkRegCompleteHandler		CODE           	48EC	0000	68
		_rd1RegCompleteHandler		CODE           	4A98	0000	48
		_rd2RegCompleteHandler		CODE           	4A68	0000	48

mcc_generated_files/drivers/i2c_simple_master.c estimated size: 260

shared
		__initialization		CODE           	4D48	0000	12
		_i2c1_fsmStateTable		SMALLCONST     	4001	0000	57

shared estimated size: 69

mcc_generated_files/mcc.c
		_PMD_Initialize		CODE           	4C9A	0000	22
		_OSCILLATOR_Initialize		CODE           	4D6C	0000	18
		_SYSTEM_Initialize		CODE           	4D5A	0000	18

mcc_generated_files/mcc.c estimated size: 58

main.c
		_main          		CODE           	4860	0000	72

main.c estimated size: 72

LCD.c
		_LCD_set_cursor		CODE           	4930	0000	60
		_LCD_clear     		CODE           	4C80	0000	26
		_LCD_send_nibble_cmd		CODE           	496C	0000	60
		_LCD_write_string		CODE           	4704	0000	102
		_LCD_init      		CODE           	4558	0000	108
		_LCD_send_byte 		CODE           	4BA4	0000	36
		_I2C1_SetBuffer_4bitmode		CODE           	417A	0000	162

LCD.c estimated size: 554

