../Core/Src/main.c:83:6:display_flush_cb	40	static
../Core/Src/main.c:109:5:main	24	static
../Core/Src/main.c:188:6:SystemClock_Config	88	static
../Core/Src/main.c:245:13:MX_CAN1_Init	8	static
../Core/Src/main.c:282:13:MX_CAN2_Init	8	static
../Core/Src/main.c:319:13:MX_I2C1_Init	8	static
../Core/Src/main.c:367:13:MX_SPI1_Init	8	static
../Core/Src/main.c:407:13:MX_TIM10_Init	40	static
../Core/Src/main.c:453:13:MX_UART4_Init	8	static
../Core/Src/main.c:484:13:MX_FMC_Init	40	static
../Core/Src/main.c:542:13:MX_GPIO_Init	64	static
../Core/Src/main.c:614:6:Error_Handler	4	static,ignoring_inline_asm
