Microchip MPLAB XC8 Compiler V3.00

Linker command line:

-W-3 \
  --edf=C:\Program Files\Microchip\xc8\v3.00\pic\dat\20241204225717_en.msgs \
  -pivt0x8=08h -cn \
  -h+dist/default/production\dash-firmware.X.production.sym \
  --cmf=dist/default/production\dash-firmware.X.production.cmf -z \
  -Q18F47Q84 -oC:\Users\Adam\AppData\Local\Temp\xcAs168g.\driver_tmp_3.o \
  --defsym=__MPLAB_BUILD=1 --fixupoverflow=error \
  -Mdist/default/production/dash-firmware.X.production.map \
  --md=C:\Users\Adam\AppData\Local\Temp\xcAs168g.\driver_tmp_0.dat -E1 \
  -ver=XC8 Compiler -ACODE=00h-01FFFFh -ACONST=00h-01FFFFh \
  -ASMALLCONST=04000h-040FFhx192,014000h-0140FFhx192 \
  -AMEDIUMCONST=04000h-0FFFFh,014000h-01FFFFh -ACOMRAM=0501h-055Fh \
  -AABS1=0500h-036FFh -ABIGRAM=0501h-036FFh \
  -ARAM=0560h-05FFh,0600h-06FFhx49 -ABANK5=0560h-05FFh -ABANK6=0600h-06FFh \
  -ABANK7=0700h-07FFh -ABANK8=0800h-08FFh -ABANK9=0900h-09FFh \
  -ABANK10=0A00h-0AFFh -ABANK11=0B00h-0BFFh -ABANK12=0C00h-0CFFh \
  -ABANK13=0D00h-0DFFh -ABANK14=0E00h-0EFFh -ABANK15=0F00h-0FFFh \
  -ABANK16=01000h-010FFh -ABANK17=01100h-011FFh -ABANK18=01200h-012FFh \
  -ABANK19=01300h-013FFh -ABANK20=01400h-014FFh -ABANK21=01500h-015FFh \
  -ABANK22=01600h-016FFh -ABANK23=01700h-017FFh -ABANK24=01800h-018FFh \
  -ABANK25=01900h-019FFh -ABANK26=01A00h-01AFFh -ABANK27=01B00h-01BFFh \
  -ABANK28=01C00h-01CFFh -ABANK29=01D00h-01DFFh -ABANK30=01E00h-01EFFh \
  -ABANK31=01F00h-01FFFh -ABANK32=02000h-020FFh -ABANK33=02100h-021FFh \
  -ABANK34=02200h-022FFh -ABANK35=02300h-023FFh -ABANK36=02400h-024FFh \
  -ABANK37=02500h-025FFh -ABANK38=02600h-026FFh -ABANK39=02700h-027FFh \
  -ABANK40=02800h-028FFh -ABANK41=02900h-029FFh -ABANK42=02A00h-02AFFh \
  -ABANK43=02B00h-02BFFh -ABANK44=02C00h-02CFFh -ABANK45=02D00h-02DFFh \
  -ABANK46=02E00h-02EFFh -ABANK47=02F00h-02FFFh -ABANK48=03000h-030FFh \
  -ABANK49=03100h-031FFh -ABANK50=03200h-032FFh -ABANK51=03300h-033FFh \
  -ABANK52=03400h-034FFh -ABANK53=03500h-035FFh -ABANK54=03600h-036FFh \
  -ASFR=00h-0FFhx4,0400h-045Fh,0460h-04FFh,03700h-037FFhx9 \
  -ABIGSFR=00h-04FFh,03700h-03FFFh -ACONFIG=0300000h-0300023h \
  -AIDLOC=0200000h-020003Fh -AEEDATA=0380000h-03803FFh -peeprom_data=EEDATA \
  -preset_vec=00h -ppowerup=CODE,init -pramtop=04000h \
  -psmallconst=SMALLCONST -pmediumconst=MEDIUMCONST -pconst=CONST \
  -AFARRAM=00h-00h \
  -prdata=COMRAM,nvrram=COMRAM,nvbit=COMRAM,rbss=COMRAM,rbit=COMRAM \
  -pfarbss=FARRAM,fardata=FARRAM,nvFARRAM=FARRAM \
  -pintsave_regs=BIGRAM,bigbss=BIGRAM,bigdata=BIGRAM -pbss=RAM \
  -pidata=CODE,irdata=CODE,ibigdata=CODE,ifardata=CODE -prparam=COMRAM \
  C:\Users\Adam\AppData\Local\Temp\xcAs168g.\driver_tmp_14.o \
  dist/default/production\dash-firmware.X.production.o 

Object code version is 3.11

Machine type is 18F47Q84



                Name                               Link     Load   Length Selector   Space Scale
C:\Users\Adam\AppData\Local\Temp\xcAs168g.\driver_tmp_14.o
                config                           300000   300000       1F        0       4
                init                                 1A       1A        4        4       0
                reset_vec                             0        0        4        0       0
dist/default/production\dash-firmware.X.production.o
                config                           300000   300000       1F        0       4
                mediumconst                        FD52     FD52      2AE     7EA9       0
                ivt0x8                                8        8       12        4       0
                text237                           1DF1A    1DF1A       16     8000       0
                text236                           1DF04    1DF04       16     8000       0
                text235                           1DD7E    1DD7E       1A     8000       0
                text234                           1DE10    1DE10       18     8000       0
                text233                           1E0BA    1E0BA        A     8000       0
                text232                           1B128    1B128       D6     8000       0
                text231                           1D102    1D102       50     8000       0
                text230                           18AC2    18AC2      22A     8000       0
                text229                           1D4DE    1D4DE       3C     8000       0
                text228                           1C3E0    1C3E0       92     8000       0
                text227                           1B922    1B922       C2     8000       0
                text226                           1BE2A    1BE2A       AE     8000       0
                text225                           17560    17560      390     8000       0
                text224                           1BF84    1BF84       AA     8000       0
                text223                           1A994    1A994      104     8000       0
                text222                           16DA8    16DA8      426     8000       0
                text221                           1D6AC    1D6AC       38     8000       0
                text220                           164CA    164CA      4B6     8000       0
                text219                           1D358    1D358       46     8000       0
                text218                           1A88E    1A88E      106     8000       0
                text217                           1AB98    1AB98       FE     8000       0
                text216                           18F02    18F02      212     8000       0
                text215                           1DEEE    1DEEE       16     8000       0
                text214                           1E0B0    1E0B0        A     8000       0
                text213                           1B6D2    1B6D2       CA     8000       0
                text212                           1D39E    1D39E       44     8000       0
                text211                           1D786    1D786       36     8000       0
                text210                           1BB5E    1BB5E       BA     8000       0
                text209                           1D4A2    1D4A2       3C     8000       0
                text208                           14168    14168      CC8     8000       0
                text207                           1B050    1B050       D8     8000       0
                text206                           19D3C    19D3C      186     8000       0
                text205                           1A1A4    1A1A4      162     8000       0
                text204                           1D95C    1D95C       34     8000       0
                text203                           18128    18128      28C     8000       0
                text202                           1CF62    1CF62       56     8000       0
                text201                           12564    12564      E0E     8000       0
                text200                           194C2    194C2      1CC     8000       0
                text199                           1B606    1B606       CC     8000       0
                text198                           19A0A    19A0A      1AA     8000       0
                text197                           1AE84    1AE84       F0     8000       0
                text196                           1B2D0    1B2D0       D0     8000       0
                text195                           192EC    192EC      1D6     8000       0
                text194                           183B4    183B4      26A     8000       0
                text193                           10000    10000     12B6     8000       0
                text192                           1CDE6    1CDE6       66     8000       0
                text191                           1DBFA    1DBFA       28     8000       0
                text190                           1C69E    1C69E       88     8000       0
                text189                           1E134    1E134        6     F076       0
                text188                           1E12E    1E12E        6     F076       0
                text187                           1E158    1E158        2     F0A9       0
                text186                           1AC96    1AC96       FC     8000       0
                text185                           1D750    1D750       36     8000       0
                text184                           1DED8    1DED8       16     8000       0
                text183                           1DA82    1DA82       2E     8000       0
                text182                           1E156    1E156        2     F0A9       0
                text181                           1D9F4    1D9F4       32     8000       0
                text180                           1D602    1D602       3A     8000       0
                text179                           1CC48    1CC48       6A     8000       0
                text178                           1BC18    1BC18       B4     8000       0
                text177                           1DDF8    1DDF8       18     8000       0
                text176                           1E154    1E154        2     F0A9       0
                text175                           1C928    1C928       7A     8000       0
                text174                           1D9C2    1D9C2       32     8000       0
                text173                           1DB58    1DB58       2A     8000       0
                text172                           1D5C8    1D5C8       3A     8000       0
                text171                           1E152    1E152        2     F0A9       0
                text170                           1DDE0    1DDE0       18     8000       0
                text169                           1D990    1D990       32     8000       0
                text168                           1DB2E    1DB2E       2A     8000       0
                text167                           1DF58    1DF58       14     8000       0
                text166                           1B860    1B860       C2     8000       0
                text165                           1DDC8    1DDC8       18     8000       0
                text164                           1E128    1E128        6     F076       0
                text163                           1E0A6    1E0A6        A     8000       0
                text162                           1DD62    1DD62       1C     8000       0
                text161                           1DA54    1DA54       2E     8000       0
                text160                           1E122    1E122        6     F076       0
                text159                           1E11C    1E11C        6     F076       0
                text158                           1E116    1E116        6     F076       0
                text157                           1DEC2    1DEC2       16     8000       0
                text156                           1DEAC    1DEAC       16     8000       0
                text155                           1DE96    1DE96       16     8000       0
                text154                           1D0B0    1D0B0       52     8000       0
                text153                           1DC22    1DC22       24     8000       0
                text152                           1C726    1C726       84     8000       0
                text151                           1DD46    1DD46       1C     8000       0
                text150                           1D928    1D928       34     8000       0
                text149                           1D8F4    1D8F4       34     8000       0
                text148                           1D8C0    1D8C0       34     8000       0
                text147                           1D88C    1D88C       34     8000       0
                text146                           1D858    1D858       34     8000       0
                text145                           1D310    1D310       48     8000       0
                text144                           1D824    1D824       34     8000       0
                text143                           1D7F0    1D7F0       34     8000       0
                text142                           1D7BC    1D7BC       34     8000       0
                text141                           1D2C8    1D2C8       48     8000       0
                text140                           1E14A    1E14A        4     F076       0
                text139                           1E146    1E146        4     F076       0
                text138                           1E09C    1E09C        A     8000       0
                text137                           1E110    1E110        6     F076       0
                text136                           1E10A    1E10A        6     F076       0
                text135                           1E070    1E070        E     8000       0
                text134                           1E092    1E092        A     8000       0
                text133                           1E104    1E104        6     F076       0
                text132                           1DE80    1DE80       16     8000       0
                text131                           1E0FE    1E0FE        6     F076       0
                text130                           1E0F8    1E0F8        6     F076       0
                text129                           1E0F2    1E0F2        6     F076       0
                text128                           1E0EC    1E0EC        6     F076       0
                text127                           1DE6A    1DE6A       16     8000       0
                text126                           1DE54    1DE54       16     8000       0
                text125                           1E0DC    1E0DC        8     8000       0
                text124                           1E088    1E088        A     8000       0
                text123                           1DA26    1DA26       2E     8000       0
                text122                           1DE3E    1DE3E       16     8000       0
                text121                           1A442    1A442      128     8000       0
                text120                           1C21C    1C21C       98     8000       0
                text119                           1C8AA    1C8AA       7E     8000       0
                text118                           1C17A    1C17A       A2     8000       0
                text117                           1E062    1E062        E     8000       0
                text116                           1E142    1E142        4     F076       0
                text115                           1E13E    1E13E        4     F076       0
                text114                           1DBD2    1DBD2       28     8000       0
                text113                           1E0D4    1E0D4        8     8000       0
                text112                           1E054    1E054        E     8000       0
                text111                           1E0CC    1E0CC        8     8000       0
                text110                           1E046    1E046        E     8000       0
                text109                           1CB02    1CB02       70     8000       0
                text108                           1C9A2    1C9A2       78     8000       0
                text107                           1DFC6    1DFC6       10     8000       0
                text106                           1CA90    1CA90       72     8000       0
                text105                           1CEB0    1CEB0       5A     8000       0
                text104                           1DD0C    1DD0C       1E     8000       0
                text103                           1D05E    1D05E       52     8000       0
                text102                           1E0C4    1E0C4        8     8000       0
                text101                           1DC8A    1DC8A       22     8000       0
                text100                           1C0D4    1C0D4       A6     8000       0
                text99                            1BD7C    1BD7C       AE     8000       0
                text98                            1DBAA    1DBAA       28     8000       0
                text97                            1A306    1A306      13C     8000       0
                text96                            1D3E2    1D3E2       42     8000       0
                text95                            1C82A    1C82A       80     8000       0
                text94                            1DC68    1DC68       22     8000       0
                text93                            1DD2A    1DD2A       1C     8000       0
                text92                            1D00C    1D00C       52     8000       0
                text91                            18886    18886      23C     8000       0
                text90                            1A56A    1A56A      116     8000       0
                text89                            1B53A    1B53A       CC     8000       0
                text88                            1CA1A    1CA1A       76     8000       0
                text87                            1B79C    1B79C       C4     8000       0
                text86                            1BCCC    1BCCC       B0     8000       0
                text85                            171CE    171CE      392     8000       0
                text84                            1BED8    1BED8       AC     8000       0
                text83                            1A788    1A788      106     8000       0
                text82                            16980    16980      428     8000       0
                text81                            1D58E    1D58E       3A     8000       0
                text80                            16012    16012      4B8     8000       0
                text79                            1D280    1D280       48     8000       0
                text78                            1A680    1A680      108     8000       0
                text77                            1AA98    1AA98      100     8000       0
                text76                            18CEC    18CEC      216     8000       0
                text75                            1DDB0    1DDB0       18     8000       0
                text74                            1E038    1E038        E     8000       0
                text73                            1B46E    1B46E       CC     8000       0
                text72                            1D238    1D238       48     8000       0
                text71                            1D554    1D554       3A     8000       0
                text70                            1B9E4    1B9E4       BE     8000       0
                text69                            1D464    1D464       3E     8000       0
                text68                            14E30    14E30      CA8     8000       0
                text67                            1AF74    1AF74       DC     8000       0
                text66                            19BB4    19BB4      188     8000       0
                text65                            1A040    1A040      164     8000       0
                text64                            1D71A    1D71A       36     8000       0
                text63                            17E9A    17E9A      28E     8000       0
                text62                            1CF0A    1CF0A       58     8000       0
                text61                            13372    13372      DF6     8000       0
                text60                            1968E    1968E      1C8     8000       0
                text59                            1B3A0    1B3A0       CE     8000       0
                text58                            19856    19856      1B4     8000       0
                text57                            1AD92    1AD92       F2     8000       0
                text56                            1B1FE    1B1FE       D2     8000       0
                text55                            19114    19114      1D8     8000       0
                text54                            1861E    1861E      268     8000       0
                text53                            112B6    112B6     12AE     8000       0
                text52                            1CD80    1CD80       66     8000       0
                text51                            1DB82    1DB82       28     8000       0
                text50                            17BCA    17BCA      2D0     8000       0
                text49                            1DFB4    1DFB4       12     8000       0
                text48                            1E07E    1E07E        A     8000       0
                text47                            1C34A    1C34A       96     8000       0
                text46                            1DFA2    1DFA2       12     8000       0
                text45                            1DC46    1DC46       22     8000       0
                text44                            1DB04    1DB04       2A     8000       0
                text43                            1DF90    1DF90       12     8000       0
                text42                            1CFB8    1CFB8       54     8000       0
                text41                            1DCEC    1DCEC       20     8000       0
                text40                            1E13A    1E13A        4     F076       0
                text39                            1DF7E    1DF7E       12     8000       0
                text38                            1E02A    1E02A        E     8000       0
                text37                            1C2B4    1C2B4       96     8000       0
                text36                            1DE28    1DE28       16     8000       0
                text35                            1E01C    1E01C        E     8000       0
                text34                            1D1EE    1D1EE       4A     8000       0
                text33                            1E00E    1E00E        E     8000       0
                text32                            1D1A0    1D1A0       4E     8000       0
                text31                            1E000    1E000        E     8000       0
                text30                            1D152    1D152       4E     8000       0
                text29                            1DFF2    1DFF2        E     8000       0
                text28                            1DFE4    1DFE4        E     8000       0
                text27                            1DFD6    1DFD6        E     8000       0
                text26                            1CE4C    1CE4C       64     8000       0
                text25                            1DADA    1DADA       2A     8000       0
                text24                            1CBDE    1CBDE       6A     8000       0
                text23                            1C472    1C472       8E     8000       0
                text22                            1D674    1D674       38     8000       0
                text21                            1D424    1D424       40     8000       0
                text20                            1DCCC    1DCCC       20     8000       0
                text19                            1DF44    1DF44       14     8000       0
                text18                            1DCAC    1DCAC       20     8000       0
                text17                            1DF6C    1DF6C       12     8000       0
                text16                            1C614    1C614       8A     8000       0
                text15                            19EC2    19EC2      17E     8000       0
                text14                            1C02E    1C02E       A6     8000       0
                text13                            1CB72    1CB72       6C     8000       0
                text12                            1D51A    1D51A       3A     8000       0
                text11                            1BAA2    1BAA2       BC     8000       0
                text10                            1D63C    1D63C       38     8000       0
                text9                             178F0    178F0      2DA     8000       0
                text8                             1CD1A    1CD1A       66     8000       0
                text7                             1CCB2    1CCB2       68     8000       0
                text6                             1C58A    1C58A       8A     8000       0
                text5                             1DAB0    1DAB0       2A     8000       0
                text4                             1D6E4    1D6E4       36     8000       0
                text3                             1DD98    1DD98       18     8000       0
                text2                             1DF30    1DF30       14     8000       0
                text1                             1C7AA    1C7AA       80     8000       0
                text0                             15AD8    15AD8      53A     8000       0
                cstackCOMRAM                        501      501       5B      501       1
                cstackBANK5                         560      560       49      560       1
                cstackBANK6                         600      600       B8      600       1
                cstackBANK7                         76C      76C       13      700       1
                bssBANK8                            800      800       F0      800       1
                dataBANK7                           78E      78E        7      700       1
                bssBANK7                            700      700       6C      700       1
                bssBANK6                            6B8      6B8       39      600       1
                dataBANK5                           5EE      5EE        3      560       1
                bssBANK5                            5A9      5A9       45      560       1
                bssCOMRAM                           55C      55C        4      501       1
                cinit                             1C500    1C500       8A     8000       0
                nvBANK7                             77F      77F        F      700       1
                nvBANK6                             6F1      6F1        6      600       1
                idataBANK7                        1E0E4    1E0E4        7     8000       0
                idataBANK5                        1E14E    1E14E        3     F076       0

TOTAL           Name                               Link     Load   Length     Space
        CLASS   CODE           
                init                                 1A       1A        4         0
                reset_vec                             0        0        4         0
                ivt0x8                                8        8       12         0
                text237                           1DF1A    1DF1A       16         0
                text236                           1DF04    1DF04       16         0
                text235                           1DD7E    1DD7E       1A         0
                text234                           1DE10    1DE10       18         0
                text233                           1E0BA    1E0BA        A         0
                text232                           1B128    1B128       D6         0
                text231                           1D102    1D102       50         0
                text230                           18AC2    18AC2      22A         0
                text229                           1D4DE    1D4DE       3C         0
                text228                           1C3E0    1C3E0       92         0
                text227                           1B922    1B922       C2         0
                text226                           1BE2A    1BE2A       AE         0
                text225                           17560    17560      390         0
                text224                           1BF84    1BF84       AA         0
                text223                           1A994    1A994      104         0
                text222                           16DA8    16DA8      426         0
                text221                           1D6AC    1D6AC       38         0
                text220                           164CA    164CA      4B6         0
                text219                           1D358    1D358       46         0
                text218                           1A88E    1A88E      106         0
                text217                           1AB98    1AB98       FE         0
                text216                           18F02    18F02      212         0
                text215                           1DEEE    1DEEE       16         0
                text214                           1E0B0    1E0B0        A         0
                text213                           1B6D2    1B6D2       CA         0
                text212                           1D39E    1D39E       44         0
                text211                           1D786    1D786       36         0
                text210                           1BB5E    1BB5E       BA         0
                text209                           1D4A2    1D4A2       3C         0
                text208                           14168    14168      CC8         0
                text207                           1B050    1B050       D8         0
                text206                           19D3C    19D3C      186         0
                text205                           1A1A4    1A1A4      162         0
                text204                           1D95C    1D95C       34         0
                text203                           18128    18128      28C         0
                text202                           1CF62    1CF62       56         0
                text201                           12564    12564      E0E         0
                text200                           194C2    194C2      1CC         0
                text199                           1B606    1B606       CC         0
                text198                           19A0A    19A0A      1AA         0
                text197                           1AE84    1AE84       F0         0
                text196                           1B2D0    1B2D0       D0         0
                text195                           192EC    192EC      1D6         0
                text194                           183B4    183B4      26A         0
                text193                           10000    10000     12B6         0
                text192                           1CDE6    1CDE6       66         0
                text191                           1DBFA    1DBFA       28         0
                text190                           1C69E    1C69E       88         0
                text189                           1E134    1E134        6         0
                text188                           1E12E    1E12E        6         0
                text187                           1E158    1E158        2         0
                text186                           1AC96    1AC96       FC         0
                text185                           1D750    1D750       36         0
                text184                           1DED8    1DED8       16         0
                text183                           1DA82    1DA82       2E         0
                text182                           1E156    1E156        2         0
                text181                           1D9F4    1D9F4       32         0
                text180                           1D602    1D602       3A         0
                text179                           1CC48    1CC48       6A         0
                text178                           1BC18    1BC18       B4         0
                text177                           1DDF8    1DDF8       18         0
                text176                           1E154    1E154        2         0
                text175                           1C928    1C928       7A         0
                text174                           1D9C2    1D9C2       32         0
                text173                           1DB58    1DB58       2A         0
                text172                           1D5C8    1D5C8       3A         0
                text171                           1E152    1E152        2         0
                text170                           1DDE0    1DDE0       18         0
                text169                           1D990    1D990       32         0
                text168                           1DB2E    1DB2E       2A         0
                text167                           1DF58    1DF58       14         0
                text166                           1B860    1B860       C2         0
                text165                           1DDC8    1DDC8       18         0
                text164                           1E128    1E128        6         0
                text163                           1E0A6    1E0A6        A         0
                text162                           1DD62    1DD62       1C         0
                text161                           1DA54    1DA54       2E         0
                text160                           1E122    1E122        6         0
                text159                           1E11C    1E11C        6         0
                text158                           1E116    1E116        6         0
                text157                           1DEC2    1DEC2       16         0
                text156                           1DEAC    1DEAC       16         0
                text155                           1DE96    1DE96       16         0
                text154                           1D0B0    1D0B0       52         0
                text153                           1DC22    1DC22       24         0
                text152                           1C726    1C726       84         0
                text151                           1DD46    1DD46       1C         0
                text150                           1D928    1D928       34         0
                text149                           1D8F4    1D8F4       34         0
                text148                           1D8C0    1D8C0       34         0
                text147                           1D88C    1D88C       34         0
                text146                           1D858    1D858       34         0
                text145                           1D310    1D310       48         0
                text144                           1D824    1D824       34         0
                text143                           1D7F0    1D7F0       34         0
                text142                           1D7BC    1D7BC       34         0
                text141                           1D2C8    1D2C8       48         0
                text140                           1E14A    1E14A        4         0
                text139                           1E146    1E146        4         0
                text138                           1E09C    1E09C        A         0
                text137                           1E110    1E110        6         0
                text136                           1E10A    1E10A        6         0
                text135                           1E070    1E070        E         0
                text134                           1E092    1E092        A         0
                text133                           1E104    1E104        6         0
                text132                           1DE80    1DE80       16         0
                text131                           1E0FE    1E0FE        6         0
                text130                           1E0F8    1E0F8        6         0
                text129                           1E0F2    1E0F2        6         0
                text128                           1E0EC    1E0EC        6         0
                text127                           1DE6A    1DE6A       16         0
                text126                           1DE54    1DE54       16         0
                text125                           1E0DC    1E0DC        8         0
                text124                           1E088    1E088        A         0
                text123                           1DA26    1DA26       2E         0
                text122                           1DE3E    1DE3E       16         0
                text121                           1A442    1A442      128         0
                text120                           1C21C    1C21C       98         0
                text119                           1C8AA    1C8AA       7E         0
                text118                           1C17A    1C17A       A2         0
                text117                           1E062    1E062        E         0
                text116                           1E142    1E142        4         0
                text115                           1E13E    1E13E        4         0
                text114                           1DBD2    1DBD2       28         0
                text113                           1E0D4    1E0D4        8         0
                text112                           1E054    1E054        E         0
                text111                           1E0CC    1E0CC        8         0
                text110                           1E046    1E046        E         0
                text109                           1CB02    1CB02       70         0
                text108                           1C9A2    1C9A2       78         0
                text107                           1DFC6    1DFC6       10         0
                text106                           1CA90    1CA90       72         0
                text105                           1CEB0    1CEB0       5A         0
                text104                           1DD0C    1DD0C       1E         0
                text103                           1D05E    1D05E       52         0
                text102                           1E0C4    1E0C4        8         0
                text101                           1DC8A    1DC8A       22         0
                text100                           1C0D4    1C0D4       A6         0
                text99                            1BD7C    1BD7C       AE         0
                text98                            1DBAA    1DBAA       28         0
                text97                            1A306    1A306      13C         0
                text96                            1D3E2    1D3E2       42         0
                text95                            1C82A    1C82A       80         0
                text94                            1DC68    1DC68       22         0
                text93                            1DD2A    1DD2A       1C         0
                text92                            1D00C    1D00C       52         0
                text91                            18886    18886      23C         0
                text90                            1A56A    1A56A      116         0
                text89                            1B53A    1B53A       CC         0
                text88                            1CA1A    1CA1A       76         0
                text87                            1B79C    1B79C       C4         0
                text86                            1BCCC    1BCCC       B0         0
                text85                            171CE    171CE      392         0
                text84                            1BED8    1BED8       AC         0
                text83                            1A788    1A788      106         0
                text82                            16980    16980      428         0
                text81                            1D58E    1D58E       3A         0
                text80                            16012    16012      4B8         0
                text79                            1D280    1D280       48         0
                text78                            1A680    1A680      108         0
                text77                            1AA98    1AA98      100         0
                text76                            18CEC    18CEC      216         0
                text75                            1DDB0    1DDB0       18         0
                text74                            1E038    1E038        E         0
                text73                            1B46E    1B46E       CC         0
                text72                            1D238    1D238       48         0
                text71                            1D554    1D554       3A         0
                text70                            1B9E4    1B9E4       BE         0
                text69                            1D464    1D464       3E         0
                text68                            14E30    14E30      CA8         0
                text67                            1AF74    1AF74       DC         0
                text66                            19BB4    19BB4      188         0
                text65                            1A040    1A040      164         0
                text64                            1D71A    1D71A       36         0
                text63                            17E9A    17E9A      28E         0
                text62                            1CF0A    1CF0A       58         0
                text61                            13372    13372      DF6         0
                text60                            1968E    1968E      1C8         0
                text59                            1B3A0    1B3A0       CE         0
                text58                            19856    19856      1B4         0
                text57                            1AD92    1AD92       F2         0
                text56                            1B1FE    1B1FE       D2         0
                text55                            19114    19114      1D8         0
                text54                            1861E    1861E      268         0
                text53                            112B6    112B6     12AE         0
                text52                            1CD80    1CD80       66         0
                text51                            1DB82    1DB82       28         0
                text50                            17BCA    17BCA      2D0         0
                text49                            1DFB4    1DFB4       12         0
                text48                            1E07E    1E07E        A         0
                text47                            1C34A    1C34A       96         0
                text46                            1DFA2    1DFA2       12         0
                text45                            1DC46    1DC46       22         0
                text44                            1DB04    1DB04       2A         0
                text43                            1DF90    1DF90       12         0
                text42                            1CFB8    1CFB8       54         0
                text41                            1DCEC    1DCEC       20         0
                text40                            1E13A    1E13A        4         0
                text39                            1DF7E    1DF7E       12         0
                text38                            1E02A    1E02A        E         0
                text37                            1C2B4    1C2B4       96         0
                text36                            1DE28    1DE28       16         0
                text35                            1E01C    1E01C        E         0
                text34                            1D1EE    1D1EE       4A         0
                text33                            1E00E    1E00E        E         0
                text32                            1D1A0    1D1A0       4E         0
                text31                            1E000    1E000        E         0
                text30                            1D152    1D152       4E         0
                text29                            1DFF2    1DFF2        E         0
                text28                            1DFE4    1DFE4        E         0
                text27                            1DFD6    1DFD6        E         0
                text26                            1CE4C    1CE4C       64         0
                text25                            1DADA    1DADA       2A         0
                text24                            1CBDE    1CBDE       6A         0
                text23                            1C472    1C472       8E         0
                text22                            1D674    1D674       38         0
                text21                            1D424    1D424       40         0
                text20                            1DCCC    1DCCC       20         0
                text19                            1DF44    1DF44       14         0
                text18                            1DCAC    1DCAC       20         0
                text17                            1DF6C    1DF6C       12         0
                text16                            1C614    1C614       8A         0
                text15                            19EC2    19EC2      17E         0
                text14                            1C02E    1C02E       A6         0
                text13                            1CB72    1CB72       6C         0
                text12                            1D51A    1D51A       3A         0
                text11                            1BAA2    1BAA2       BC         0
                text10                            1D63C    1D63C       38         0
                text9                             178F0    178F0      2DA         0
                text8                             1CD1A    1CD1A       66         0
                text7                             1CCB2    1CCB2       68         0
                text6                             1C58A    1C58A       8A         0
                text5                             1DAB0    1DAB0       2A         0
                text4                             1D6E4    1D6E4       36         0
                text3                             1DD98    1DD98       18         0
                text2                             1DF30    1DF30       14         0
                text1                             1C7AA    1C7AA       80         0
                text0                             15AD8    15AD8      53A         0
                cinit                             1C500    1C500       8A         0
                idataBANK7                        1E0E4    1E0E4        7         0
                idataBANK5                        1E14E    1E14E        3         0

        CLASS   CONST          

        CLASS   SMALLCONST     

        CLASS   MEDIUMCONST    
                mediumconst                        FD52     FD52      2AE         0

        CLASS   COMRAM         
                cstackCOMRAM                        501      501       5B         1
                bssCOMRAM                           55C      55C        4         1

        CLASS   ABS1           

        CLASS   BIGRAM         

        CLASS   RAM            

        CLASS   BANK5          
                cstackBANK5                         560      560       49         1
                dataBANK5                           5EE      5EE        3         1
                bssBANK5                            5A9      5A9       45         1

        CLASS   BANK6          
                cstackBANK6                         600      600       B8         1
                bssBANK6                            6B8      6B8       39         1
                nvBANK6                             6F1      6F1        6         1

        CLASS   BANK7          
                cstackBANK7                         76C      76C       13         1
                dataBANK7                           78E      78E        7         1
                bssBANK7                            700      700       6C         1
                nvBANK7                             77F      77F        F         1

        CLASS   BANK8          
                bssBANK8                            800      800       F0         1

        CLASS   BANK9          

        CLASS   BANK10         

        CLASS   BANK11         

        CLASS   BANK12         

        CLASS   BANK13         

        CLASS   BANK14         

        CLASS   BANK15         

        CLASS   BANK16         

        CLASS   BANK17         

        CLASS   BANK18         

        CLASS   BANK19         

        CLASS   BANK20         

        CLASS   BANK21         

        CLASS   BANK22         

        CLASS   BANK23         

        CLASS   BANK24         

        CLASS   BANK25         

        CLASS   BANK26         

        CLASS   BANK27         

        CLASS   BANK28         

        CLASS   BANK29         

        CLASS   BANK30         

        CLASS   BANK31         

        CLASS   BANK32         

        CLASS   BANK33         

        CLASS   BANK34         

        CLASS   BANK35         

        CLASS   BANK36         

        CLASS   BANK37         

        CLASS   BANK38         

        CLASS   BANK39         

        CLASS   BANK40         

        CLASS   BANK41         

        CLASS   BANK42         

        CLASS   BANK43         

        CLASS   BANK44         

        CLASS   BANK45         

        CLASS   BANK46         

        CLASS   BANK47         

        CLASS   BANK48         

        CLASS   BANK49         

        CLASS   BANK50         

        CLASS   BANK51         

        CLASS   BANK52         

        CLASS   BANK53         

        CLASS   BANK54         

        CLASS   SFR            

        CLASS   BIGSFR         

        CLASS   CONFIG         
                config                           300000   300000       1F         4

        CLASS   IDLOC          

        CLASS   EEDATA         

        CLASS   FARRAM         

        CLASS   HEAP           

        CLASS   STACK          



SEGMENTS        Name                           Load    Length   Top    Selector   Space  Class

                reset_vec                      000000  000004  000004         0       0  CODE    
                ivt0x8                         000008  000016  00001E         4       0  CODE    
                cstackCOMRAM                   000501  00005F  000560       501       1  COMRAM  
                cstackBANK5                    000560  000091  0005F1       560       1  BANK5   
                cstackBANK6                    000600  0000F7  0006F7       600       1  BANK6   
                bssBANK7                       000700  000095  000795       700       1  BANK7   
                bssBANK8                       000800  0000F0  0008F0       800       1  BANK8   
                mediumconst                    00FD52  0002AE  010000      7EA9       0  MEDIUMCO
                text193                        010000  00E0EB  01E0EB      8000       0  CODE    
                text128                        01E0EC  000065  01E151      F076       0  CODE    
                text171                        01E152  000008  01E15A      F0A9       0  CODE    


UNUSED ADDRESS RANGES

        Name                Unused          Largest block    Delta
        BANK10           000A00-000AFF              100
        BANK11           000B00-000BFF              100
        BANK12           000C00-000CFF              100
        BANK13           000D00-000DFF              100
        BANK14           000E00-000EFF              100
        BANK15           000F00-000FFF              100
        BANK16           001000-0010FF              100
        BANK17           001100-0011FF              100
        BANK18           001200-0012FF              100
        BANK19           001300-0013FF              100
        BANK20           001400-0014FF              100
        BANK21           001500-0015FF              100
        BANK22           001600-0016FF              100
        BANK23           001700-0017FF              100
        BANK24           001800-0018FF              100
        BANK25           001900-0019FF              100
        BANK26           001A00-001AFF              100
        BANK27           001B00-001BFF              100
        BANK28           001C00-001CFF              100
        BANK29           001D00-001DFF              100
        BANK30           001E00-001EFF              100
        BANK31           001F00-001FFF              100
        BANK32           002000-0020FF              100
        BANK33           002100-0021FF              100
        BANK34           002200-0022FF              100
        BANK35           002300-0023FF              100
        BANK36           002400-0024FF              100
        BANK37           002500-0025FF              100
        BANK38           002600-0026FF              100
        BANK39           002700-0027FF              100
        BANK40           002800-0028FF              100
        BANK41           002900-0029FF              100
        BANK42           002A00-002AFF              100
        BANK43           002B00-002BFF              100
        BANK44           002C00-002CFF              100
        BANK45           002D00-002DFF              100
        BANK46           002E00-002EFF              100
        BANK47           002F00-002FFF              100
        BANK48           003000-0030FF              100
        BANK49           003100-0031FF              100
        BANK5            0005F1-0005FF                F
        BANK50           003200-0032FF              100
        BANK51           003300-0033FF              100
        BANK52           003400-0034FF              100
        BANK53           003500-0035FF              100
        BANK54           003600-0036FF              100
        BANK6            0006F7-0006FF                9
        BANK7            000795-0007FF               6B
        BANK8            0008F0-0008FF               10
        BANK9            000900-0009FF              100
        BIGRAM           0005F1-0005FF                F
                         0006F7-0006FF                9
                         000795-0007FF               6B
                         0008F0-0036FF             2E10
        BIGSFR           000000-0004FF              500
                         003700-003FFF              900
        CODE             000004-000007                4
                         00001E-00FD51             FD34
                         01E0EB-01E0EB                1
                         01E151-01E151                1
                         01E15A-01FFFF             1EA6
        CONFIG           30001F-300023                5
        CONST            000004-000007                4
                         00001E-00FD51             FD34
                         01E0EB-01E0EB                1
                         01E151-01E151                1
                         01E15A-01FFFF             1EA6
        EEDATA           380000-3803FF              400
        IDLOC            200000-20003F               40
        MEDIUMCONST      004000-00FD51             BD52
                         01E0EB-01E0EB                1
                         01E151-01E151                1
                         01E15A-01FFFF             1EA6
        RAM              0005F1-0005FF                F
                         0006F7-0006FF                9
                         000795-0007FF               6B
                         0008F0-0036FF              100
        SFR              000000-0004FF              100
                         003700-003FFF              100
        SMALLCONST       004000-00FD51              100
                         01E0EB-01E0EB                1
                         01E151-01E151                1
                         01E15A-01FFFF              100

                                  Symbol Table

?_LCD_print                                               cstackBANK6  0006A7
?___aodiv                                                 cstackBANK6  000600
?___aomod                                                 cstackBANK6  000600
?___awdiv                                                 cstackBANK6  000600
?___awmod                                                 cstackBANK6  000600
?___fladd                                                 cstackBANK6  000600
?___fldiv                                                 cstackBANK6  000600
?___flmul                                                 cstackBANK6  000600
?___flneg                                                 cstackBANK6  000600
?___flsub                                                 cstackBANK6  000619
?___fltol                                                 cstackBANK6  000600
?___fpclassifyf                                           cstackBANK6  000600
?___lldiv                                                 cstackBANK6  00060C
?___llmod                                                 cstackBANK6  000600
?___lmul                                                  cstackBANK6  000600
?___lodiv                                                 cstackBANK6  000600
?___lomod                                                 cstackBANK6  000600
?___lwdiv                                                 cstackBANK6  000600
?_abs                                                     cstackBANK6  000612
?_atoa                                                    cstackBANK6  00062D
?_ctoa                                                    cstackBANK6  00060B
?_dtoa                                                    cstackBANK6  00061B
?_efgtoa                                                  cstackBANK6  00062D
?_floorf                                                  cstackBANK6  000619
?_labs                                                    cstackBANK6  000600
?_otoa                                                    cstackBANK6  00061B
?_pad                                                     cstackBANK6  000612
?_power_get_average_kw                                    cstackBANK6  000619
?_power_get_bar                                           cstackBANK6  000619
?_power_get_instant_kw                                    cstackBANK6  000619
?_printf                                                  cstackBANK6  000692
?_read_prec_or_width                                      cstackBANK6  000600
?_stoa                                                    cstackBANK6  00060B
?_strlen                                                  cstackBANK6  000600
?_utoa                                                    cstackBANK6  00061B
?_vfpfcnvrt                                               cstackBANK6  00066A
?_vfprintf                                                cstackBANK6  00068A
?_xtoa                                                    cstackBANK6  00061B
?i2___aodiv                                               cstackCOMRAM 000501
?i2___aomod                                               cstackCOMRAM 000501
?i2___awdiv                                               cstackCOMRAM 000501
?i2___awmod                                               cstackCOMRAM 000501
?i2___fladd                                               cstackCOMRAM 000501
?i2___fldiv                                               cstackCOMRAM 000501
?i2___flmul                                               cstackCOMRAM 000501
?i2___flneg                                               cstackCOMRAM 000501
?i2___flsub                                               cstackCOMRAM 00051A
?i2___fltol                                               cstackCOMRAM 000501
?i2___fpclassifyf                                         cstackCOMRAM 000501
?i2___lmul                                                cstackCOMRAM 000501
?i2___lodiv                                               cstackCOMRAM 000501
?i2___lomod                                               cstackCOMRAM 000501
?i2_abs                                                   cstackCOMRAM 000513
?i2_atoa                                                  cstackCOMRAM 00052E
?i2_ctoa                                                  cstackCOMRAM 00050C
?i2_dtoa                                                  cstackCOMRAM 00051C
?i2_efgtoa                                                cstackCOMRAM 00052E
?i2_floorf                                                cstackCOMRAM 00051A
?i2_labs                                                  cstackCOMRAM 000501
?i2_otoa                                                  cstackCOMRAM 00051C
?i2_pad                                                   cstackCOMRAM 000513
?i2_printf                                                cstackBANK5  00059F
?i2_read_prec_or_width                                    cstackCOMRAM 000501
?i2_stoa                                                  cstackCOMRAM 00050C
?i2_strlen                                                cstackCOMRAM 000501
?i2_utoa                                                  cstackCOMRAM 00051C
?i2_vfpfcnvrt                                             cstackBANK5  000593
?i2_vfprintf                                              cstackBANK5  000599
?i2_xtoa                                                  cstackCOMRAM 00051C
CAN1_OperationModeSet@opMode                              cstackBANK6  000600
CAN1_OperationModeSet@requestMode                         cstackBANK6  000602
CAN1_OperationModeSet@status                              cstackBANK6  000601
CAN1_RX_FIFO_ResetInfo@index                              cstackBANK6  000600
CAN1_Receive@channel                                      cstackBANK6  00061E
CAN1_Receive@index                                        cstackBANK6  00061F
CAN1_Receive@rxCanMsg                                     cstackBANK6  000616
CAN1_Receive@rxFifoObj                                    cstackBANK6  00061B
CAN1_Receive@rxMsgStatus                                  cstackBANK6  00061D
CAN1_Receive@status                                       cstackBANK6  00061A
CAN1_ReceivedMessageCountGet@channel                      cstackBANK6  000605
CAN1_ReceivedMessageCountGet@fifoDepth                    cstackBANK6  000606
CAN1_ReceivedMessageCountGet@fifoHead                     cstackBANK6  000608
CAN1_ReceivedMessageCountGet@fifoTail                     cstackBANK6  000607
CAN1_ReceivedMessageCountGet@index                        cstackBANK6  000609
CAN1_ReceivedMessageCountGet@numOfMsg                     cstackBANK6  000603
CAN1_ReceivedMessageCountGet@rxMsgStatus                  cstackBANK6  000604
CAN1_ReceivedMessageCountGet@totalMsgObj                  cstackBANK6  000602
CAN1_Transmit@fifoChannel                                 cstackCOMRAM 00051C
CAN1_Transmit@status                                      cstackCOMRAM 00051B
CAN1_Transmit@txCanMsg                                    cstackCOMRAM 000517
CAN1_Transmit@txFifoObj                                   cstackCOMRAM 000519
GetDashboardData@data                                     cstackBANK6  000600
GetRxFifoDepth@validChannel                               cstackBANK6  000601
GetRxFifoStatus@validChannel                              cstackBANK6  000600
GetTxFifoStatus@validChannel                              cstackCOMRAM 000501
I2C1_CallbackReturnReset@funPtr                           cstackBANK6  00060B
I2C1_Close@returnValue                                    cstackBANK6  000600
I2C1_DO_RX@retFsmState                                    cstackBANK6  000611
I2C1_DO_TX@dataTx                                         cstackBANK6  00060F
I2C1_DO_TX@retFsmState                                    cstackBANK6  000610
I2C1_MasterOperation@read                                 cstackBANK6  000613
I2C1_MasterOperation@returnValue                          cstackBANK6  000614
I2C1_MasterSendTxData@data                                cstackBANK6  000600
I2C1_MasterSetCounter@counter                             cstackBANK6  000600
I2C1_Open@address                                         cstackBANK6  000600
I2C1_Open@returnValue                                     cstackBANK6  000601
I2C1_SetBuffer@buffer                                     cstackBANK6  000600
I2C1_SetBuffer@bufferSize                                 cstackBANK6  000602
I2C1_SetBuffer_4bitmode@buffer                            cstackBANK6  000606
I2C1_SetBuffer_4bitmode@data                              cstackBANK6  00060A
I2C1_SetBuffer_4bitmode@data_high                         cstackBANK6  00060B
I2C1_SetBuffer_4bitmode@data_low                          cstackBANK6  00060C
I2C1_SetBuffer_4bitmode@rs                                cstackBANK6  000604
I2C1_SetCallback@cb                                       cstackBANK6  000600
I2C1_SetCallback@idx                                      cstackBANK6  000605
I2C1_SetCallback@ptr                                      cstackBANK6  000603
I2C1_SetDataCompleteCallback@cb                           cstackBANK6  000606
I2C1_SetDataCompleteCallback@ptr                          cstackBANK6  000609
IOCAF0_SetInterruptHandler@InterruptHandler               cstackBANK6  000600
IVTBASEH                                                  (abs)        00045E
IVTBASEL                                                  (abs)        00045D
IVTBASEU                                                  (abs)        00045F
LCD_clear_row@row                                         cstackBANK6  0006B1
LCD_create_custom_char@F23609                             mediumconst  00FDAF
LCD_create_custom_char@F23611                             mediumconst  00FDA7
LCD_create_custom_char@F23613                             mediumconst  00FD9F
LCD_create_custom_char@i                                  cstackBANK6  00062F
LCD_create_custom_char@i_2904                             cstackBANK6  000631
LCD_create_custom_char@i_2905                             cstackBANK6  000633
LCD_create_custom_char@left                               cstackBANK6  000617
LCD_create_custom_char@middle                             cstackBANK6  00061F
LCD_create_custom_char@right                              cstackBANK6  000627
LCD_print@args                                            cstackBANK7  00077D
LCD_print@buffer                                          cstackBANK7  00076C
LCD_print@str                                             cstackBANK6  0006A7
LCD_send_byte@data                                        cstackBANK6  000616
LCD_send_byte@rs                                          cstackBANK6  000615
LCD_send_nibble_cmd@buffer                                cstackBANK6  000615
LCD_send_nibble_cmd@data_high                             cstackBANK6  000617
LCD_set_cursor@address                                    cstackBANK6  00061B
LCD_set_cursor@col                                        cstackBANK6  000617
LCD_set_cursor@row                                        cstackBANK6  000618
LCD_write_char@c                                          cstackBANK6  000617
LCD_write_string@str                                      cstackBANK6  000617
ProcessCANMessages@i                                      cstackBANK6  0006A2
ProcessCANMessages@i_3017                                 cstackBANK6  0006A3
ProcessCANMessages@i_3019                                 cstackBANK6  0006A4
ReadMessageFromFifo@msgId                                 cstackBANK6  000611
ReadMessageFromFifo@rxCanMsg                              cstackBANK6  00060D
ReadMessageFromFifo@rxFifoObj                             cstackBANK6  00060B
ReadMessageFromFifo@status                                cstackBANK6  000615
RealTimeClockHandler@F23661                               bssBANK7     000700
RealTimeClockHandler@data                                 cstackCOMRAM 000515
SendReverseRequest@reverse                                cstackCOMRAM 000558
SendReverseRequest@status                                 cstackCOMRAM 000559
TMR0_ISR@CountCallBack                                    bssBANK5     0005C9
TMR0_SetInterruptHandler@InterruptHandler                 cstackBANK6  000600
TMR1_ISR@CountCallBack                                    bssBANK5     0005CD
TMR1_SetInterruptHandler@InterruptHandler                 cstackBANK6  000600
TMR1_WriteTimer@timerVal                                  cstackCOMRAM 000501
TMR3_SetInterruptHandler@InterruptHandler                 cstackBANK6  000600
TMR3_WriteTimer@timerVal                                  cstackCOMRAM 000501
UART1_SetErrorHandler@interruptHandler                    cstackBANK6  000600
UART1_SetFramingErrorHandler@interruptHandler             cstackBANK6  000600
UART1_SetOverrunErrorHandler@interruptHandler             cstackBANK6  000600
UART1_Write@txData                                        cstackBANK6  000600
ValidateTransmission@field                                cstackCOMRAM 000509
ValidateTransmission@txCanMsg                             cstackCOMRAM 000502
ValidateTransmission@txMsgStatus                          cstackCOMRAM 000508
ValidateTransmission@validChannel                         cstackCOMRAM 000507
WriteMessageToFifo@msgId                                  cstackCOMRAM 000513
WriteMessageToFifo@status                                 cstackCOMRAM 000512
WriteMessageToFifo@txCanMsg                               cstackCOMRAM 00050E
WriteMessageToFifo@txFifoObj                              cstackCOMRAM 00050C
_ANSELA                                                   (abs)        000400
_ANSELB                                                   (abs)        000408
_ANSELC                                                   (abs)        000410
_ANSELD                                                   (abs)        000418
_ANSELE                                                   (abs)        000420
_ButtonHoldTimer                                          text170      01DDE0
_ButtonPressHandler                                       text186      01AC96
_C1CONH                                                   (abs)        000101
_C1CONHbits                                               (abs)        000101
_C1CONL                                                   (abs)        000100
_C1CONTbits                                               (abs)        000103
_C1CONU                                                   (abs)        000102
_C1CONUbits                                               (abs)        000102
_C1FIFOBA                                                 (abs)        00014C
_C1FIFOCON1H                                              (abs)        00015D
_C1FIFOCON1L                                              (abs)        00015C
_C1FIFOCON1T                                              (abs)        00015F
_C1FIFOCON1U                                              (abs)        00015E
_C1FLTCON0L                                               (abs)        000180
_C1FLTOBJ0H                                               (abs)        00018D
_C1FLTOBJ0L                                               (abs)        00018C
_C1FLTOBJ0T                                               (abs)        00018F
_C1FLTOBJ0U                                               (abs)        00018E
_C1INTHbits                                               (abs)        00011D
_C1INTTbits                                               (abs)        00011F
_C1MASK0H                                                 (abs)        000191
_C1MASK0L                                                 (abs)        000190
_C1MASK0T                                                 (abs)        000193
_C1MASK0U                                                 (abs)        000192
_C1NBTCFGH                                                (abs)        000105
_C1NBTCFGL                                                (abs)        000104
_C1NBTCFGT                                                (abs)        000107
_C1NBTCFGU                                                (abs)        000106
_C1TRECUbits                                              (abs)        000136
_C1TXQCONH                                                (abs)        000151
_C1TXQCONL                                                (abs)        000150
_C1TXQCONT                                                (abs)        000153
_C1TXQCONU                                                (abs)        000152
_CAN1_BitRateConfiguration                                text49       01DFB4
_CAN1_Initialize                                          text42       01CFB8
_CAN1_IsBusOff                                            text237      01DF1A
_CAN1_IsTxErrorActive                                     text235      01DD7E
_CAN1_IsTxErrorPassive                                    text236      01DF04
_CAN1_OperationModeGet                                    text48       01E07E
_CAN1_OperationModeSet                                    text47       01C34A
_CAN1_RX_FIFO_Configuration                               text46       01DFA2
_CAN1_RX_FIFO_FilterMaskConfiguration                     text45       01DC46
_CAN1_RX_FIFO_ResetInfo                                   text44       01DB04
_CAN1_Receive                                             text90       01A56A
_CAN1_ReceivedMessageCountGet                             text89       01B53A
_CAN1_TX_FIFO_Configuration                               text43       01DF90
_CAN1_Transmit                                            text228      01C3E0
_CANRXPPS                                                 (abs)        00023D
_DLC_BYTES                                                mediumconst  00FD96
_GetDashboardData                                         text165      01DDC8
_GetRxFifoDepth                                           text94       01DC68
_GetRxFifoStatus                                          text93       01DD2A
_GetTxFifoStatus                                          text234      01DE10
_I2C1BAUD                                                 (abs)        00029D
_I2C1CLK                                                  (abs)        00029E
_I2C1CNTH                                                 (abs)        00028D
_I2C1CNTL                                                 (abs)        00028C
_I2C1CON0                                                 (abs)        000294
_I2C1CON0bits                                             (abs)        000294
_I2C1CON1                                                 (abs)        000295
_I2C1CON1bits                                             (abs)        000295
_I2C1CON2                                                 (abs)        000296
_I2C1ERR                                                  (abs)        000297
_I2C1ERRbits                                              (abs)        000297
_I2C1PIE                                                  (abs)        00029B
_I2C1PIEbits                                              (abs)        00029B
_I2C1PIR                                                  (abs)        00029A
_I2C1PIRbits                                              (abs)        00029A
_I2C1RXB                                                  (abs)        00028A
_I2C1SCLPPS                                               (abs)        000271
_I2C1SDAPPS                                               (abs)        000270
_I2C1STAT1bits                                            (abs)        000299
_I2C1TXB                                                  (abs)        00028B
_I2C1_CallbackReturnReset                                 text139      01E146
_I2C1_CallbackReturnStop                                  text140      01E14A
_I2C1_ClearInterruptFlags                                 text154      01D0B0
_I2C1_Close                                               text161      01DA54
_I2C1_DO_ADDRESS_NACK                                     text109      01CB02
_I2C1_DO_BUS_COLLISION                                    text108      01C9A2
_I2C1_DO_BUS_ERROR                                        text107      01DFC6
_I2C1_DO_IDLE                                             text124      01E088
_I2C1_DO_RESET                                            text110      01E046
_I2C1_DO_RX                                               text120      01C21C
_I2C1_DO_RX_ACK                                           text113      01E0D4
_I2C1_DO_RX_EMPTY                                         text118      01C17A
_I2C1_DO_RX_NACK_RESTART                                  text111      01E0CC
_I2C1_DO_RX_NACK_STOP                                     text112      01E054
_I2C1_DO_SEND_ADR_READ                                    text123      01DA26
_I2C1_DO_SEND_ADR_WRITE                                   text122      01DE3E
_I2C1_DO_SEND_RESTART                                     text115      01E13E
_I2C1_DO_SEND_RESTART_READ                                text117      01E062
_I2C1_DO_SEND_RESTART_WRITE                               text116      01E142
_I2C1_DO_SEND_STOP                                        text114      01DBD2
_I2C1_DO_TX                                               text121      01A442
_I2C1_DO_TX$1066                                          cstackBANK6  000611
_I2C1_DO_TX_ACK                                           text125      01E0DC
_I2C1_DO_TX_EMPTY                                         text119      01C8AA
_I2C1_Initialize                                          text41       01DCEC
_I2C1_MasterClearCountFlag                                text160      01E122
_I2C1_MasterClearIrq                                      text164      01E128
_I2C1_MasterClearNackFlag                                 text159      01E11C
_I2C1_MasterClearStopFlag                                 text158      01E116
_I2C1_MasterClose                                         text163      01E0A6
_I2C1_MasterDisableIrq                                    text162      01DD62
_I2C1_MasterDisableRestart                                text137      01E110
_I2C1_MasterEnableRestart                                 text136      01E10A
_I2C1_MasterFsm                                           text106      01CA90
_I2C1_MasterGetCounter                                    text128      01E0EC
_I2C1_MasterGetRxData                                     text133      01E104
_I2C1_MasterIsCountFlagSet                                text157      01DEC2
_I2C1_MasterIsNack                                        text127      01DE6A
_I2C1_MasterIsNackFlagSet                                 text156      01DEAC
_I2C1_MasterIsRxBufFull                                   text132      01DE80
_I2C1_MasterIsStopFlagSet                                 text155      01DE96
_I2C1_MasterIsTxBufEmpty                                  text126      01DE54
_I2C1_MasterOpen                                          text101      01DC8A
_I2C1_MasterOperation                                     text103      01D05E
_I2C1_MasterResetBus                                      text138      01E09C
_I2C1_MasterSendAck                                       text131      01E0FE
_I2C1_MasterSendNack                                      text130      01E0F8
[...]
wr2RegCompleteHandler@p                                   cstackBANK6  00060B
xtoa@a                                                    cstackBANK6  00062E
xtoa@c                                                    cstackBANK6  000636
xtoa@d                                                    cstackBANK6  00061D
xtoa@d_nonzero                                            cstackBANK6  000633
xtoa@fp                                                   cstackBANK6  00061B
xtoa@i                                                    cstackBANK6  000637
xtoa@p                                                    cstackBANK6  000631
xtoa@w                                                    cstackBANK6  000634
xtoa@x                                                    cstackBANK6  000625


MODULE INFORMATION

Module		Function		Class		Link	Load	Size
animation.c
		_animation_isr 		CODE           	1DA82	0000	46
		_timer0_init   		CODE           	1DF30	0000	20
		_animation_stop		CODE           	1DF44	0000	20

animation.c estimated size: 86

mcc_generated_files/can1.c
		_ReadMessageFromFifo		CODE           	18886	0000	572
		_ValidateTransmission		CODE           	1B128	0000	214
		_CAN1_IsTxErrorPassive		CODE           	1DF04	0000	22
		_CAN1_BitRateConfiguration		CODE           	1DFB4	0000	18
		_CAN1_TX_FIFO_Configuration		CODE           	1DF90	0000	18
		_GetRxFifoDepth		CODE           	1DC68	0000	34
		_CAN1_OperationModeGet		CODE           	1E07E	0000	10
		_CAN1_IsBusOff 		CODE           	1DF1A	0000	22
		_CAN1_Initialize		CODE           	1CFB8	0000	84
		_CAN1_Transmit 		CODE           	1C3E0	0000	146
		_CAN1_RX_FIFO_FilterMaskConfiguration		CODE           	1DC46	0000	34
		_CAN1_RX_FIFO_Configuration		CODE           	1DFA2	0000	18
		_CAN1_IsTxErrorActive		CODE           	1DD7E	0000	26
		_GetRxFifoStatus		CODE           	1DD2A	0000	28
		_CAN1_ReceivedMessageCountGet		CODE           	1B53A	0000	204
		_isTxChannel   		CODE           	1D4DE	0000	60
		_GetTxFifoStatus		CODE           	1DE10	0000	24
		_WriteMessageToFifo		CODE           	18AC2	0000	554
		_CAN1_Receive  		CODE           	1A56A	0000	278
		_CAN1_RX_FIFO_ResetInfo		CODE           	1DB04	0000	42
		_CAN1_OperationModeSet		CODE           	1C34A	0000	150

mcc_generated_files/can1.c estimated size: 2558

C:\Program Files\Microchip\xc8\v3.00\pic\sources\c99\common\flge.c
		___flge        		CODE           	1A788	0000	262

C:\Program Files\Microchip\xc8\v3.00\pic\sources\c99\common\flge.c estimated size: 262

mcc_generated_files/examples/i2c1_master_example.c
		_rdBlkRegCompleteHandler@i2c1_master_example$F179		CODE           	1D2C8	0000	72
		_rd1RegCompleteHandler@i2c1_master_example$F145		CODE           	1D824	0000	52
		_rd2RegCompleteHandler@i2c1_master_example$F156		CODE           	1D7F0	0000	52
		_wr1RegCompleteHandler@i2c1_master_example$F162		CODE           	1D7BC	0000	52
		_wr2RegCompleteHandler@i2c1_master_example$F168		CODE           	1D928	0000	52

mcc_generated_files/examples/i2c1_master_example.c estimated size: 280

C:\Program Files\Microchip\xc8\v3.00\pic\sources\c99\common\abs.c
		_abs           		CODE           	1D71A	0000	54

C:\Program Files\Microchip\xc8\v3.00\pic\sources\c99\common\abs.c estimated size: 54

C:\Program Files\Microchip\xc8\v3.00\pic\sources\c99\common\nf_fputc.c
		_fputc         		CODE           	1B46E	0000	204

C:\Program Files\Microchip\xc8\v3.00\pic\sources\c99\common\nf_fputc.c estimated size: 204

CAN_handler.c
		_SendReverseRequest		CODE           	1C69E	0000	136
		_ProcessCANMessages		CODE           	17BCA	0000	720
		_GetDashboardData		CODE           	1DDC8	0000	24

CAN_handler.c estimated size: 880

mcc_generated_files/i2c1_master.c
		_I2C1_DO_SEND_RESTART		CODE           	1E13E	0000	4
		_I2C1_MasterIsNackFlagSet		CODE           	1DEAC	0000	22
		_I2C1_DO_RX_EMPTY		CODE           	1C17A	0000	162
		_I2C1_DO_TX_EMPTY		CODE           	1C8AA	0000	126
		_I2C1_DO_SEND_RESTART_READ		CODE           	1E062	0000	14
		_I2C1_MasterClearNackFlag		CODE           	1E11C	0000	6
		_I2C1_CallbackReturnStop		CODE           	1E14A	0000	4
		_I2C1_DO_RX    		CODE           	1C21C	0000	152
		_I2C1_DO_TX    		CODE           	1A442	0000	296
		_I2C1_DO_IDLE  		CODE           	1E088	0000	10
		_I2C1_MasterOpen		CODE           	1DC8A	0000	34
		_I2C1_MasterSendTxData		CODE           	1E092	0000	10
		_I2C1_MasterStop		CODE           	1E0F2	0000	6
		_I2C1_MasterIsStopFlagSet		CODE           	1DE96	0000	22
		_I2C1_CallbackReturnReset		CODE           	1E146	0000	4
		_I2C1_DO_RESET 		CODE           	1E046	0000	14
		_I2C1_Poller   		CODE           	1DD0C	0000	30
		_I2C1_DO_RX_ACK		CODE           	1E0D4	0000	8
		_I2C1_DO_TX_ACK		CODE           	1E0DC	0000	8
		_I2C1_MasterWaitForEvent		CODE           	1CEB0	0000	90
		_I2C1_MasterSendNack		CODE           	1E0F8	0000	6
		_I2C1_DO_RX_NACK_RESTART		CODE           	1E0CC	0000	8
		_I2C1_MasterDisableIrq		CODE           	1DD62	0000	28
		_I2C1_ClearInterruptFlags		CODE           	1D0B0	0000	82
		_I2C1_MasterOperation		CODE           	1D05E	0000	82
		_I2C1_MasterClearStopFlag		CODE           	1E116	0000	6
		_I2C1_SetCallback		CODE           	1C726	0000	132
		_I2C1_MasterEnableRestart		CODE           	1E10A	0000	6
		_I2C1_MasterGetCounter		CODE           	1E0EC	0000	6
		_I2C1_MasterSetCounter		CODE           	1E070	0000	14
		_I2C1_Open     		CODE           	1C0D4	0000	166
		_I2C1_DO_ADDRESS_NACK		CODE           	1CB02	0000	112
		_I2C1_MasterDisableRestart		CODE           	1E110	0000	6
		_I2C1_MasterClearCountFlag		CODE           	1E122	0000	6
		_I2C1_SetBuffer		CODE           	1DC22	0000	36
		_I2C1_DO_SEND_RESTART_WRITE		CODE           	1E142	0000	4
		_I2C1_MasterIsTxBufEmpty		CODE           	1DE54	0000	22
		_I2C1_MasterClose		CODE           	1E0A6	0000	10
		_I2C1_MasterWrite		CODE           	1E0C4	0000	8
		_I2C1_Initialize		CODE           	1DCEC	0000	32
		_I2C1_Close    		CODE           	1DA54	0000	46
		_I2C1_MasterIsRxBufFull		CODE           	1DE80	0000	22
		_I2C1_MasterIsNack		CODE           	1DE6A	0000	22
		_I2C1_DO_SEND_ADR_WRITE		CODE           	1DE3E	0000	22
		_I2C1_MasterClearIrq		CODE           	1E128	0000	6
		_I2C1_SetDataCompleteCallback		CODE           	1DD46	0000	28
		_I2C1_DO_SEND_STOP		CODE           	1DBD2	0000	40
		_I2C1_DO_BUS_COLLISION		CODE           	1C9A2	0000	120
		_I2C1_DO_BUS_ERROR		CODE           	1DFC6	0000	16
		_I2C1_MasterSendAck		CODE           	1E0FE	0000	6
		_I2C1_MasterFsm		CODE           	1CA90	0000	114
		_I2C1_MasterGetRxData		CODE           	1E104	0000	6
		_I2C1_MasterResetBus		CODE           	1E09C	0000	10
		_I2C1_MasterIsCountFlagSet		CODE           	1DEC2	0000	22
		_I2C1_DO_SEND_ADR_READ		CODE           	1DA26	0000	46
		_I2C1_DO_RX_NACK_STOP		CODE           	1E054	0000	14

mcc_generated_files/i2c1_master.c estimated size: 2334

C:\Program Files\Microchip\xc8\v3.00\pic\sources\c99\common\memcpy.c
		_memcpy        		CODE           	1D00C	0000	82

C:\Program Files\Microchip\xc8\v3.00\pic\sources\c99\common\memcpy.c estimated size: 82

mcc_generated_files/interrupt_manager.c
		_INTERRUPT_Initialize		CODE           	1E13A	0000	4
		_INTERRUPT_InterruptManager		CODE           	1B860	0000	194

mcc_generated_files/interrupt_manager.c estimated size: 198

C:\Program Files\Microchip\xc8\v3.00\pic\sources\c99\common\flneg.c
		___flneg       		CODE           	1D58E	0000	58

C:\Program Files\Microchip\xc8\v3.00\pic\sources\c99\common\flneg.c estimated size: 58

mcc_generated_files/tmr0.c
		_TMR0_SetInterruptHandler		CODE           	1E01C	0000	14
		_TMR0_DefaultInterruptHandler		CODE           	1E156	0000	2
		_TMR0_CallBack 		CODE           	1D9F4	0000	50
		_TMR0_ISR      		CODE           	1D602	0000	58
		_TMR0_Initialize		CODE           	1D1EE	0000	74

mcc_generated_files/tmr0.c estimated size: 198

C:\Program Files\Microchip\xc8\v3.00\pic\sources\c99\common\__fpclassifyf.c
		___fpclassifyf 		CODE           	1AA98	0000	256

C:\Program Files\Microchip\xc8\v3.00\pic\sources\c99\common\__fpclassifyf.c estimated size: 256

mcc_generated_files/pin_manager.c
		_PIN_MANAGER_Initialize		CODE           	1C2B4	0000	150
		_IOCAF0_SetInterruptHandler		CODE           	1E02A	0000	14
		_PIN_MANAGER_IOC		CODE           	1DED8	0000	22
		_IOCAF0_DefaultInterruptHandler		CODE           	1E158	0000	2
		_IOCAF0_ISR    		CODE           	1D750	0000	54

mcc_generated_files/pin_manager.c estimated size: 242

7seg.c
		_seg_init      		CODE           	1DD98	0000	24
		_seg_display_digits		CODE           	1C58A	0000	138
		_seg_send_command		CODE           	1D6E4	0000	54
		_seg_write_display		CODE           	1CCB2	0000	104
		_seg_clear     		CODE           	1DAB0	0000	42

7seg.c estimated size: 362

C:\Program Files\Microchip\xc8\v3.00\pic\sources\c99\common\lomod.c
		___lomod       		CODE           	1B1FE	0000	210

C:\Program Files\Microchip\xc8\v3.00\pic\sources\c99\common\lomod.c estimated size: 210

C:\Program Files\Microchip\xc8\v3.00\pic\sources\c99\common\aomod.c
		___aomod       		CODE           	1A040	0000	356

C:\Program Files\Microchip\xc8\v3.00\pic\sources\c99\common\aomod.c estimated size: 356

C:\Program Files\Microchip\xc8\v3.00\pic\sources\c99\common\printf.c
		_printf        		CODE           	1DB82	0000	40

C:\Program Files\Microchip\xc8\v3.00\pic\sources\c99\common\printf.c estimated size: 40

mcc_generated_files/drivers/i2c_simple_master.c
		_wr1RegCompleteHandler		CODE           	1D8F4	0000	52
		_wr2RegCompleteHandler		CODE           	1D858	0000	52
		_rdBlkRegCompleteHandler		CODE           	1D310	0000	72
		_rd1RegCompleteHandler		CODE           	1D8C0	0000	52
		_rd2RegCompleteHandler		CODE           	1D88C	0000	52

mcc_generated_files/drivers/i2c_simple_master.c estimated size: 280

C:\Program Files\Microchip\xc8\v3.00\pic\sources\c99\common\awmod.c
		___awmod       		CODE           	1BCCC	0000	176

C:\Program Files\Microchip\xc8\v3.00\pic\sources\c99\common\awmod.c estimated size: 176

C:\Program Files\Microchip\xc8\v3.00\pic\sources\c99\common\floorf.c
		_floorf        		CODE           	18CEC	0000	534

C:\Program Files\Microchip\xc8\v3.00\pic\sources\c99\common\floorf.c estimated size: 534

C:\Program Files\Microchip\xc8\v3.00\pic\sources\c99\common\fleq.c
		___fleq        		CODE           	1BED8	0000	172

C:\Program Files\Microchip\xc8\v3.00\pic\sources\c99\common\fleq.c estimated size: 172

C:\Program Files\Microchip\xc8\v3.00\pic\sources\c99\common\llmod.c
		___llmod       		CODE           	1C614	0000	138

C:\Program Files\Microchip\xc8\v3.00\pic\sources\c99\common\llmod.c estimated size: 138

C:\Program Files\Microchip\xc8\v3.00\pic\sources\c99\common\sprcmul.c
		___flmul       		CODE           	16980	0000	1064

C:\Program Files\Microchip\xc8\v3.00\pic\sources\c99\common\sprcmul.c estimated size: 1064

C:\Program Files\Microchip\xc8\v3.00\pic\sources\c99\common\Umul32.c
		___lmul        		CODE           	1CB72	0000	108

C:\Program Files\Microchip\xc8\v3.00\pic\sources\c99\common\Umul32.c estimated size: 108

mcc_generated_files/uart1.c
		_UART1_Write   		CODE           	1DDB0	0000	24
		_putch         		CODE           	1E038	0000	14
		_UART1_SetFramingErrorHandler		CODE           	1DFE4	0000	14
		_UART1_SetOverrunErrorHandler		CODE           	1DFD6	0000	14
		_UART1_Initialize		CODE           	1CE4C	0000	100
		_UART1_SetErrorHandler		CODE           	1DFF2	0000	14

mcc_generated_files/uart1.c estimated size: 180

C:\Program Files\Microchip\xc8\v3.00\pic\sources\c99\common\__lldiv.c
		___lldiv       		CODE           	1C02E	0000	166

C:\Program Files\Microchip\xc8\v3.00\pic\sources\c99\common\__lldiv.c estimated size: 166

C:\Program Files\Microchip\xc8\v3.00\pic\sources\c99\common\sprcdiv.c
		___fldiv       		CODE           	171CE	0000	914

C:\Program Files\Microchip\xc8\v3.00\pic\sources\c99\common\sprcdiv.c estimated size: 914

shared
		i2_printf      		CODE           	1DBFA	0000	40
		i2_vfpfcnvrt   		CODE           	10000	0000	4790
		i2_pad         		CODE           	1BB5E	0000	186
		i2_abs         		CODE           	1D95C	0000	52
		i2_stoa        		CODE           	19A0A	0000	426
		i2_floorf      		CODE           	18F02	0000	530
		i2_labs        		CODE           	1CF62	0000	86
		i2_read_prec_or_width		CODE           	1B606	0000	204
		i2_putch       		CODE           	1E0B0	0000	10
		i2___fleq      		CODE           	1BF84	0000	170
		i2_utoa        		CODE           	192EC	0000	470
		_FIFO          		MEDIUMCONST    	0000	0000	0
		_DLC_BYTES     		MEDIUMCONST    	FD96	0000	9
		i2_vfprintf    		CODE           	1CDE6	0000	102
		i2_xtoa        		CODE           	183B4	0000	618
		i2_atoa        		CODE           	14168	0000	3272
		i2___flneg     		CODE           	1D6AC	0000	56
		i2_strcpy      		CODE           	1D4A2	0000	60
		i2___awdiv     		CODE           	1B922	0000	194
		i2___fladd     		CODE           	164CA	0000	1206
		i2_ctoa        		CODE           	1B050	0000	216
		i2_dtoa        		CODE           	18128	0000	652
		i2___fldiv     		CODE           	17560	0000	912
		i2___fltol     		CODE           	1A88E	0000	262
		__initialization		CODE           	1C500	0000	132
		i2___flge      		CODE           	1A994	0000	260
		i2___lodiv     		CODE           	1AE84	0000	240
		i2___lmul      		CODE           	1CC48	0000	106
		i2___awmod     		CODE           	1BE2A	0000	174
		_seg_patterns  		MEDIUMCONST    	FD8C	0000	10
		i2___aodiv     		CODE           	19D3C	0000	390
		i2___flmul     		CODE           	16DA8	0000	1062
		_i2c1_fsmStateTable		MEDIUMCONST    	FD53	0000	57
		i2___lomod     		CODE           	1B2D0	0000	208
		i2___fpclassifyf		CODE           	1AB98	0000	254
		i2___flsub     		CODE           	1D358	0000	70
		i2_UART1_Write 		CODE           	1DEEE	0000	22
		LCD_create_custom_char@F23611		MEDIUMCONST    	FDA7	0000	8
		LCD_create_custom_char@F23613		MEDIUMCONST    	FD9F	0000	8
		LCD_create_custom_char@F23609		MEDIUMCONST    	FDAF	0000	8
		i2_efgtoa      		CODE           	12564	0000	3598
		i2___aomod     		CODE           	1A1A4	0000	354
		i2_GetDashboardData		CODE           	1DDF8	0000	24
		i2_fputc       		CODE           	1B6D2	0000	202
		i2_fputs       		CODE           	1D39E	0000	68
		i2_strlen      		CODE           	1D786	0000	54
		i2_otoa        		CODE           	194C2	0000	460
		i2_memcpy      		CODE           	1D102	0000	80
		i2_CAN1_OperationModeGet		CODE           	1E0BA	0000	10

shared estimated size: 22382

C:\Program Files\Microchip\xc8\v3.00\pic\sources\c99\common\nf_fputs.c
		_fputs         		CODE           	1D238	0000	72

C:\Program Files\Microchip\xc8\v3.00\pic\sources\c99\common\nf_fputs.c estimated size: 72

mcc_generated_files/mcc.c
		_PMD_Initialize		CODE           	1DE28	0000	22
		_OSCILLATOR_Initialize		CODE           	1DF7E	0000	18
		_SYSTEM_Initialize		CODE           	1DADA	0000	42

mcc_generated_files/mcc.c estimated size: 82

mcc_generated_files/tmr3.c
		_TMR3_ISR      		CODE           	1DF58	0000	20
		_TMR3_Initialize		CODE           	1D152	0000	78
		_TMR3_SetInterruptHandler		CODE           	1E000	0000	14
		_TMR3_StopTimer		CODE           	1E12E	0000	6
		_TMR3_DefaultInterruptHandler		CODE           	1E152	0000	2
		_TMR3_CallBack 		CODE           	1D990	0000	50
		_TMR3_WriteTimer		CODE           	1DB2E	0000	42
		_TMR3_StartTimer		CODE           	1E134	0000	6

mcc_generated_files/tmr3.c estimated size: 218

C:\Program Files\Microchip\xc8\v3.00\pic\sources\c99\common\lodiv.c
		___lodiv       		CODE           	1AD92	0000	242

C:\Program Files\Microchip\xc8\v3.00\pic\sources\c99\common\lodiv.c estimated size: 242

C:\Program Files\Microchip\xc8\v3.00\pic\sources\c99\common\vsprintf.c
		_vsprintf      		CODE           	1C472	0000	142

C:\Program Files\Microchip\xc8\v3.00\pic\sources\c99\common\vsprintf.c estimated size: 142

C:\Program Files\Microchip\xc8\v3.00\pic\sources\c99\common\aodiv.c
		___aodiv       		CODE           	19BB4	0000	392

C:\Program Files\Microchip\xc8\v3.00\pic\sources\c99\common\aodiv.c estimated size: 392

C:\Program Files\Microchip\xc8\v3.00\pic\sources\c99\common\strlen.c
		_strlen        		CODE           	1D554	0000	58

C:\Program Files\Microchip\xc8\v3.00\pic\sources\c99\common\strlen.c estimated size: 58

mcc_generated_files/tmr1.c
		_TMR1_Initialize		CODE           	1D1A0	0000	78
		_TMR1_SetInterruptHandler		CODE           	1E00E	0000	14
		_TMR1_DefaultInterruptHandler		CODE           	1E154	0000	2
		_TMR1_CallBack 		CODE           	1D9C2	0000	50
		_TMR1_WriteTimer		CODE           	1DB58	0000	42
		_TMR1_ISR      		CODE           	1D5C8	0000	58

mcc_generated_files/tmr1.c estimated size: 244

C:\Program Files\Microchip\xc8\v3.00\pic\sources\c99\common\strcpy.c
		_strcpy        		CODE           	1D464	0000	62

C:\Program Files\Microchip\xc8\v3.00\pic\sources\c99\common\strcpy.c estimated size: 62

C:\Program Files\Microchip\xc8\v3.00\pic\sources\c99\common\memset.c
		_memset        		CODE           	1D51A	0000	58

C:\Program Files\Microchip\xc8\v3.00\pic\sources\c99\common\memset.c estimated size: 58

C:\Program Files\Microchip\xc8\v3.00\pic\sources\c99\common\lwdiv.c
		___lwdiv       		CODE           	1CA1A	0000	118

C:\Program Files\Microchip\xc8\v3.00\pic\sources\c99\common\lwdiv.c estimated size: 118

C:\Program Files\Microchip\xc8\v3.00\pic\sources\c99\common\awdiv.c
		___awdiv       		CODE           	1B79C	0000	196

C:\Program Files\Microchip\xc8\v3.00\pic\sources\c99\common\awdiv.c estimated size: 196

C:\Program Files\Microchip\xc8\v3.00\pic\sources\c99\common\fltol.c
		___fltol       		CODE           	1A680	0000	264

C:\Program Files\Microchip\xc8\v3.00\pic\sources\c99\common\fltol.c estimated size: 264

C:\Program Files\Microchip\xc8\v3.00\pic\sources\c99\common\labs.c
		_labs          		CODE           	1CF0A	0000	88

C:\Program Files\Microchip\xc8\v3.00\pic\sources\c99\common\labs.c estimated size: 88

main.c
		_main          		CODE           	15AD8	0000	1338
		_ButtonHoldTimer		CODE           	1DDE0	0000	24
		_display_tson_state		CODE           	178F0	0000	730
		_RealTimeClockHandler		CODE           	1C928	0000	122
		_vcu_number    		CODE           	1C7AA	0000	128
		_ButtonPressHandler		CODE           	1AC96	0000	252

main.c estimated size: 2594

C:\Program Files\Microchip\xc8\v3.00\pic\sources\c99\common\doprnt.c
		_read_prec_or_width		CODE           	1B3A0	0000	206
		_vfpfcnvrt     		CODE           	112B6	0000	4782
		_efgtoa        		CODE           	13372	0000	3574
		_pad           		CODE           	1B9E4	0000	190
		_atoa          		CODE           	14E30	0000	3240
		_ctoa          		CODE           	1AF74	0000	220
		_dtoa          		CODE           	17E9A	0000	654
		_vfprintf      		CODE           	1CD80	0000	102
		_otoa          		CODE           	1968E	0000	456
		_stoa          		CODE           	19856	0000	436
		_utoa          		CODE           	19114	0000	472
		_xtoa          		CODE           	1861E	0000	616

C:\Program Files\Microchip\xc8\v3.00\pic\sources\c99\common\doprnt.c estimated size: 14948

C:\Program Files\Microchip\xc8\v3.00\pic\sources\c99\common\sprcadd.c
		___flsub       		CODE           	1D280	0000	72
		___fladd       		CODE           	16012	0000	1208

C:\Program Files\Microchip\xc8\v3.00\pic\sources\c99\common\sprcadd.c estimated size: 1280

power.c
		_power_sample_instant		CODE           	1CD1A	0000	102
		_power_sample_average		CODE           	1BC18	0000	180
		_power_get_average_kw		CODE           	19EC2	0000	382
		_power_get_bar 		CODE           	1BAA2	0000	188
		_power_get_instant_kw		CODE           	1D63C	0000	56

power.c estimated size: 908

LCD.c
		_LCD_set_cursor		CODE           	1D424	0000	64
		_LCD_clear     		CODE           	1DCAC	0000	32
		_LCD_print     		CODE           	1D674	0000	56
		_LCD_clear_row 		CODE           	1DCCC	0000	32
		_LCD_send_nibble_cmd		CODE           	1D3E2	0000	66
		_LCD_write_string		CODE           	1CBDE	0000	106
		_LCD_init      		CODE           	1C82A	0000	128
		_LCD_write_char		CODE           	1DF6C	0000	18
		_LCD_create_custom_char		CODE           	1A306	0000	316
		_LCD_send_byte 		CODE           	1DBAA	0000	40
		_I2C1_SetBuffer_4bitmode		CODE           	1BD7C	0000	174

LCD.c estimated size: 1032

