Microchip MPLAB XC8 Compiler V3.00

Linker command line:

-W-3 \
  --edf=C:\Program Files\Microchip\xc8\v3.00\pic\dat\20241204225717_en.msgs \
  -pivt0x8=08h -cn \
  -h+dist/default/production\dash-firmware.X.production.sym \
  --cmf=dist/default/production\dash-firmware.X.production.cmf -z \
  -Q18F47Q84 -oC:\Users\Adam\AppData\Local\Temp\xcAsibo.\driver_tmp_3.o \
  --defsym=__MPLAB_BUILD=1 --fixupoverflow=error \
  -Mdist/default/production/dash-firmware.X.production.map \
  --md=C:\Users\Adam\AppData\Local\Temp\xcAsibo.\driver_tmp_0.dat -E1 \
  -ver=XC8 Compiler -ACODE=00h-01FFFFh -ACONST=00h-01FFFFh \
  -ASMALLCONST=04000h-040FFhx192,014000h-0140FFhx192 \
  -AMEDIUMCONST=04000h-0FFFFh,014000h-01FFFFh -ACOMRAM=0501h-055Fh \
  -AABS1=0500h-036FFh -ABIGRAM=0501h-036FFh \
  -ARAM=0560h-05FFh,0600h-06FFhx49 -ABANK5=0560h-05FFh -ABANK6=0600h-06FFh \
  -ABANK7=0700h-07FFh -ABANK8=0800h-08FFh -ABANK9=0900h-09FFh \
  -ABANK10=0A00h-0AFFh -ABANK11=0B00h-0BFFh -ABANK12=0C00h-0CFFh \
  -ABANK13=0D00h-0DFFh -ABANK14=0E00h-0EFFh -ABANK15=0F00h-0FFFh \
  -ABANK16=01000h-010FFh -ABANK17=01100h-011FFh -ABANK18=01200h-012FFh \
  -ABANK19=01300h-013FFh -ABANK20=01400h-014FFh -ABANK21=01500h-015FFh \
  -ABANK22=01600h-016FFh -ABANK23=01700h-017FFh -ABANK24=01800h-018FFh \
  -ABANK25=01900h-019FFh -ABANK26=01A00h-01AFFh -ABANK27=01B00h-01BFFh \
  -ABANK28=01C00h-01CFFh -ABANK29=01D00h-01DFFh -ABANK30=01E00h-01EFFh \
  -ABANK31=01F00h-01FFFh -ABANK32=02000h-020FFh -ABANK33=02100h-021FFh \
  -ABANK34=02200h-022FFh -ABANK35=02300h-023FFh -ABANK36=02400h-024FFh \
  -ABANK37=02500h-025FFh -ABANK38=02600h-026FFh -ABANK39=02700h-027FFh \
  -ABANK40=02800h-028FFh -ABANK41=02900h-029FFh -ABANK42=02A00h-02AFFh \
  -ABANK43=02B00h-02BFFh -ABANK44=02C00h-02CFFh -ABANK45=02D00h-02DFFh \
  -ABANK46=02E00h-02EFFh -ABANK47=02F00h-02FFFh -ABANK48=03000h-030FFh \
  -ABANK49=03100h-031FFh -ABANK50=03200h-032FFh -ABANK51=03300h-033FFh \
  -ABANK52=03400h-034FFh -ABANK53=03500h-035FFh -ABANK54=03600h-036FFh \
  -ASFR=00h-0FFhx4,0400h-045Fh,0460h-04FFh,03700h-037FFhx9 \
  -ABIGSFR=00h-04FFh,03700h-03FFFh -ACONFIG=0300000h-0300023h \
  -AIDLOC=0200000h-020003Fh -AEEDATA=0380000h-03803FFh -peeprom_data=EEDATA \
  -preset_vec=00h -ppowerup=CODE,init -pramtop=04000h \
  -psmallconst=SMALLCONST -pmediumconst=MEDIUMCONST -pconst=CONST \
  -AFARRAM=00h-00h \
  -prdata=COMRAM,nvrram=COMRAM,nvbit=COMRAM,rbss=COMRAM,rbit=COMRAM \
  -pfarbss=FARRAM,fardata=FARRAM,nvFARRAM=FARRAM \
  -pintsave_regs=BIGRAM,bigbss=BIGRAM,bigdata=BIGRAM -pbss=RAM \
  -pidata=CODE,irdata=CODE,ibigdata=CODE,ifardata=CODE -prparam=COMRAM \
  C:\Users\Adam\AppData\Local\Temp\xcAsibo.\driver_tmp_14.o \
  dist/default/production\dash-firmware.X.production.o 

Object code version is 3.11

Machine type is 18F47Q84



                Name                               Link     Load   Length Selector   Space Scale
C:\Users\Adam\AppData\Local\Temp\xcAsibo.\driver_tmp_14.o
                config                           300000   300000       1F        0       4
                init                                 1A       1A        4        4       0
                reset_vec                             0        0        4        0       0
dist/default/production\dash-firmware.X.production.o
                config                           300000   300000       1F        0       4
                mediumconst                        FE66     FE66      19A     7F33       0
                ivt0x8                                8        8       12        4       0
                text229                           1D7C4    1D7C4       1E     8000       0
                text228                           1D862    1D862       18     8000       0
                text227                           1CB14    1CB14       50     8000       0
                text226                           18610    18610      230     8000       0
                text225                           1AB7E    1AB7E       E4     8000       0
                text224                           1CAC4    1CAC4       50     8000       0
                text223                           18C68    18C68      1E2     8000       0
                text222                           1DB58    1DB58        2     EDA8       0
                text221                           1D502    1D502       2E     8000       0
                text220                           1DB32    1DB32        6     8000       0
                text219                           1DB2C    1DB2C        6     8000       0
                text218                           1B3AC    1B3AC       C2     8000       0
                text217                           1B972    1B972       AE     8000       0
                text216                           175A0    175A0      390     8000       0
                text215                           1BACC    1BACC       AA     8000       0
                text214                           1A5B4    1A5B4      104     8000       0
                text213                           16DE8    16DE8      426     8000       0
                text212                           1D0D0    1D0D0       38     8000       0
                text211                           1650A    1650A      4B6     8000       0
                text210                           1CDB8    1CDB8       46     8000       0
                text209                           1A4AE    1A4AE      106     8000       0
                text208                           1A7B8    1A7B8       FE     8000       0
                text207                           18A56    18A56      212     8000       0
                text206                           1D940    1D940       16     8000       0
                text205                           1DAC0    1DAC0        A     8000       0
                text204                           1B21E    1B21E       CA     8000       0
                text203                           1CDFE    1CDFE       44     8000       0
                text202                           1D1AA    1D1AA       36     8000       0
                text201                           1B6A6    1B6A6       BA     8000       0
                text200                           1CF02    1CF02       3C     8000       0
                text199                           14168    14168      CC8     8000       0
                text198                           1AD3E    1AD3E       D8     8000       0
                text197                           19A72    19A72      186     8000       0
                text196                           19EDA    19EDA      162     8000       0
                text195                           1D380    1D380       34     8000       0
                text194                           17EB2    17EB2      28C     8000       0
                text193                           1C978    1C978       56     8000       0
                text192                           12564    12564      E0E     8000       0
                text191                           191F8    191F8      1CC     8000       0
                text190                           1B152    1B152       CC     8000       0
                text189                           19740    19740      1AA     8000       0
                text188                           1A9A8    1A9A8       F0     8000       0
                text187                           1AEE8    1AEE8       D0     8000       0
                text186                           19022    19022      1D6     8000       0
                text185                           1813E    1813E      26A     8000       0
                text184                           10000    10000     12B6     8000       0
                text183                           1C51E    1C51E       6E     8000       0
                text182                           1D67A    1D67A       28     8000       0
                text181                           1DB56    1DB56        2     EDA8       0
                text180                           1B52C    1B52C       BE     8000       0
                text179                           1D174    1D174       36     8000       0
                text178                           1D92A    1D92A       16     8000       0
                text177                           1D4D4    1D4D4       2E     8000       0
                text176                           1DB54    1DB54        2     EDA8       0
                text175                           1D418    1D418       32     8000       0
                text174                           1D026    1D026       3A     8000       0
                text173                           1C662    1C662       6A     8000       0
                text172                           1B760    1B760       B4     8000       0
                text171                           1D7A6    1D7A6       1E     8000       0
                text170                           1DB52    1DB52        2     EDA8       0
                text169                           1C2D4    1C2D4       7A     8000       0
                text168                           1D3E6    1D3E6       32     8000       0
                text167                           1D5D8    1D5D8       2A     8000       0
                text166                           1CFEC    1CFEC       3A     8000       0
                text165                           1DB50    1DB50        2     EDA8       0
                text164                           1D84A    1D84A       18     8000       0
                text163                           1D3B4    1D3B4       32     8000       0
                text162                           1D5AE    1D5AE       2A     8000       0
                text161                           1D97E    1D97E       14     8000       0
                text160                           1AA98    1AA98       E6     8000       0
                text159                           1D788    1D788       1E     8000       0
                text158                           1DB26    1DB26        6     8000       0
                text157                           1DAB6    1DAB6        A     8000       0
                text156                           1D7FE    1D7FE       1C     8000       0
                text155                           1D4A6    1D4A6       2E     8000       0
                text154                           1DB20    1DB20        6     8000       0
                text153                           1DB1A    1DB1A        6     8000       0
                text152                           1DB14    1DB14        6     8000       0
                text151                           1D914    1D914       16     8000       0
                text150                           1D8FE    1D8FE       16     8000       0
                text149                           1D8E8    1D8E8       16     8000       0
                text148                           1CA72    1CA72       52     8000       0
                text147                           1D6A2    1D6A2       24     8000       0
                text146                           1C152    1C152       84     8000       0
                text145                           1D7E2    1D7E2       1C     8000       0
                text144                           1D34C    1D34C       34     8000       0
                text143                           1D318    1D318       34     8000       0
                text142                           1D2E4    1D2E4       34     8000       0
                text141                           1D2B0    1D2B0       34     8000       0
                text140                           1D27C    1D27C       34     8000       0
                text139                           1CD70    1CD70       48     8000       0
                text138                           1D248    1D248       34     8000       0
                text137                           1D214    1D214       34     8000       0
                text136                           1D1E0    1D1E0       34     8000       0
                text135                           1CD28    1CD28       48     8000       0
                text134                           1DB48    1DB48        4     8000       0
                text133                           1DB44    1DB44        4     8000       0
                text132                           1DAAC    1DAAC        A     8000       0
                text131                           1DB0E    1DB0E        6     8000       0
                text130                           1DB08    1DB08        6     8000       0
                text129                           1DA80    1DA80        E     8000       0
                text128                           1DAA2    1DAA2        A     8000       0
                text127                           1DB02    1DB02        6     8000       0
                text126                           1D8D2    1D8D2       16     8000       0
                text125                           1DAFC    1DAFC        6     8000       0
                text124                           1DAF6    1DAF6        6     8000       0
                text123                           1DAF0    1DAF0        6     8000       0
                text122                           1DAEA    1DAEA        6     8000       0
                text121                           1D8BC    1D8BC       16     8000       0
                text120                           1D8A6    1D8A6       16     8000       0
                text119                           1DAE2    1DAE2        8     8000       0
                text118                           1DA98    1DA98        A     8000       0
                text117                           1D478    1D478       2E     8000       0
                text116                           1D890    1D890       16     8000       0
                text115                           1A178    1A178      128     8000       0
                text114                           1BD64    1BD64       98     8000       0
                text113                           1C256    1C256       7E     8000       0
                text112                           1BCC2    1BCC2       A2     8000       0
                text111                           1DA72    1DA72        E     8000       0
                text110                           1DB40    1DB40        4     8000       0
                text109                           1DB3C    1DB3C        4     8000       0
                text108                           1D652    1D652       28     8000       0
                text107                           1DADA    1DADA        8     8000       0
                text106                           1DA64    1DA64        E     8000       0
                text105                           1DAD2    1DAD2        8     8000       0
                text104                           1DA56    1DA56        E     8000       0
                text103                           1C4AE    1C4AE       70     8000       0
                text102                           1C34E    1C34E       78     8000       0
                text101                           1D9C8    1D9C8       10     8000       0
                text100                           1C43C    1C43C       72     8000       0
                text99                            1C8C6    1C8C6       5A     8000       0
                text98                            1D76A    1D76A       1E     8000       0
                text97                            1CA20    1CA20       52     8000       0
                text96                            1DACA    1DACA        8     8000       0
                text95                            1D6E8    1D6E8       22     8000       0
                text94                            1BC1C    1BC1C       A6     8000       0
                text93                            1B8C4    1B8C4       AE     8000       0
                text92                            1D62A    1D62A       28     8000       0
                text91                            1A03C    1A03C      13C     8000       0
                text90                            1CE42    1CE42       42     8000       0
                text89                            1C1D6    1C1D6       80     8000       0
                text88                            1D9B6    1D9B6       12     8000       0
                text87                            1DA8E    1DA8E        A     8000       0
                text86                            1BE92    1BE92       96     8000       0
                text85                            1DA48    1DA48        E     8000       0
                text84                            1D44A    1D44A       2E     8000       0
                text83                            1D6C6    1D6C6       22     8000       0
                text82                            1D584    1D584       2A     8000       0
                text81                            1CC00    1CC00       4E     8000       0
                text80                            1D74A    1D74A       20     8000       0
                text79                            1DB38    1DB38        4     8000       0
                text78                            1D9A4    1D9A4       12     8000       0
                text77                            1DA3A    1DA3A        E     8000       0
                text76                            1BDFC    1BDFC       96     8000       0
                text75                            1D87A    1D87A       16     8000       0
                text74                            1DA2C    1DA2C        E     8000       0
                text73                            1CC4E    1CC4E       4A     8000       0
                text72                            1DA1E    1DA1E        E     8000       0
                text71                            1CBB2    1CBB2       4E     8000       0
                text70                            1DA10    1DA10        E     8000       0
                text69                            1CB64    1CB64       4E     8000       0
                text68                            1DA02    1DA02        E     8000       0
                text67                            1D9F4    1D9F4        E     8000       0
                text66                            1D9E6    1D9E6        E     8000       0
                text65                            1C800    1C800       64     8000       0
                text64                            1D55A    1D55A       2A     8000       0
                text63                            1C3C6    1C3C6       76     8000       0
                text62                            1C5F8    1C5F8       6A     8000       0
                text61                            1B2E8    1B2E8       C4     8000       0
                text60                            1B814    1B814       B0     8000       0
                text59                            1720E    1720E      392     8000       0
                text58                            1BA20    1BA20       AC     8000       0
                text57                            1A3A8    1A3A8      106     8000       0
                text56                            169C0    169C0      428     8000       0
                text55                            1CFB2    1CFB2       3A     8000       0
                text54                            16052    16052      4B8     8000       0
                text53                            1CCE0    1CCE0       48     8000       0
                text52                            1A2A0    1A2A0      108     8000       0
                text51                            1A6B8    1A6B8      100     8000       0
                text50                            18840    18840      216     8000       0
                text49                            1C9CE    1C9CE       52     8000       0
                text48                            1D832    1D832       18     8000       0
                text47                            1D9D8    1D9D8        E     8000       0
                text46                            1B086    1B086       CC     8000       0
                text45                            1CC98    1CC98       48     8000       0
                text44                            1CF78    1CF78       3A     8000       0
                text43                            1B46E    1B46E       BE     8000       0
                text42                            1CEC4    1CEC4       3E     8000       0
                text41                            14E30    14E30      CA8     8000       0
                text40                            1AC62    1AC62       DC     8000       0
                text39                            198EA    198EA      188     8000       0
                text38                            19D76    19D76      164     8000       0
                text37                            1D13E    1D13E       36     8000       0
                text36                            17C24    17C24      28E     8000       0
                text35                            1C920    1C920       58     8000       0
                text34                            13372    13372      DF6     8000       0
                text33                            193C4    193C4      1C8     8000       0
                text32                            1AFB8    1AFB8       CE     8000       0
                text31                            1958C    1958C      1B4     8000       0
                text30                            1A8B6    1A8B6       F2     8000       0
                text29                            1AE16    1AE16       D2     8000       0
                text28                            18E4A    18E4A      1D8     8000       0
                text27                            183A8    183A8      268     8000       0
                text26                            112B6    112B6     12AE     8000       0
                text25                            1C79A    1C79A       66     8000       0
                text24                            1BF28    1BF28       8E     8000       0
                text23                            1D098    1D098       38     8000       0
                text22                            1CE84    1CE84       40     8000       0
                text21                            1D72A    1D72A       20     8000       0
                text20                            1D96A    1D96A       14     8000       0
                text19                            1D70A    1D70A       20     8000       0
                text18                            1D992    1D992       12     8000       0
                text17                            1C040    1C040       8A     8000       0
                text16                            19BF8    19BF8      17E     8000       0
                text15                            1BB76    1BB76       A6     8000       0
                text14                            1C58C    1C58C       6C     8000       0
                text13                            1CF3E    1CF3E       3A     8000       0
                text12                            1B5EA    1B5EA       BC     8000       0
                text11                            1D060    1D060       38     8000       0
                text10                            17930    17930      2F4     8000       0
                text9                             1C734    1C734       66     8000       0
                text8                             1D602    1D602       28     8000       0
                text7                             1C6CC    1C6CC       68     8000       0
                text6                             1BFB6    1BFB6       8A     8000       0
                text5                             1D530    1D530       2A     8000       0
                text4                             1D108    1D108       36     8000       0
                text3                             1D81A    1D81A       18     8000       0
                text2                             1D956    1D956       14     8000       0
                text1                             1C0CA    1C0CA       88     8000       0
                text0                             15AD8    15AD8      57A     8000       0
                cstackCOMRAM                        501      501       5F      501       1
                cstackBANK5                         560      560       41      560       1
                cstackBANK6                         600      600       AE      600       1
                cstackBANK7                         76C      76C       1D      700       1
                bssBANK8                            800      800       F0      800       1
                bssBANK7                            700      700       6C      700       1
                bssBANK6                            6AE      6AE       45      600       1
                dataBANK5                           5DE      5DE        3      560       1
                bssBANK5                            5A1      5A1       37      560       1
                cinit                             1C864    1C864       62     8000       0
                nvBANK7                             789      789        3      700       1
                nvBANK6                             6F3      6F3        C      600       1
                nvBANK5                             5D8      5D8        6      560       1
                idataBANK5                        1DB4C    1DB4C        3     8000       0

TOTAL           Name                               Link     Load   Length     Space
        CLASS   CODE           
                init                                 1A       1A        4         0
                reset_vec                             0        0        4         0
                ivt0x8                                8        8       12         0
                text229                           1D7C4    1D7C4       1E         0
                text228                           1D862    1D862       18         0
                text227                           1CB14    1CB14       50         0
                text226                           18610    18610      230         0
                text225                           1AB7E    1AB7E       E4         0
                text224                           1CAC4    1CAC4       50         0
                text223                           18C68    18C68      1E2         0
                text222                           1DB58    1DB58        2         0
                text221                           1D502    1D502       2E         0
                text220                           1DB32    1DB32        6         0
                text219                           1DB2C    1DB2C        6         0
                text218                           1B3AC    1B3AC       C2         0
                text217                           1B972    1B972       AE         0
                text216                           175A0    175A0      390         0
                text215                           1BACC    1BACC       AA         0
                text214                           1A5B4    1A5B4      104         0
                text213                           16DE8    16DE8      426         0
                text212                           1D0D0    1D0D0       38         0
                text211                           1650A    1650A      4B6         0
                text210                           1CDB8    1CDB8       46         0
                text209                           1A4AE    1A4AE      106         0
                text208                           1A7B8    1A7B8       FE         0
                text207                           18A56    18A56      212         0
                text206                           1D940    1D940       16         0
                text205                           1DAC0    1DAC0        A         0
                text204                           1B21E    1B21E       CA         0
                text203                           1CDFE    1CDFE       44         0
                text202                           1D1AA    1D1AA       36         0
                text201                           1B6A6    1B6A6       BA         0
                text200                           1CF02    1CF02       3C         0
                text199                           14168    14168      CC8         0
                text198                           1AD3E    1AD3E       D8         0
                text197                           19A72    19A72      186         0
                text196                           19EDA    19EDA      162         0
                text195                           1D380    1D380       34         0
                text194                           17EB2    17EB2      28C         0
                text193                           1C978    1C978       56         0
                text192                           12564    12564      E0E         0
                text191                           191F8    191F8      1CC         0
                text190                           1B152    1B152       CC         0
                text189                           19740    19740      1AA         0
                text188                           1A9A8    1A9A8       F0         0
                text187                           1AEE8    1AEE8       D0         0
                text186                           19022    19022      1D6         0
                text185                           1813E    1813E      26A         0
                text184                           10000    10000     12B6         0
                text183                           1C51E    1C51E       6E         0
                text182                           1D67A    1D67A       28         0
                text181                           1DB56    1DB56        2         0
                text180                           1B52C    1B52C       BE         0
                text179                           1D174    1D174       36         0
                text178                           1D92A    1D92A       16         0
                text177                           1D4D4    1D4D4       2E         0
                text176                           1DB54    1DB54        2         0
                text175                           1D418    1D418       32         0
                text174                           1D026    1D026       3A         0
                text173                           1C662    1C662       6A         0
                text172                           1B760    1B760       B4         0
                text171                           1D7A6    1D7A6       1E         0
                text170                           1DB52    1DB52        2         0
                text169                           1C2D4    1C2D4       7A         0
                text168                           1D3E6    1D3E6       32         0
                text167                           1D5D8    1D5D8       2A         0
                text166                           1CFEC    1CFEC       3A         0
                text165                           1DB50    1DB50        2         0
                text164                           1D84A    1D84A       18         0
                text163                           1D3B4    1D3B4       32         0
                text162                           1D5AE    1D5AE       2A         0
                text161                           1D97E    1D97E       14         0
                text160                           1AA98    1AA98       E6         0
                text159                           1D788    1D788       1E         0
                text158                           1DB26    1DB26        6         0
                text157                           1DAB6    1DAB6        A         0
                text156                           1D7FE    1D7FE       1C         0
                text155                           1D4A6    1D4A6       2E         0
                text154                           1DB20    1DB20        6         0
                text153                           1DB1A    1DB1A        6         0
                text152                           1DB14    1DB14        6         0
                text151                           1D914    1D914       16         0
                text150                           1D8FE    1D8FE       16         0
                text149                           1D8E8    1D8E8       16         0
                text148                           1CA72    1CA72       52         0
                text147                           1D6A2    1D6A2       24         0
                text146                           1C152    1C152       84         0
                text145                           1D7E2    1D7E2       1C         0
                text144                           1D34C    1D34C       34         0
                text143                           1D318    1D318       34         0
                text142                           1D2E4    1D2E4       34         0
                text141                           1D2B0    1D2B0       34         0
                text140                           1D27C    1D27C       34         0
                text139                           1CD70    1CD70       48         0
                text138                           1D248    1D248       34         0
                text137                           1D214    1D214       34         0
                text136                           1D1E0    1D1E0       34         0
                text135                           1CD28    1CD28       48         0
                text134                           1DB48    1DB48        4         0
                text133                           1DB44    1DB44        4         0
                text132                           1DAAC    1DAAC        A         0
                text131                           1DB0E    1DB0E        6         0
                text130                           1DB08    1DB08        6         0
                text129                           1DA80    1DA80        E         0
                text128                           1DAA2    1DAA2        A         0
                text127                           1DB02    1DB02        6         0
                text126                           1D8D2    1D8D2       16         0
                text125                           1DAFC    1DAFC        6         0
                text124                           1DAF6    1DAF6        6         0
                text123                           1DAF0    1DAF0        6         0
                text122                           1DAEA    1DAEA        6         0
                text121                           1D8BC    1D8BC       16         0
                text120                           1D8A6    1D8A6       16         0
                text119                           1DAE2    1DAE2        8         0
                text118                           1DA98    1DA98        A         0
                text117                           1D478    1D478       2E         0
                text116                           1D890    1D890       16         0
                text115                           1A178    1A178      128         0
                text114                           1BD64    1BD64       98         0
                text113                           1C256    1C256       7E         0
                text112                           1BCC2    1BCC2       A2         0
                text111                           1DA72    1DA72        E         0
                text110                           1DB40    1DB40        4         0
                text109                           1DB3C    1DB3C        4         0
                text108                           1D652    1D652       28         0
                text107                           1DADA    1DADA        8         0
                text106                           1DA64    1DA64        E         0
                text105                           1DAD2    1DAD2        8         0
                text104                           1DA56    1DA56        E         0
                text103                           1C4AE    1C4AE       70         0
                text102                           1C34E    1C34E       78         0
                text101                           1D9C8    1D9C8       10         0
                text100                           1C43C    1C43C       72         0
                text99                            1C8C6    1C8C6       5A         0
                text98                            1D76A    1D76A       1E         0
                text97                            1CA20    1CA20       52         0
                text96                            1DACA    1DACA        8         0
                text95                            1D6E8    1D6E8       22         0
                text94                            1BC1C    1BC1C       A6         0
                text93                            1B8C4    1B8C4       AE         0
                text92                            1D62A    1D62A       28         0
                text91                            1A03C    1A03C      13C         0
                text90                            1CE42    1CE42       42         0
                text89                            1C1D6    1C1D6       80         0
                text88                            1D9B6    1D9B6       12         0
                text87                            1DA8E    1DA8E        A         0
                text86                            1BE92    1BE92       96         0
                text85                            1DA48    1DA48        E         0
                text84                            1D44A    1D44A       2E         0
                text83                            1D6C6    1D6C6       22         0
                text82                            1D584    1D584       2A         0
                text81                            1CC00    1CC00       4E         0
                text80                            1D74A    1D74A       20         0
                text79                            1DB38    1DB38        4         0
                text78                            1D9A4    1D9A4       12         0
                text77                            1DA3A    1DA3A        E         0
                text76                            1BDFC    1BDFC       96         0
                text75                            1D87A    1D87A       16         0
                text74                            1DA2C    1DA2C        E         0
                text73                            1CC4E    1CC4E       4A         0
                text72                            1DA1E    1DA1E        E         0
                text71                            1CBB2    1CBB2       4E         0
                text70                            1DA10    1DA10        E         0
                text69                            1CB64    1CB64       4E         0
                text68                            1DA02    1DA02        E         0
                text67                            1D9F4    1D9F4        E         0
                text66                            1D9E6    1D9E6        E         0
                text65                            1C800    1C800       64         0
                text64                            1D55A    1D55A       2A         0
                text63                            1C3C6    1C3C6       76         0
                text62                            1C5F8    1C5F8       6A         0
                text61                            1B2E8    1B2E8       C4         0
                text60                            1B814    1B814       B0         0
                text59                            1720E    1720E      392         0
                text58                            1BA20    1BA20       AC         0
                text57                            1A3A8    1A3A8      106         0
                text56                            169C0    169C0      428         0
                text55                            1CFB2    1CFB2       3A         0
                text54                            16052    16052      4B8         0
                text53                            1CCE0    1CCE0       48         0
                text52                            1A2A0    1A2A0      108         0
                text51                            1A6B8    1A6B8      100         0
                text50                            18840    18840      216         0
                text49                            1C9CE    1C9CE       52         0
                text48                            1D832    1D832       18         0
                text47                            1D9D8    1D9D8        E         0
                text46                            1B086    1B086       CC         0
                text45                            1CC98    1CC98       48         0
                text44                            1CF78    1CF78       3A         0
                text43                            1B46E    1B46E       BE         0
                text42                            1CEC4    1CEC4       3E         0
                text41                            14E30    14E30      CA8         0
                text40                            1AC62    1AC62       DC         0
                text39                            198EA    198EA      188         0
                text38                            19D76    19D76      164         0
                text37                            1D13E    1D13E       36         0
                text36                            17C24    17C24      28E         0
                text35                            1C920    1C920       58         0
                text34                            13372    13372      DF6         0
                text33                            193C4    193C4      1C8         0
                text32                            1AFB8    1AFB8       CE         0
                text31                            1958C    1958C      1B4         0
                text30                            1A8B6    1A8B6       F2         0
                text29                            1AE16    1AE16       D2         0
                text28                            18E4A    18E4A      1D8         0
                text27                            183A8    183A8      268         0
                text26                            112B6    112B6     12AE         0
                text25                            1C79A    1C79A       66         0
                text24                            1BF28    1BF28       8E         0
                text23                            1D098    1D098       38         0
                text22                            1CE84    1CE84       40         0
                text21                            1D72A    1D72A       20         0
                text20                            1D96A    1D96A       14         0
                text19                            1D70A    1D70A       20         0
                text18                            1D992    1D992       12         0
                text17                            1C040    1C040       8A         0
                text16                            19BF8    19BF8      17E         0
                text15                            1BB76    1BB76       A6         0
                text14                            1C58C    1C58C       6C         0
                text13                            1CF3E    1CF3E       3A         0
                text12                            1B5EA    1B5EA       BC         0
                text11                            1D060    1D060       38         0
                text10                            17930    17930      2F4         0
                text9                             1C734    1C734       66         0
                text8                             1D602    1D602       28         0
                text7                             1C6CC    1C6CC       68         0
                text6                             1BFB6    1BFB6       8A         0
                text5                             1D530    1D530       2A         0
                text4                             1D108    1D108       36         0
                text3                             1D81A    1D81A       18         0
                text2                             1D956    1D956       14         0
                text1                             1C0CA    1C0CA       88         0
                text0                             15AD8    15AD8      57A         0
                cinit                             1C864    1C864       62         0
                idataBANK5                        1DB4C    1DB4C        3         0

        CLASS   CONST          

        CLASS   SMALLCONST     

        CLASS   MEDIUMCONST    
                mediumconst                        FE66     FE66      19A         0

        CLASS   COMRAM         
                cstackCOMRAM                        501      501       5F         1

        CLASS   ABS1           

        CLASS   BIGRAM         

        CLASS   RAM            

        CLASS   BANK5          
                cstackBANK5                         560      560       41         1
                dataBANK5                           5DE      5DE        3         1
                bssBANK5                            5A1      5A1       37         1
                nvBANK5                             5D8      5D8        6         1

        CLASS   BANK6          
                cstackBANK6                         600      600       AE         1
                bssBANK6                            6AE      6AE       45         1
                nvBANK6                             6F3      6F3        C         1

        CLASS   BANK7          
                cstackBANK7                         76C      76C       1D         1
                bssBANK7                            700      700       6C         1
                nvBANK7                             789      789        3         1

        CLASS   BANK8          
                bssBANK8                            800      800       F0         1

        CLASS   BANK9          

        CLASS   BANK10         

        CLASS   BANK11         

        CLASS   BANK12         

        CLASS   BANK13         

        CLASS   BANK14         

        CLASS   BANK15         

        CLASS   BANK16         

        CLASS   BANK17         

        CLASS   BANK18         

        CLASS   BANK19         

        CLASS   BANK20         

        CLASS   BANK21         

        CLASS   BANK22         

        CLASS   BANK23         

        CLASS   BANK24         

        CLASS   BANK25         

        CLASS   BANK26         

        CLASS   BANK27         

        CLASS   BANK28         

        CLASS   BANK29         

        CLASS   BANK30         

        CLASS   BANK31         

        CLASS   BANK32         

        CLASS   BANK33         

        CLASS   BANK34         

        CLASS   BANK35         

        CLASS   BANK36         

        CLASS   BANK37         

        CLASS   BANK38         

        CLASS   BANK39         

        CLASS   BANK40         

        CLASS   BANK41         

        CLASS   BANK42         

        CLASS   BANK43         

        CLASS   BANK44         

        CLASS   BANK45         

        CLASS   BANK46         

        CLASS   BANK47         

        CLASS   BANK48         

        CLASS   BANK49         

        CLASS   BANK50         

        CLASS   BANK51         

        CLASS   BANK52         

        CLASS   BANK53         

        CLASS   BANK54         

        CLASS   SFR            

        CLASS   BIGSFR         

        CLASS   CONFIG         
                config                           300000   300000       1F         4

        CLASS   IDLOC          

        CLASS   EEDATA         

        CLASS   FARRAM         

        CLASS   HEAP           

        CLASS   STACK          



SEGMENTS        Name                           Load    Length   Top    Selector   Space  Class

                reset_vec                      000000  000004  000004         0       0  CODE    
                ivt0x8                         000008  000016  00001E         4       0  CODE    
                cstackCOMRAM                   000501  00005F  000560       501       1  COMRAM  
                cstackBANK5                    000560  000081  0005E1       560       1  BANK5   
                cstackBANK6                    000600  0000FF  0006FF       600       1  BANK6   
                bssBANK7                       000700  00008C  00078C       700       1  BANK7   
                bssBANK8                       000800  0000F0  0008F0       800       1  BANK8   
                mediumconst                    00FE66  00019A  010000      7F33       0  MEDIUMCO
                text184                        010000  00DB4F  01DB4F      8000       0  CODE    
                text165                        01DB50  00000A  01DB5A      EDA8       0  CODE    


UNUSED ADDRESS RANGES

        Name                Unused          Largest block    Delta
        BANK10           000A00-000AFF              100
        BANK11           000B00-000BFF              100
        BANK12           000C00-000CFF              100
        BANK13           000D00-000DFF              100
        BANK14           000E00-000EFF              100
        BANK15           000F00-000FFF              100
        BANK16           001000-0010FF              100
        BANK17           001100-0011FF              100
        BANK18           001200-0012FF              100
        BANK19           001300-0013FF              100
        BANK20           001400-0014FF              100
        BANK21           001500-0015FF              100
        BANK22           001600-0016FF              100
        BANK23           001700-0017FF              100
        BANK24           001800-0018FF              100
        BANK25           001900-0019FF              100
        BANK26           001A00-001AFF              100
        BANK27           001B00-001BFF              100
        BANK28           001C00-001CFF              100
        BANK29           001D00-001DFF              100
        BANK30           001E00-001EFF              100
        BANK31           001F00-001FFF              100
        BANK32           002000-0020FF              100
        BANK33           002100-0021FF              100
        BANK34           002200-0022FF              100
        BANK35           002300-0023FF              100
        BANK36           002400-0024FF              100
        BANK37           002500-0025FF              100
        BANK38           002600-0026FF              100
        BANK39           002700-0027FF              100
        BANK40           002800-0028FF              100
        BANK41           002900-0029FF              100
        BANK42           002A00-002AFF              100
        BANK43           002B00-002BFF              100
        BANK44           002C00-002CFF              100
        BANK45           002D00-002DFF              100
        BANK46           002E00-002EFF              100
        BANK47           002F00-002FFF              100
        BANK48           003000-0030FF              100
        BANK49           003100-0031FF              100
        BANK5            0005E1-0005FF               1F
        BANK50           003200-0032FF              100
        BANK51           003300-0033FF              100
        BANK52           003400-0034FF              100
        BANK53           003500-0035FF              100
        BANK54           003600-0036FF              100
        BANK6            0006FF-0006FF                1
        BANK7            00078C-0007FF               74
        BANK8            0008F0-0008FF               10
        BANK9            000900-0009FF              100
        BIGRAM           0005E1-0005FF               1F
                         0006FF-0006FF                1
                         00078C-0007FF               74
                         0008F0-0036FF             2E10
        BIGSFR           000000-0004FF              500
                         003700-003FFF              900
        CODE             000004-000007                4
                         00001E-00FE65             FE48
                         01DB4F-01DB4F                1
                         01DB5A-01FFFF             24A6
        CONFIG           30001F-300023                5
        CONST            000004-000007                4
                         00001E-00FE65             FE48
                         01DB4F-01DB4F                1
                         01DB5A-01FFFF             24A6
        EEDATA           380000-3803FF              400
        IDLOC            200000-20003F               40
        MEDIUMCONST      004000-00FE65             BE66
                         01DB4F-01DB4F                1
                         01DB5A-01FFFF             24A6
        RAM              0005E1-0005FF               1F
                         0006FF-0006FF                1
                         00078C-0007FF               74
                         0008F0-0036FF              100
        SFR              000000-0004FF              100
                         003700-003FFF              100
        SMALLCONST       004000-00FE65              100
                         01DB4F-01DB4F                1
                         01DB5A-01FFFF              100

                                  Symbol Table

?_LCD_print                                               cstackBANK7  00076C
?___aodiv                                                 cstackBANK6  000600
?___aomod                                                 cstackBANK6  000600
?___awdiv                                                 cstackBANK6  000600
?___awmod                                                 cstackBANK6  000600
?___fladd                                                 cstackBANK6  000600
?___fldiv                                                 cstackBANK6  000600
?___flmul                                                 cstackBANK6  000600
?___flneg                                                 cstackBANK6  000600
?___flsub                                                 cstackBANK6  000619
?___fltol                                                 cstackBANK6  000600
?___fpclassifyf                                           cstackBANK6  000600
?___lldiv                                                 cstackBANK6  00060C
?___llmod                                                 cstackBANK6  000600
?___lmul                                                  cstackBANK6  000600
?___lodiv                                                 cstackBANK6  000600
?___lomod                                                 cstackBANK6  000600
?___lwdiv                                                 cstackBANK6  000600
?_abs                                                     cstackBANK6  000612
?_atoa                                                    cstackBANK6  00062D
?_ctoa                                                    cstackBANK6  00060B
?_dtoa                                                    cstackBANK6  00061B
?_efgtoa                                                  cstackBANK6  00062D
?_floorf                                                  cstackBANK6  000619
?_labs                                                    cstackBANK6  000600
?_otoa                                                    cstackBANK6  00061B
?_pad                                                     cstackBANK6  000612
?_power_get_average_kw                                    cstackBANK6  000619
?_power_get_bar                                           cstackBANK6  000619
?_power_get_instant_kw                                    cstackBANK6  000619
?_printf                                                  cstackBANK6  000692
?_read_prec_or_width                                      cstackBANK6  000600
?_stoa                                                    cstackBANK6  00060B
?_strlen                                                  cstackBANK6  000600
?_utoa                                                    cstackBANK6  00061B
?_vfpfcnvrt                                               cstackBANK6  00066A
?_vfprintf                                                cstackBANK6  00068A
?_xtoa                                                    cstackBANK6  00061B
?i2___aodiv                                               cstackCOMRAM 000501
?i2___aomod                                               cstackCOMRAM 000501
?i2___awdiv                                               cstackCOMRAM 000501
?i2___awmod                                               cstackCOMRAM 000501
?i2___fladd                                               cstackCOMRAM 000501
?i2___fldiv                                               cstackCOMRAM 000501
?i2___flmul                                               cstackCOMRAM 000501
?i2___flneg                                               cstackCOMRAM 000501
?i2___flsub                                               cstackCOMRAM 00051A
?i2___fltol                                               cstackCOMRAM 000501
?i2___fpclassifyf                                         cstackCOMRAM 000501
?i2___lmul                                                cstackCOMRAM 000501
?i2___lodiv                                               cstackCOMRAM 000501
?i2___lomod                                               cstackCOMRAM 000501
?i2_abs                                                   cstackCOMRAM 000513
?i2_atoa                                                  cstackCOMRAM 00052E
?i2_ctoa                                                  cstackCOMRAM 00050C
?i2_dtoa                                                  cstackCOMRAM 00051C
?i2_efgtoa                                                cstackCOMRAM 00052E
?i2_floorf                                                cstackCOMRAM 00051A
?i2_labs                                                  cstackCOMRAM 000501
?i2_otoa                                                  cstackCOMRAM 00051C
?i2_pad                                                   cstackCOMRAM 000513
?i2_printf                                                cstackBANK5  00059F
?i2_read_prec_or_width                                    cstackCOMRAM 000501
?i2_stoa                                                  cstackCOMRAM 00050C
?i2_strlen                                                cstackCOMRAM 000501
?i2_utoa                                                  cstackCOMRAM 00051C
?i2_vfpfcnvrt                                             cstackBANK5  000593
?i2_vfprintf                                              cstackBANK5  000599
?i2_xtoa                                                  cstackCOMRAM 00051C
CAN1_OperationModeSet@opMode                              cstackBANK6  000600
CAN1_OperationModeSet@requestMode                         cstackBANK6  000602
CAN1_OperationModeSet@status                              cstackBANK6  000601
CAN1_RX_FIFO_ResetInfo@index                              cstackBANK6  000600
CAN1_Receive@index                                        cstackCOMRAM 000524
CAN1_Receive@rxCanMsg                                     cstackCOMRAM 000521
CAN1_Receive@status                                       cstackCOMRAM 000523
CAN1_SetFIFO1NotEmptyHandler@handler                      cstackBANK6  000600
GetDashboardData@data                                     cstackBANK6  000600
GetRxFifoDepth@validChannel                               cstackCOMRAM 000502
GetRxFifoStatus@validChannel                              cstackCOMRAM 000501
I2C1_CallbackReturnReset@funPtr                           cstackBANK6  00060B
I2C1_Close@returnValue                                    cstackBANK6  000600
I2C1_DO_RX@retFsmState                                    cstackBANK6  000611
I2C1_DO_TX@dataTx                                         cstackBANK6  00060F
I2C1_DO_TX@retFsmState                                    cstackBANK6  000610
I2C1_MasterOperation@read                                 cstackBANK6  000613
I2C1_MasterOperation@returnValue                          cstackBANK6  000614
I2C1_MasterSendTxData@data                                cstackBANK6  000600
I2C1_MasterSetCounter@counter                             cstackBANK6  000600
I2C1_Open@address                                         cstackBANK6  000600
I2C1_Open@returnValue                                     cstackBANK6  000601
I2C1_SetBuffer@buffer                                     cstackBANK6  000600
I2C1_SetBuffer@bufferSize                                 cstackBANK6  000602
I2C1_SetBuffer_4bitmode@buffer                            cstackBANK6  000606
I2C1_SetBuffer_4bitmode@data                              cstackBANK6  00060A
I2C1_SetBuffer_4bitmode@data_high                         cstackBANK6  00060B
I2C1_SetBuffer_4bitmode@data_low                          cstackBANK6  00060C
I2C1_SetBuffer_4bitmode@rs                                cstackBANK6  000604
I2C1_SetCallback@cb                                       cstackBANK6  000600
I2C1_SetCallback@idx                                      cstackBANK6  000605
I2C1_SetCallback@ptr                                      cstackBANK6  000603
I2C1_SetDataCompleteCallback@cb                           cstackBANK6  000606
I2C1_SetDataCompleteCallback@ptr                          cstackBANK6  000609
IOCAF0_SetInterruptHandler@InterruptHandler               cstackBANK6  000600
IVTBASEH                                                  (abs)        00045E
IVTBASEL                                                  (abs)        00045D
IVTBASEU                                                  (abs)        00045F
LCD_clear_row@row                                         cstackBANK6  0006A7
LCD_create_custom_char@F23604                             mediumconst  00FEC3
LCD_create_custom_char@F23606                             mediumconst  00FEBB
LCD_create_custom_char@F23608                             mediumconst  00FEB3
LCD_create_custom_char@i                                  cstackBANK6  00062F
LCD_create_custom_char@i_3155                             cstackBANK6  000631
LCD_create_custom_char@i_3156                             cstackBANK6  000633
LCD_create_custom_char@left                               cstackBANK6  000617
LCD_create_custom_char@middle                             cstackBANK6  00061F
LCD_create_custom_char@right                              cstackBANK6  000627
LCD_print@args                                            cstackBANK7  000787
LCD_print@buffer                                          cstackBANK7  000776
LCD_print@str                                             cstackBANK7  00076C
LCD_send_byte@data                                        cstackBANK6  000616
LCD_send_byte@rs                                          cstackBANK6  000615
LCD_send_nibble_cmd@buffer                                cstackBANK6  000615
LCD_send_nibble_cmd@data_high                             cstackBANK6  000617
LCD_set_cursor@address                                    cstackBANK6  00061B
LCD_set_cursor@col                                        cstackBANK6  000617
LCD_set_cursor@row                                        cstackBANK6  000618
LCD_write_char@c                                          cstackBANK6  000617
LCD_write_string@str                                      cstackBANK6  000617
ProcessCANMessage@i                                       cstackCOMRAM 000531
ProcessCANMessage@i_3233                                  cstackCOMRAM 000532
ProcessCANMessage@i_3234                                  cstackCOMRAM 000533
ProcessCANMessage@rx_buff                                 cstackCOMRAM 000529
ReadMessageFromFifo@msgId                                 cstackCOMRAM 000512
ReadMessageFromFifo@rxCanMsg                              cstackCOMRAM 00050E
ReadMessageFromFifo@rxFifoObj                             cstackCOMRAM 00050C
ReadMessageFromFifo@status                                cstackCOMRAM 000516
RealTimeClockHandler@F23655                               bssBANK7     000700
RealTimeClockHandler@data                                 cstackCOMRAM 000515
Receive@channel                                           cstackCOMRAM 000517
Receive@index                                             cstackCOMRAM 000520
Receive@rxCanMsg                                          cstackCOMRAM 000518
Receive@rxFifoObj                                         cstackCOMRAM 00051D
Receive@rxMsgStatus                                       cstackCOMRAM 00051F
Receive@status                                            cstackCOMRAM 00051C
TMR0_ISR@CountCallBack                                    bssBANK5     0005BC
TMR0_SetInterruptHandler@InterruptHandler                 cstackBANK6  000600
TMR1_ISR@CountCallBack                                    bssBANK5     0005C0
TMR1_SetInterruptHandler@InterruptHandler                 cstackBANK6  000600
TMR1_WriteTimer@timerVal                                  cstackCOMRAM 000501
TMR3_SetInterruptHandler@InterruptHandler                 cstackBANK6  000600
TMR3_WriteTimer@timerVal                                  cstackCOMRAM 000501
UART1_SetErrorHandler@interruptHandler                    cstackBANK6  000600
UART1_SetFramingErrorHandler@interruptHandler             cstackBANK6  000600
UART1_SetOverrunErrorHandler@interruptHandler             cstackBANK6  000600
UART1_Write@txData                                        cstackBANK6  000600
_ANSELA                                                   (abs)        000400
_ANSELB                                                   (abs)        000408
_ANSELC                                                   (abs)        000410
_ANSELD                                                   (abs)        000418
_ANSELE                                                   (abs)        000420
_ButtonHoldTimer                                          text164      01D84A
_ButtonPressHandler                                       text180      01B52C
_C1CONH                                                   (abs)        000101
_C1CONHbits                                               (abs)        000101
_C1CONL                                                   (abs)        000100
_C1CONTbits                                               (abs)        000103
_C1CONU                                                   (abs)        000102
_C1CONUbits                                               (abs)        000102
_C1FIFOBA                                                 (abs)        00014C
_C1FIFOCON1H                                              (abs)        00015D
_C1FIFOCON1L                                              (abs)        00015C
_C1FIFOCON1Lbits                                          (abs)        00015C
_C1FIFOCON1T                                              (abs)        00015F
_C1FIFOCON1U                                              (abs)        00015E
_C1FIFOSTA1Lbits                                          (abs)        000160
_C1FLTCON0L                                               (abs)        000180
_C1FLTOBJ0H                                               (abs)        00018D
_C1FLTOBJ0L                                               (abs)        00018C
_C1FLTOBJ0T                                               (abs)        00018F
_C1FLTOBJ0U                                               (abs)        00018E
_C1INTHbits                                               (abs)        00011D
_C1INTTbits                                               (abs)        00011F
_C1INTUbits                                               (abs)        00011E
_C1MASK0H                                                 (abs)        000191
_C1MASK0L                                                 (abs)        000190
_C1MASK0T                                                 (abs)        000193
_C1MASK0U                                                 (abs)        000192
_C1NBTCFGH                                                (abs)        000105
_C1NBTCFGL                                                (abs)        000104
_C1NBTCFGT                                                (abs)        000107
_C1NBTCFGU                                                (abs)        000106
_C1TRECUbits                                              (abs)        000136
_C1TXQCONL                                                (abs)        000150
_CAN1_BitRateConfiguration                                text88       01D9B6
_CAN1_FIFO1NotEmptyHandler                                bssBANK5     0005B5
_CAN1_Initialize                                          text81       01CC00
_CAN1_OperationModeGet                                    text87       01DA8E
_CAN1_OperationModeSet                                    text86       01BE92
_CAN1_RXI_ISR                                             text221      01D502
_CAN1_RX_FIFO_Configuration                               text84       01D44A
_CAN1_RX_FIFO_FilterMaskConfiguration                     text83       01D6C6
_CAN1_RX_FIFO_ResetInfo                                   text82       01D584
_CAN1_Receive                                             text224      01CAC4
_CAN1_SetFIFO1NotEmptyHandler                             text85       01DA48
_CANRXPPS                                                 (abs)        00023D
_DLC_BYTES                                                mediumconst  00FEAA
_DefaultFIFO1NotEmptyHandler                              text222      01DB58
_GetDashboardData                                         text159      01D788
_GetRxFifoDepth                                           text229      01D7C4
_GetRxFifoStatus                                          text228      01D862
_I2C1BAUD                                                 (abs)        00029D
_I2C1CLK                                                  (abs)        00029E
_I2C1CNTH                                                 (abs)        00028D
_I2C1CNTL                                                 (abs)        00028C
_I2C1CON0                                                 (abs)        000294
_I2C1CON0bits                                             (abs)        000294
_I2C1CON1                                                 (abs)        000295
_I2C1CON1bits                                             (abs)        000295
_I2C1CON2                                                 (abs)        000296
_I2C1ERR                                                  (abs)        000297
_I2C1ERRbits                                              (abs)        000297
_I2C1PIE                                                  (abs)        00029B
_I2C1PIEbits                                              (abs)        00029B
_I2C1PIR                                                  (abs)        00029A
_I2C1PIRbits                                              (abs)        00029A
_I2C1RXB                                                  (abs)        00028A
_I2C1SCLPPS                                               (abs)        000271
_I2C1SDAPPS                                               (abs)        000270
_I2C1STAT1bits                                            (abs)        000299
_I2C1TXB                                                  (abs)        00028B
_I2C1_CallbackReturnReset                                 text133      01DB44
_I2C1_CallbackReturnStop                                  text134      01DB48
_I2C1_ClearInterruptFlags                                 text148      01CA72
_I2C1_Close                                               text155      01D4A6
_I2C1_DO_ADDRESS_NACK                                     text103      01C4AE
_I2C1_DO_BUS_COLLISION                                    text102      01C34E
_I2C1_DO_BUS_ERROR                                        text101      01D9C8
_I2C1_DO_IDLE                                             text118      01DA98
_I2C1_DO_RESET                                            text104      01DA56
_I2C1_DO_RX                                               text114      01BD64
_I2C1_DO_RX_ACK                                           text107      01DADA
_I2C1_DO_RX_EMPTY                                         text112      01BCC2
_I2C1_DO_RX_NACK_RESTART                                  text105      01DAD2
_I2C1_DO_RX_NACK_STOP                                     text106      01DA64
_I2C1_DO_SEND_ADR_READ                                    text117      01D478
_I2C1_DO_SEND_ADR_WRITE                                   text116      01D890
_I2C1_DO_SEND_RESTART                                     text109      01DB3C
_I2C1_DO_SEND_RESTART_READ                                text111      01DA72
_I2C1_DO_SEND_RESTART_WRITE                               text110      01DB40
_I2C1_DO_SEND_STOP                                        text108      01D652
_I2C1_DO_TX                                               text115      01A178
_I2C1_DO_TX$1066                                          cstackBANK6  000611
_I2C1_DO_TX_ACK                                           text119      01DAE2
_I2C1_DO_TX_EMPTY                                         text113      01C256
_I2C1_Initialize                                          text80       01D74A
_I2C1_MasterClearCountFlag                                text154      01DB20
_I2C1_MasterClearIrq                                      text158      01DB26
_I2C1_MasterClearNackFlag                                 text153      01DB1A
_I2C1_MasterClearStopFlag                                 text152      01DB14
_I2C1_MasterClose                                         text157      01DAB6
_I2C1_MasterDisableIrq                                    text156      01D7FE
_I2C1_MasterDisableRestart                                text131      01DB0E
_I2C1_MasterEnableRestart                                 text130      01DB08
_I2C1_MasterFsm                                           text100      01C43C
_I2C1_MasterGetCounter                                    text122      01DAEA
_I2C1_MasterGetRxData                                     text127      01DB02
_I2C1_MasterIsCountFlagSet                                text151      01D914
_I2C1_MasterIsNack                                        text121      01D8BC
_I2C1_MasterIsNackFlagSet                                 text150      01D8FE
_I2C1_MasterIsRxBufFull                                   text126      01D8D2
_I2C1_MasterIsStopFlagSet                                 text149      01D8E8
_I2C1_MasterIsTxBufEmpty                                  text120      01D8A6
_I2C1_MasterOpen                                          text95       01D6E8
_I2C1_MasterOperation                                     text97       01CA20
_I2C1_MasterResetBus                                      text132      01DAAC
_I2C1_MasterSendAck                                       text125      01DAFC
_I2C1_MasterSendNack                                      text124      01DAF6
_I2C1_MasterSendTxData                                    text128      01DAA2
_I2C1_MasterSetCounter                                    text129      01DA80
_I2C1_MasterStop                                          text123      01DAF0
_I2C1_MasterWaitForEvent                                  text99       01C8C6
_I2C1_MasterWrite                                         text96       01DACA
_I2C1_Open                                                text94       01BC1C
_I2C1_Poller                                              text98       01D76A
_I2C1_SetBuffer                                           text147      01D6A2
_I2C1_SetBuffer_4bitmode                                  text93       01B8C4
_I2C1_SetCallback                                         text146      01C152
_I2C1_SetDataCompleteCallback                             text145      01D7E2
_I2C1_Status                                              bssBANK6     0006AE
_INLVLA                                                   (abs)        000404
_INLVLB                                                   (abs)        00040C
_INLVLC                                                   (abs)        000414
_INLVLD                                                   (abs)        00041C
_INLVLE                                                   (abs)        000424
_INTCON0bits                                              (abs)        0004D6
_INTERRUPT_Initialize                                     text79       01DB38
_INTERRUPT_InterruptManager                               text160      01AA98
_IOCAF0_DefaultInterruptHandler                           text181      01DB56
_IOCAF0_ISR                                               text179      01D174
_IOCAF0_InterruptHandler                                  nvBANK5      0005DB
_IOCAF0_SetInterruptHandler                               text77       01DA3A
_IOCAFbits                                                (abs)        000407
_IOCANbits                                                (abs)        000406
_IOCAPbits                                                (abs)        000405
_LATA                                                     (abs)        0004BE
_LATB                                                     (abs)        0004BF
_LATC                                                     (abs)        0004C0
_LATD                                                     (abs)        0004C1
_LATE                                                     (abs)        0004C2
_LCD_clear                                                text19       01D70A
_LCD_clear_row                                            text21       01D72A
_LCD_create_custom_char                                   text91       01A03C
_LCD_init                                                 text89       01C1D6
_LCD_print                                                text23       01D098
_LCD_send_byte                                            text92       01D62A
_LCD_send_nibble_cmd                                      text90       01CE42
_LCD_set_cursor                                           text22       01CE84
_LCD_set_cursor$3130                                      cstackBANK6  000619
_LCD_write_char                                           text18       01D992
_LCD_write_string                                         text62       01C5F8
_ODCONA                                                   (abs)        000402
_ODCONB                                                   (abs)        00040A
_ODCONC                                                   (abs)        000412
_ODCOND                                                   (abs)        00041A
_ODCONE                                                   (abs)        000422
[...]
vsprintf@fmt                                              cstackBANK6  000694
vsprintf@s                                                cstackBANK6  000692
wr1RegCompleteHandler@i2c1_master_example$F162@ptr        cstackBANK6  00060B
wr1RegCompleteHandler@p                                   cstackBANK6  00060B
wr2RegCompleteHandler@i2c1_master_example$F168@ptr        cstackBANK6  00060B
wr2RegCompleteHandler@p                                   cstackBANK6  00060B
xtoa@a                                                    cstackBANK6  00062E
xtoa@c                                                    cstackBANK6  000636
xtoa@d                                                    cstackBANK6  00061D
xtoa@d_nonzero                                            cstackBANK6  000633
xtoa@fp                                                   cstackBANK6  00061B
xtoa@i                                                    cstackBANK6  000637
xtoa@p                                                    cstackBANK6  000631
xtoa@w                                                    cstackBANK6  000634
xtoa@x                                                    cstackBANK6  000625


MODULE INFORMATION

Module		Function		Class		Link	Load	Size
animation.c
		_animation_isr 		CODE           	1D4D4	0000	46
		_timer0_init   		CODE           	1D956	0000	20
		_animation_stop		CODE           	1D96A	0000	20

animation.c estimated size: 86

C:\Program Files\Microchip\xc8\v3.00\pic\sources\c99\common\flge.c
		___flge        		CODE           	1A3A8	0000	262

C:\Program Files\Microchip\xc8\v3.00\pic\sources\c99\common\flge.c estimated size: 262

mcc_generated_files/can1.c
		_ReadMessageFromFifo		CODE           	18610	0000	560
		_DefaultFIFO1NotEmptyHandler		CODE           	1DB58	0000	2
		_CAN1_BitRateConfiguration		CODE           	1D9B6	0000	18
		_Receive       		CODE           	1AB7E	0000	228
		_GetRxFifoDepth		CODE           	1D7C4	0000	30
		_CAN1_OperationModeGet		CODE           	1DA8E	0000	10
		_CAN1_Initialize		CODE           	1CC00	0000	78
		_CAN1_SetFIFO1NotEmptyHandler		CODE           	1DA48	0000	14
		_CAN1_RX_FIFO_FilterMaskConfiguration		CODE           	1D6C6	0000	34
		_CAN1_RX_FIFO_Configuration		CODE           	1D44A	0000	46
		_GetRxFifoStatus		CODE           	1D862	0000	24
		_CAN1_Receive  		CODE           	1CAC4	0000	80
		_CAN1_RX_FIFO_ResetInfo		CODE           	1D584	0000	42
		_CAN1_OperationModeSet		CODE           	1BE92	0000	150
		_CAN1_RXI_ISR  		CODE           	1D502	0000	46

mcc_generated_files/can1.c estimated size: 1362

mcc_generated_files/examples/i2c1_master_example.c
		_rdBlkRegCompleteHandler@i2c1_master_example$F179		CODE           	1CD28	0000	72
		_rd1RegCompleteHandler@i2c1_master_example$F145		CODE           	1D248	0000	52
		_rd2RegCompleteHandler@i2c1_master_example$F156		CODE           	1D214	0000	52
		_wr1RegCompleteHandler@i2c1_master_example$F162		CODE           	1D1E0	0000	52
		_wr2RegCompleteHandler@i2c1_master_example$F168		CODE           	1D34C	0000	52

mcc_generated_files/examples/i2c1_master_example.c estimated size: 280

C:\Program Files\Microchip\xc8\v3.00\pic\sources\c99\common\abs.c
		_abs           		CODE           	1D13E	0000	54

C:\Program Files\Microchip\xc8\v3.00\pic\sources\c99\common\abs.c estimated size: 54

C:\Program Files\Microchip\xc8\v3.00\pic\sources\c99\common\nf_fputc.c
		_fputc         		CODE           	1B086	0000	204

C:\Program Files\Microchip\xc8\v3.00\pic\sources\c99\common\nf_fputc.c estimated size: 204

CAN_handler.c
		_GetDashboardData		CODE           	1D788	0000	30
		_ProcessCANMessage		CODE           	18C68	0000	482

CAN_handler.c estimated size: 512

mcc_generated_files/i2c1_master.c
		_I2C1_DO_SEND_RESTART		CODE           	1DB3C	0000	4
		_I2C1_MasterIsNackFlagSet		CODE           	1D8FE	0000	22
		_I2C1_DO_RX_EMPTY		CODE           	1BCC2	0000	162
		_I2C1_DO_TX_EMPTY		CODE           	1C256	0000	126
		_I2C1_DO_SEND_RESTART_READ		CODE           	1DA72	0000	14
		_I2C1_MasterClearNackFlag		CODE           	1DB1A	0000	6
		_I2C1_CallbackReturnStop		CODE           	1DB48	0000	4
		_I2C1_DO_RX    		CODE           	1BD64	0000	152
		_I2C1_DO_TX    		CODE           	1A178	0000	296
		_I2C1_DO_IDLE  		CODE           	1DA98	0000	10
		_I2C1_MasterOpen		CODE           	1D6E8	0000	34
		_I2C1_MasterSendTxData		CODE           	1DAA2	0000	10
		_I2C1_MasterStop		CODE           	1DAF0	0000	6
		_I2C1_MasterIsStopFlagSet		CODE           	1D8E8	0000	22
		_I2C1_CallbackReturnReset		CODE           	1DB44	0000	4
		_I2C1_DO_RESET 		CODE           	1DA56	0000	14
		_I2C1_Poller   		CODE           	1D76A	0000	30
		_I2C1_DO_RX_ACK		CODE           	1DADA	0000	8
		_I2C1_DO_TX_ACK		CODE           	1DAE2	0000	8
		_I2C1_MasterWaitForEvent		CODE           	1C8C6	0000	90
		_I2C1_MasterSendNack		CODE           	1DAF6	0000	6
		_I2C1_DO_RX_NACK_RESTART		CODE           	1DAD2	0000	8
		_I2C1_MasterDisableIrq		CODE           	1D7FE	0000	28
		_I2C1_ClearInterruptFlags		CODE           	1CA72	0000	82
		_I2C1_MasterOperation		CODE           	1CA20	0000	82
		_I2C1_MasterClearStopFlag		CODE           	1DB14	0000	6
		_I2C1_SetCallback		CODE           	1C152	0000	132
		_I2C1_MasterEnableRestart		CODE           	1DB08	0000	6
		_I2C1_MasterGetCounter		CODE           	1DAEA	0000	6
		_I2C1_MasterSetCounter		CODE           	1DA80	0000	14
		_I2C1_Open     		CODE           	1BC1C	0000	166
		_I2C1_DO_ADDRESS_NACK		CODE           	1C4AE	0000	112
		_I2C1_MasterDisableRestart		CODE           	1DB0E	0000	6
		_I2C1_MasterClearCountFlag		CODE           	1DB20	0000	6
		_I2C1_SetBuffer		CODE           	1D6A2	0000	36
		_I2C1_DO_SEND_RESTART_WRITE		CODE           	1DB40	0000	4
		_I2C1_MasterIsTxBufEmpty		CODE           	1D8A6	0000	22
		_I2C1_MasterClose		CODE           	1DAB6	0000	10
		_I2C1_MasterWrite		CODE           	1DACA	0000	8
		_I2C1_Initialize		CODE           	1D74A	0000	32
		_I2C1_Close    		CODE           	1D4A6	0000	46
		_I2C1_MasterIsRxBufFull		CODE           	1D8D2	0000	22
		_I2C1_MasterIsNack		CODE           	1D8BC	0000	22
		_I2C1_DO_SEND_ADR_WRITE		CODE           	1D890	0000	22
		_I2C1_MasterClearIrq		CODE           	1DB26	0000	6
		_I2C1_SetDataCompleteCallback		CODE           	1D7E2	0000	28
		_I2C1_DO_SEND_STOP		CODE           	1D652	0000	40
		_I2C1_DO_BUS_COLLISION		CODE           	1C34E	0000	120
		_I2C1_DO_BUS_ERROR		CODE           	1D9C8	0000	16
		_I2C1_MasterSendAck		CODE           	1DAFC	0000	6
		_I2C1_MasterFsm		CODE           	1C43C	0000	114
		_I2C1_MasterGetRxData		CODE           	1DB02	0000	6
		_I2C1_MasterResetBus		CODE           	1DAAC	0000	10
		_I2C1_MasterIsCountFlagSet		CODE           	1D914	0000	22
		_I2C1_DO_SEND_ADR_READ		CODE           	1D478	0000	46
		_I2C1_DO_RX_NACK_STOP		CODE           	1DA64	0000	14

mcc_generated_files/i2c1_master.c estimated size: 2334

C:\Program Files\Microchip\xc8\v3.00\pic\sources\c99\common\memcpy.c
		_memcpy        		CODE           	1C9CE	0000	82

C:\Program Files\Microchip\xc8\v3.00\pic\sources\c99\common\memcpy.c estimated size: 82

mcc_generated_files/interrupt_manager.c
		_INTERRUPT_Initialize		CODE           	1DB38	0000	4
		_INTERRUPT_InterruptManager		CODE           	1AA98	0000	230

mcc_generated_files/interrupt_manager.c estimated size: 234

C:\Program Files\Microchip\xc8\v3.00\pic\sources\c99\common\flneg.c
		___flneg       		CODE           	1CFB2	0000	58

C:\Program Files\Microchip\xc8\v3.00\pic\sources\c99\common\flneg.c estimated size: 58

mcc_generated_files/tmr0.c
		_TMR0_SetInterruptHandler		CODE           	1DA2C	0000	14
		_TMR0_DefaultInterruptHandler		CODE           	1DB54	0000	2
		_TMR0_CallBack 		CODE           	1D418	0000	50
		_TMR0_ISR      		CODE           	1D026	0000	58
		_TMR0_Initialize		CODE           	1CC4E	0000	74

mcc_generated_files/tmr0.c estimated size: 198

C:\Program Files\Microchip\xc8\v3.00\pic\sources\c99\common\__fpclassifyf.c
		___fpclassifyf 		CODE           	1A6B8	0000	256

C:\Program Files\Microchip\xc8\v3.00\pic\sources\c99\common\__fpclassifyf.c estimated size: 256

mcc_generated_files/pin_manager.c
		_PIN_MANAGER_Initialize		CODE           	1BDFC	0000	150
		_IOCAF0_SetInterruptHandler		CODE           	1DA3A	0000	14
		_PIN_MANAGER_IOC		CODE           	1D92A	0000	22
		_IOCAF0_DefaultInterruptHandler		CODE           	1DB56	0000	2
		_IOCAF0_ISR    		CODE           	1D174	0000	54

mcc_generated_files/pin_manager.c estimated size: 242

7seg.c
		_seg_init      		CODE           	1D81A	0000	24
		_seg_display_digits		CODE           	1BFB6	0000	138
		_seg_send_command		CODE           	1D108	0000	54
		_seg_write_display		CODE           	1C6CC	0000	104
		_seg_clear     		CODE           	1D530	0000	42

7seg.c estimated size: 362

C:\Program Files\Microchip\xc8\v3.00\pic\sources\c99\common\lomod.c
		___lomod       		CODE           	1AE16	0000	210

C:\Program Files\Microchip\xc8\v3.00\pic\sources\c99\common\lomod.c estimated size: 210

C:\Program Files\Microchip\xc8\v3.00\pic\sources\c99\common\aomod.c
		___aomod       		CODE           	19D76	0000	356

C:\Program Files\Microchip\xc8\v3.00\pic\sources\c99\common\aomod.c estimated size: 356

C:\Program Files\Microchip\xc8\v3.00\pic\sources\c99\common\printf.c
		_printf        		CODE           	1D602	0000	40

C:\Program Files\Microchip\xc8\v3.00\pic\sources\c99\common\printf.c estimated size: 40

mcc_generated_files/drivers/i2c_simple_master.c
		_wr1RegCompleteHandler		CODE           	1D318	0000	52
		_wr2RegCompleteHandler		CODE           	1D27C	0000	52
		_rdBlkRegCompleteHandler		CODE           	1CD70	0000	72
		_rd1RegCompleteHandler		CODE           	1D2E4	0000	52
		_rd2RegCompleteHandler		CODE           	1D2B0	0000	52

mcc_generated_files/drivers/i2c_simple_master.c estimated size: 280

C:\Program Files\Microchip\xc8\v3.00\pic\sources\c99\common\awmod.c
		___awmod       		CODE           	1B814	0000	176

C:\Program Files\Microchip\xc8\v3.00\pic\sources\c99\common\awmod.c estimated size: 176

C:\Program Files\Microchip\xc8\v3.00\pic\sources\c99\common\floorf.c
		_floorf        		CODE           	18840	0000	534

C:\Program Files\Microchip\xc8\v3.00\pic\sources\c99\common\floorf.c estimated size: 534

C:\Program Files\Microchip\xc8\v3.00\pic\sources\c99\common\fleq.c
		___fleq        		CODE           	1BA20	0000	172

C:\Program Files\Microchip\xc8\v3.00\pic\sources\c99\common\fleq.c estimated size: 172

C:\Program Files\Microchip\xc8\v3.00\pic\sources\c99\common\llmod.c
		___llmod       		CODE           	1C040	0000	138

C:\Program Files\Microchip\xc8\v3.00\pic\sources\c99\common\llmod.c estimated size: 138

C:\Program Files\Microchip\xc8\v3.00\pic\sources\c99\common\sprcmul.c
		___flmul       		CODE           	169C0	0000	1064

C:\Program Files\Microchip\xc8\v3.00\pic\sources\c99\common\sprcmul.c estimated size: 1064

C:\Program Files\Microchip\xc8\v3.00\pic\sources\c99\common\Umul32.c
		___lmul        		CODE           	1C58C	0000	108

C:\Program Files\Microchip\xc8\v3.00\pic\sources\c99\common\Umul32.c estimated size: 108

mcc_generated_files/uart1.c
		_UART1_Write   		CODE           	1D832	0000	24
		_putch         		CODE           	1D9D8	0000	14
		_UART1_SetFramingErrorHandler		CODE           	1D9F4	0000	14
		_UART1_SetOverrunErrorHandler		CODE           	1D9E6	0000	14
		_UART1_Initialize		CODE           	1C800	0000	100
		_UART1_SetErrorHandler		CODE           	1DA02	0000	14

mcc_generated_files/uart1.c estimated size: 180

C:\Program Files\Microchip\xc8\v3.00\pic\sources\c99\common\__lldiv.c
		___lldiv       		CODE           	1BB76	0000	166

C:\Program Files\Microchip\xc8\v3.00\pic\sources\c99\common\__lldiv.c estimated size: 166

C:\Program Files\Microchip\xc8\v3.00\pic\sources\c99\common\sprcdiv.c
		___fldiv       		CODE           	1720E	0000	914

C:\Program Files\Microchip\xc8\v3.00\pic\sources\c99\common\sprcdiv.c estimated size: 914

shared
		i2_printf      		CODE           	1D67A	0000	40
		i2_vfpfcnvrt   		CODE           	10000	0000	4790
		i2_pad         		CODE           	1B6A6	0000	186
		i2_abs         		CODE           	1D380	0000	52
		i2_stoa        		CODE           	19740	0000	426
		i2_floorf      		CODE           	18A56	0000	530
		i2_labs        		CODE           	1C978	0000	86
		i2_read_prec_or_width		CODE           	1B152	0000	204
		i2_putch       		CODE           	1DAC0	0000	10
		i2___fleq      		CODE           	1BACC	0000	170
		i2_utoa        		CODE           	19022	0000	470
		_FIFO          		MEDIUMCONST    	0000	0000	0
		_DLC_BYTES     		MEDIUMCONST    	FEAA	0000	9
		i2_vfprintf    		CODE           	1C51E	0000	110
		i2_xtoa        		CODE           	1813E	0000	618
		i2_atoa        		CODE           	14168	0000	3272
		i2___flneg     		CODE           	1D0D0	0000	56
		i2_strcpy      		CODE           	1CF02	0000	60
		i2___awdiv     		CODE           	1B3AC	0000	194
		i2___fladd     		CODE           	1650A	0000	1206
		i2_ctoa        		CODE           	1AD3E	0000	216
		i2_dtoa        		CODE           	17EB2	0000	652
		i2___fldiv     		CODE           	175A0	0000	912
		i2___fltol     		CODE           	1A4AE	0000	262
		__initialization		CODE           	1C864	0000	92
		i2___flge      		CODE           	1A5B4	0000	260
		i2___lodiv     		CODE           	1A9A8	0000	240
		i2___lmul      		CODE           	1C662	0000	106
		i2___awmod     		CODE           	1B972	0000	174
		_seg_patterns  		MEDIUMCONST    	FEA0	0000	10
		i2___aodiv     		CODE           	19A72	0000	390
		i2___flmul     		CODE           	16DE8	0000	1062
		_i2c1_fsmStateTable		MEDIUMCONST    	FE67	0000	57
		i2___lomod     		CODE           	1AEE8	0000	208
		i2___fpclassifyf		CODE           	1A7B8	0000	254
		i2___flsub     		CODE           	1CDB8	0000	70
		i2_UART1_Write 		CODE           	1D940	0000	22
		LCD_create_custom_char@F23604		MEDIUMCONST    	FEC3	0000	8
		LCD_create_custom_char@F23606		MEDIUMCONST    	FEBB	0000	8
		LCD_create_custom_char@F23608		MEDIUMCONST    	FEB3	0000	8
		i2_efgtoa      		CODE           	12564	0000	3598
		i2___aomod     		CODE           	19EDA	0000	354
		i2_GetDashboardData		CODE           	1D7A6	0000	30
		i2_fputc       		CODE           	1B21E	0000	202
		i2_fputs       		CODE           	1CDFE	0000	68
		i2_strlen      		CODE           	1D1AA	0000	54
		i2_otoa        		CODE           	191F8	0000	460
		i2_memcpy      		CODE           	1CB14	0000	80

shared estimated size: 22346

C:\Program Files\Microchip\xc8\v3.00\pic\sources\c99\common\nf_fputs.c
		_fputs         		CODE           	1CC98	0000	72

C:\Program Files\Microchip\xc8\v3.00\pic\sources\c99\common\nf_fputs.c estimated size: 72

mcc_generated_files/mcc.c
		_PMD_Initialize		CODE           	1D87A	0000	22
		_OSCILLATOR_Initialize		CODE           	1D9A4	0000	18
		_SYSTEM_Initialize		CODE           	1D55A	0000	42

mcc_generated_files/mcc.c estimated size: 82

mcc_generated_files/tmr3.c
		_TMR3_ISR      		CODE           	1D97E	0000	20
		_TMR3_Initialize		CODE           	1CB64	0000	78
		_TMR3_SetInterruptHandler		CODE           	1DA10	0000	14
		_TMR3_StopTimer		CODE           	1DB2C	0000	6
		_TMR3_DefaultInterruptHandler		CODE           	1DB50	0000	2
		_TMR3_CallBack 		CODE           	1D3B4	0000	50
		_TMR3_WriteTimer		CODE           	1D5AE	0000	42
		_TMR3_StartTimer		CODE           	1DB32	0000	6

mcc_generated_files/tmr3.c estimated size: 218

C:\Program Files\Microchip\xc8\v3.00\pic\sources\c99\common\lodiv.c
		___lodiv       		CODE           	1A8B6	0000	242

C:\Program Files\Microchip\xc8\v3.00\pic\sources\c99\common\lodiv.c estimated size: 242

C:\Program Files\Microchip\xc8\v3.00\pic\sources\c99\common\vsprintf.c
		_vsprintf      		CODE           	1BF28	0000	142

C:\Program Files\Microchip\xc8\v3.00\pic\sources\c99\common\vsprintf.c estimated size: 142

C:\Program Files\Microchip\xc8\v3.00\pic\sources\c99\common\aodiv.c
		___aodiv       		CODE           	198EA	0000	392

C:\Program Files\Microchip\xc8\v3.00\pic\sources\c99\common\aodiv.c estimated size: 392

C:\Program Files\Microchip\xc8\v3.00\pic\sources\c99\common\strlen.c
		_strlen        		CODE           	1CF78	0000	58

C:\Program Files\Microchip\xc8\v3.00\pic\sources\c99\common\strlen.c estimated size: 58

mcc_generated_files/tmr1.c
		_TMR1_Initialize		CODE           	1CBB2	0000	78
		_TMR1_SetInterruptHandler		CODE           	1DA1E	0000	14
		_TMR1_DefaultInterruptHandler		CODE           	1DB52	0000	2
		_TMR1_CallBack 		CODE           	1D3E6	0000	50
		_TMR1_WriteTimer		CODE           	1D5D8	0000	42
		_TMR1_ISR      		CODE           	1CFEC	0000	58

mcc_generated_files/tmr1.c estimated size: 244

C:\Program Files\Microchip\xc8\v3.00\pic\sources\c99\common\strcpy.c
		_strcpy        		CODE           	1CEC4	0000	62

C:\Program Files\Microchip\xc8\v3.00\pic\sources\c99\common\strcpy.c estimated size: 62

C:\Program Files\Microchip\xc8\v3.00\pic\sources\c99\common\memset.c
		_memset        		CODE           	1CF3E	0000	58

C:\Program Files\Microchip\xc8\v3.00\pic\sources\c99\common\memset.c estimated size: 58

C:\Program Files\Microchip\xc8\v3.00\pic\sources\c99\common\lwdiv.c
		___lwdiv       		CODE           	1C3C6	0000	118

C:\Program Files\Microchip\xc8\v3.00\pic\sources\c99\common\lwdiv.c estimated size: 118

C:\Program Files\Microchip\xc8\v3.00\pic\sources\c99\common\awdiv.c
		___awdiv       		CODE           	1B2E8	0000	196

C:\Program Files\Microchip\xc8\v3.00\pic\sources\c99\common\awdiv.c estimated size: 196

C:\Program Files\Microchip\xc8\v3.00\pic\sources\c99\common\fltol.c
		___fltol       		CODE           	1A2A0	0000	264

C:\Program Files\Microchip\xc8\v3.00\pic\sources\c99\common\fltol.c estimated size: 264

C:\Program Files\Microchip\xc8\v3.00\pic\sources\c99\common\labs.c
		_labs          		CODE           	1C920	0000	88

C:\Program Files\Microchip\xc8\v3.00\pic\sources\c99\common\labs.c estimated size: 88

main.c
		_main          		CODE           	15AD8	0000	1402
		_ButtonHoldTimer		CODE           	1D84A	0000	24
		_display_tson_state		CODE           	17930	0000	756
		_RealTimeClockHandler		CODE           	1C2D4	0000	122
		_vcu_number    		CODE           	1C0CA	0000	136
		_ButtonPressHandler		CODE           	1B52C	0000	190

main.c estimated size: 2630

C:\Program Files\Microchip\xc8\v3.00\pic\sources\c99\common\doprnt.c
		_read_prec_or_width		CODE           	1AFB8	0000	206
		_vfpfcnvrt     		CODE           	112B6	0000	4782
		_efgtoa        		CODE           	13372	0000	3574
		_pad           		CODE           	1B46E	0000	190
		_atoa          		CODE           	14E30	0000	3240
		_ctoa          		CODE           	1AC62	0000	220
		_dtoa          		CODE           	17C24	0000	654
		_vfprintf      		CODE           	1C79A	0000	102
		_otoa          		CODE           	193C4	0000	456
		_stoa          		CODE           	1958C	0000	436
		_utoa          		CODE           	18E4A	0000	472
		_xtoa          		CODE           	183A8	0000	616

C:\Program Files\Microchip\xc8\v3.00\pic\sources\c99\common\doprnt.c estimated size: 14948

C:\Program Files\Microchip\xc8\v3.00\pic\sources\c99\common\sprcadd.c
		___flsub       		CODE           	1CCE0	0000	72
		___fladd       		CODE           	16052	0000	1208

C:\Program Files\Microchip\xc8\v3.00\pic\sources\c99\common\sprcadd.c estimated size: 1280

power.c
		_power_sample_instant		CODE           	1C734	0000	102
		_power_sample_average		CODE           	1B760	0000	180
		_power_get_average_kw		CODE           	19BF8	0000	382
		_power_get_bar 		CODE           	1B5EA	0000	188
		_power_get_instant_kw		CODE           	1D060	0000	56

power.c estimated size: 908

LCD.c
		_LCD_set_cursor		CODE           	1CE84	0000	64
		_LCD_clear     		CODE           	1D70A	0000	32
		_LCD_print     		CODE           	1D098	0000	56
		_LCD_clear_row 		CODE           	1D72A	0000	32
		_LCD_send_nibble_cmd		CODE           	1CE42	0000	66
		_LCD_write_string		CODE           	1C5F8	0000	106
		_LCD_init      		CODE           	1C1D6	0000	128
		_LCD_write_char		CODE           	1D992	0000	18
		_LCD_create_custom_char		CODE           	1A03C	0000	316
		_LCD_send_byte 		CODE           	1D62A	0000	40
		_I2C1_SetBuffer_4bitmode		CODE           	1B8C4	0000	174

LCD.c estimated size: 1032

