Microchip MPLAB XC8 Compiler V3.00

Linker command line:

-W-3 \
  --edf=C:\Program Files\Microchip\xc8\v3.00\pic\dat\20241204225717_en.msgs \
  -pivt0x8=08h -cn \
  -h+dist/default/production\dash-firmware.X.production.sym \
  --cmf=dist/default/production\dash-firmware.X.production.cmf -z \
  -Q18F47Q84 -oC:\Users\Adam\AppData\Local\Temp\xcAs284.\driver_tmp_3.o \
  --defsym=__MPLAB_BUILD=1 --fixupoverflow=error \
  -Mdist/default/production/dash-firmware.X.production.map \
  --md=C:\Users\Adam\AppData\Local\Temp\xcAs284.\driver_tmp_0.dat -E1 \
  -ver=XC8 Compiler -ACODE=00h-01FFFFh -ACONST=00h-01FFFFh \
  -ASMALLCONST=04000h-040FFhx192,014000h-0140FFhx192 \
  -AMEDIUMCONST=04000h-0FFFFh,014000h-01FFFFh -ACOMRAM=0501h-055Fh \
  -AABS1=0500h-036FFh -ABIGRAM=0501h-036FFh \
  -ARAM=0560h-05FFh,0600h-06FFhx49 -ABANK5=0560h-05FFh -ABANK6=0600h-06FFh \
  -ABANK7=0700h-07FFh -ABANK8=0800h-08FFh -ABANK9=0900h-09FFh \
  -ABANK10=0A00h-0AFFh -ABANK11=0B00h-0BFFh -ABANK12=0C00h-0CFFh \
  -ABANK13=0D00h-0DFFh -ABANK14=0E00h-0EFFh -ABANK15=0F00h-0FFFh \
  -ABANK16=01000h-010FFh -ABANK17=01100h-011FFh -ABANK18=01200h-012FFh \
  -ABANK19=01300h-013FFh -ABANK20=01400h-014FFh -ABANK21=01500h-015FFh \
  -ABANK22=01600h-016FFh -ABANK23=01700h-017FFh -ABANK24=01800h-018FFh \
  -ABANK25=01900h-019FFh -ABANK26=01A00h-01AFFh -ABANK27=01B00h-01BFFh \
  -ABANK28=01C00h-01CFFh -ABANK29=01D00h-01DFFh -ABANK30=01E00h-01EFFh \
  -ABANK31=01F00h-01FFFh -ABANK32=02000h-020FFh -ABANK33=02100h-021FFh \
  -ABANK34=02200h-022FFh -ABANK35=02300h-023FFh -ABANK36=02400h-024FFh \
  -ABANK37=02500h-025FFh -ABANK38=02600h-026FFh -ABANK39=02700h-027FFh \
  -ABANK40=02800h-028FFh -ABANK41=02900h-029FFh -ABANK42=02A00h-02AFFh \
  -ABANK43=02B00h-02BFFh -ABANK44=02C00h-02CFFh -ABANK45=02D00h-02DFFh \
  -ABANK46=02E00h-02EFFh -ABANK47=02F00h-02FFFh -ABANK48=03000h-030FFh \
  -ABANK49=03100h-031FFh -ABANK50=03200h-032FFh -ABANK51=03300h-033FFh \
  -ABANK52=03400h-034FFh -ABANK53=03500h-035FFh -ABANK54=03600h-036FFh \
  -ASFR=00h-0FFhx4,0400h-045Fh,0460h-04FFh,03700h-037FFhx9 \
  -ABIGSFR=00h-04FFh,03700h-03FFFh -ACONFIG=0300000h-0300023h \
  -AIDLOC=0200000h-020003Fh -AEEDATA=0380000h-03803FFh -peeprom_data=EEDATA \
  -preset_vec=00h -ppowerup=CODE,init -pramtop=04000h \
  -psmallconst=SMALLCONST -pmediumconst=MEDIUMCONST -pconst=CONST \
  -AFARRAM=00h-00h \
  -prdata=COMRAM,nvrram=COMRAM,nvbit=COMRAM,rbss=COMRAM,rbit=COMRAM \
  -pfarbss=FARRAM,fardata=FARRAM,nvFARRAM=FARRAM \
  -pintsave_regs=BIGRAM,bigbss=BIGRAM,bigdata=BIGRAM -pbss=RAM \
  -pidata=CODE,irdata=CODE,ibigdata=CODE,ifardata=CODE -prparam=COMRAM \
  C:\Users\Adam\AppData\Local\Temp\xcAs284.\driver_tmp_14.o \
  dist/default/production\dash-firmware.X.production.o 

Object code version is 3.11

Machine type is 18F47Q84



                Name                               Link     Load   Length Selector   Space Scale
C:\Users\Adam\AppData\Local\Temp\xcAs284.\driver_tmp_14.o
                config                           300000   300000       1F        0       4
                init                                 1A       1A        4        4       0
                reset_vec                             0        0        4        0       0
dist/default/production\dash-firmware.X.production.o
                config                           300000   300000       1F        0       4
                mediumconst                        FDC6     FDC6      23A     7EE3       0
                ivt0x8                                8        8       12        4       0
                text227                           1DC8C    1DC8C        6     EE22       0
                text226                           1DC86    1DC86        6     EE22       0
                text225                           1B572    1B572       C2     8000       0
                text224                           1BB38    1BB38       AE     8000       0
                text223                           17592    17592      390     8000       0
                text222                           1BC92    1BC92       AA     8000       0
                text221                           1A7B6    1A7B6      104     8000       0
                text220                           16DDA    16DDA      426     8000       0
                text219                           1D26C    1D26C       38     8000       0
                text218                           164FC    164FC      4B6     8000       0
                text217                           1CF54    1CF54       46     8000       0
                text216                           1A6B0    1A6B0      106     8000       0
                text215                           1A9BA    1A9BA       FE     8000       0
                text214                           18D24    18D24      212     8000       0
                text213                           1CCFE    1CCFE       50     8000       0
                text212                           1DA7C    1DA7C       16     8000       0
                text211                           1DC12    1DC12        A     8000       0
                text210                           1B322    1B322       CA     8000       0
                text209                           1CF9A    1CF9A       44     8000       0
                text208                           1D346    1D346       36     8000       0
                text207                           1B86C    1B86C       BA     8000       0
                text206                           1D09E    1D09E       3C     8000       0
                text205                           14168    14168      CC8     8000       0
                text204                           1AD76    1AD76       D8     8000       0
                text203                           19B5E    19B5E      186     8000       0
                text202                           19FC6    19FC6      162     8000       0
                text201                           1D51C    1D51C       34     8000       0
                text200                           18174    18174      28C     8000       0
                text199                           1CB5E    1CB5E       56     8000       0
                text198                           12564    12564      E0E     8000       0
                text197                           192E4    192E4      1CC     8000       0
                text196                           1B256    1B256       CC     8000       0
                text195                           1982C    1982C      1AA     8000       0
                text194                           1ABAA    1ABAA       F0     8000       0
                text193                           1AF20    1AF20       D0     8000       0
                text192                           1910E    1910E      1D6     8000       0
                text191                           18400    18400      26A     8000       0
                text190                           10000    10000     12B6     8000       0
                text189                           1C766    1C766       6E     8000       0
                text188                           1D7BA    1D7BA       28     8000       0
                text187                           1DCB0    1DCB0        2     EE55       0
                text186                           1B6F2    1B6F2       BE     8000       0
                text185                           1D310    1D310       36     8000       0
                text184                           1DA66    1DA66       16     8000       0
                text183                           1D642    1D642       2E     8000       0
                text182                           1DCAE    1DCAE        2     EE55       0
                text181                           1D5B4    1D5B4       32     8000       0
                text180                           1D1C2    1D1C2       3A     8000       0
                text179                           1C8AA    1C8AA       6A     8000       0
                text178                           1B926    1B926       B4     8000       0
                text177                           1D99E    1D99E       18     8000       0
                text176                           1DCAC    1DCAC        2     EE55       0
                text175                           1C51C    1C51C       7A     8000       0
                text174                           1D582    1D582       32     8000       0
                text173                           1D718    1D718       2A     8000       0
                text172                           1D188    1D188       3A     8000       0
                text171                           1DCAA    1DCAA        2     EE55       0
                text170                           1D986    1D986       18     8000       0
                text169                           1D550    1D550       32     8000       0
                text168                           1D6EE    1D6EE       2A     8000       0
                text167                           1DABA    1DABA       14     8000       0
                text166                           1B4B0    1B4B0       C2     8000       0
                text165                           1D96E    1D96E       18     8000       0
                text164                           1DC80    1DC80        6     EE22       0
                text163                           1DC08    1DC08        A     8000       0
                text162                           1D922    1D922       1C     8000       0
                text161                           1D614    1D614       2E     8000       0
                text160                           1DC7A    1DC7A        6     EE22       0
                text159                           1DC74    1DC74        6     EE22       0
                text158                           1DC6E    1DC6E        6     EE22       0
                text157                           1DA50    1DA50       16     8000       0
                text156                           1DA3A    1DA3A       16     8000       0
                text155                           1DA24    1DA24       16     8000       0
                text154                           1CCAC    1CCAC       52     8000       0
                text153                           1D7E2    1D7E2       24     8000       0
                text152                           1C318    1C318       84     8000       0
                text151                           1D906    1D906       1C     8000       0
                text150                           1D4E8    1D4E8       34     8000       0
                text149                           1D4B4    1D4B4       34     8000       0
                text148                           1D480    1D480       34     8000       0
                text147                           1D44C    1D44C       34     8000       0
                text146                           1D418    1D418       34     8000       0
                text145                           1CF0C    1CF0C       48     8000       0
                text144                           1D3E4    1D3E4       34     8000       0
                text143                           1D3B0    1D3B0       34     8000       0
                text142                           1D37C    1D37C       34     8000       0
                text141                           1CEC4    1CEC4       48     8000       0
                text140                           1DCA2    1DCA2        4     EE22       0
                text139                           1DC9E    1DC9E        4     EE22       0
                text138                           1DBFE    1DBFE        A     8000       0
                text137                           1DC68    1DC68        6     EE22       0
                text136                           1DC62    1DC62        6     EE22       0
                text135                           1DBD2    1DBD2        E     8000       0
                text134                           1DBF4    1DBF4        A     8000       0
                text133                           1DC5C    1DC5C        6     EE22       0
                text132                           1DA0E    1DA0E       16     8000       0
                text131                           1DC56    1DC56        6     EE22       0
                text130                           1DC50    1DC50        6     EE22       0
                text129                           1DC4A    1DC4A        6     EE22       0
                text128                           1DC44    1DC44        6     EE22       0
                text127                           1D9F8    1D9F8       16     8000       0
                text126                           1D9E2    1D9E2       16     8000       0
                text125                           1DC34    1DC34        8     8000       0
                text124                           1DBEA    1DBEA        A     8000       0
                text123                           1D5E6    1D5E6       2E     8000       0
                text122                           1D9CC    1D9CC       16     8000       0
                text121                           1A264    1A264      128     8000       0
                text120                           1BF2A    1BF2A       98     8000       0
                text119                           1C49E    1C49E       7E     8000       0
                text118                           1BE88    1BE88       A2     8000       0
                text117                           1DBC4    1DBC4        E     8000       0
                text116                           1DC9A    1DC9A        4     EE22       0
                text115                           1DC96    1DC96        4     EE22       0
                text114                           1D792    1D792       28     8000       0
                text113                           1DC2C    1DC2C        8     8000       0
                text112                           1DBB6    1DBB6        E     8000       0
                text111                           1DC24    1DC24        8     8000       0
                text110                           1DBA8    1DBA8        E     8000       0
                text109                           1C6F6    1C6F6       70     8000       0
                text108                           1C596    1C596       78     8000       0
                text107                           1DB28    1DB28       10     8000       0
                text106                           1C684    1C684       72     8000       0
                text105                           1CAAC    1CAAC       5A     8000       0
                text104                           1D8CC    1D8CC       1E     8000       0
                text103                           1CC5A    1CC5A       52     8000       0
                text102                           1DC1C    1DC1C        8     8000       0
                text101                           1D84A    1D84A       22     8000       0
                text100                           1BDE2    1BDE2       A6     8000       0
                text99                            1BA8A    1BA8A       AE     8000       0
                text98                            1D76A    1D76A       28     8000       0
                text97                            1A128    1A128      13C     8000       0
                text96                            1CFDE    1CFDE       42     8000       0
                text95                            1C41E    1C41E       80     8000       0
                text94                            1D828    1D828       22     8000       0
                text93                            1D8EA    1D8EA       1C     8000       0
                text92                            1CC08    1CC08       52     8000       0
                text91                            188D2    188D2      23C     8000       0
                text90                            1A38C    1A38C      116     8000       0
                text89                            1B18A    1B18A       CC     8000       0
                text88                            1C60E    1C60E       76     8000       0
                text87                            1B3EC    1B3EC       C4     8000       0
                text86                            1B9DA    1B9DA       B0     8000       0
                text85                            17200    17200      392     8000       0
                text84                            1BBE6    1BBE6       AC     8000       0
                text83                            1A5AA    1A5AA      106     8000       0
                text82                            169B2    169B2      428     8000       0
                text81                            1D14E    1D14E       3A     8000       0
                text80                            16044    16044      4B8     8000       0
                text79                            1CE7C    1CE7C       48     8000       0
                text78                            1A4A2    1A4A2      108     8000       0
                text77                            1A8BA    1A8BA      100     8000       0
                text76                            18B0E    18B0E      216     8000       0
                text75                            1D956    1D956       18     8000       0
                text74                            1DB9A    1DB9A        E     8000       0
                text73                            1B0BE    1B0BE       CC     8000       0
                text72                            1CE34    1CE34       48     8000       0
                text71                            1D114    1D114       3A     8000       0
                text70                            1B634    1B634       BE     8000       0
                text69                            1D060    1D060       3E     8000       0
                text68                            14E30    14E30      CA8     8000       0
                text67                            1AC9A    1AC9A       DC     8000       0
                text66                            199D6    199D6      188     8000       0
                text65                            19E62    19E62      164     8000       0
                text64                            1D2DA    1D2DA       36     8000       0
                text63                            17EE6    17EE6      28E     8000       0
                text62                            1CB06    1CB06       58     8000       0
                text61                            13372    13372      DF6     8000       0
                text60                            194B0    194B0      1C8     8000       0
                text59                            1AFF0    1AFF0       CE     8000       0
                text58                            19678    19678      1B4     8000       0
                text57                            1AAB8    1AAB8       F2     8000       0
                text56                            1AE4E    1AE4E       D2     8000       0
                text55                            18F36    18F36      1D8     8000       0
                text54                            1866A    1866A      268     8000       0
                text53                            112B6    112B6     12AE     8000       0
                text52                            1C9E2    1C9E2       66     8000       0
                text51                            1D742    1D742       28     8000       0
                text50                            17C16    17C16      2D0     8000       0
                text49                            1DB16    1DB16       12     8000       0
                text48                            1DBE0    1DBE0        A     8000       0
                text47                            1C058    1C058       96     8000       0
                text46                            1DB04    1DB04       12     8000       0
                text45                            1D806    1D806       22     8000       0
                text44                            1D6C4    1D6C4       2A     8000       0
                text43                            1DAF2    1DAF2       12     8000       0
                text42                            1CBB4    1CBB4       54     8000       0
                text41                            1D8AC    1D8AC       20     8000       0
                text40                            1DC92    1DC92        4     EE22       0
                text39                            1DAE0    1DAE0       12     8000       0
                text38                            1DB8C    1DB8C        E     8000       0
                text37                            1BFC2    1BFC2       96     8000       0
                text36                            1D9B6    1D9B6       16     8000       0
                text35                            1DB7E    1DB7E        E     8000       0
                text34                            1CDEA    1CDEA       4A     8000       0
                text33                            1DB70    1DB70        E     8000       0
                text32                            1CD9C    1CD9C       4E     8000       0
                text31                            1DB62    1DB62        E     8000       0
                text30                            1CD4E    1CD4E       4E     8000       0
                text29                            1DB54    1DB54        E     8000       0
                text28                            1DB46    1DB46        E     8000       0
                text27                            1DB38    1DB38        E     8000       0
                text26                            1CA48    1CA48       64     8000       0
                text25                            1D69A    1D69A       2A     8000       0
                text24                            1C840    1C840       6A     8000       0
                text23                            1C0EE    1C0EE       8E     8000       0
                text22                            1D234    1D234       38     8000       0
                text21                            1D020    1D020       40     8000       0
                text20                            1D88C    1D88C       20     8000       0
                text19                            1DAA6    1DAA6       14     8000       0
                text18                            1D86C    1D86C       20     8000       0
                text17                            1DACE    1DACE       12     8000       0
                text16                            1C206    1C206       8A     8000       0
                text15                            19CE4    19CE4      17E     8000       0
                text14                            1BD3C    1BD3C       A6     8000       0
                text13                            1C7D4    1C7D4       6C     8000       0
                text12                            1D0DA    1D0DA       3A     8000       0
                text11                            1B7B0    1B7B0       BC     8000       0
                text10                            1D1FC    1D1FC       38     8000       0
                text9                             17922    17922      2F4     8000       0
                text8                             1C97C    1C97C       66     8000       0
                text7                             1C914    1C914       68     8000       0
                text6                             1C17C    1C17C       8A     8000       0
                text5                             1D670    1D670       2A     8000       0
                text4                             1D2A4    1D2A4       36     8000       0
                text3                             1D93E    1D93E       18     8000       0
                text2                             1DA92    1DA92       14     8000       0
                text1                             1C290    1C290       88     8000       0
                text0                             15AD8    15AD8      56C     8000       0
                cstackCOMRAM                        501      501       5F      501       1
                cstackBANK5                         560      560       41      560       1
                cstackBANK6                         600      600       AE      600       1
                cstackBANK7                         76C      76C       1D      700       1
                bssBANK8                            800      800       F0      800       1
                dataBANK7                           792      792        7      700       1
                bssBANK7                            700      700       6C      700       1
                bssBANK6                            6AE      6AE       45      600       1
                dataBANK5                           5DE      5DE        3      560       1
                bssBANK5                            5A1      5A1       3D      560       1
                cinit                             1C39C    1C39C       82     8000       0
                nvBANK7                             789      789        9      700       1
                nvBANK6                             6F3      6F3        C      600       1
                idataBANK7                        1DC3C    1DC3C        7     8000       0
                idataBANK5                        1DCA6    1DCA6        3     EE22       0

TOTAL           Name                               Link     Load   Length     Space
        CLASS   CODE           
                init                                 1A       1A        4         0
                reset_vec                             0        0        4         0
                ivt0x8                                8        8       12         0
                text227                           1DC8C    1DC8C        6         0
                text226                           1DC86    1DC86        6         0
                text225                           1B572    1B572       C2         0
                text224                           1BB38    1BB38       AE         0
                text223                           17592    17592      390         0
                text222                           1BC92    1BC92       AA         0
                text221                           1A7B6    1A7B6      104         0
                text220                           16DDA    16DDA      426         0
                text219                           1D26C    1D26C       38         0
                text218                           164FC    164FC      4B6         0
                text217                           1CF54    1CF54       46         0
                text216                           1A6B0    1A6B0      106         0
                text215                           1A9BA    1A9BA       FE         0
                text214                           18D24    18D24      212         0
                text213                           1CCFE    1CCFE       50         0
                text212                           1DA7C    1DA7C       16         0
                text211                           1DC12    1DC12        A         0
                text210                           1B322    1B322       CA         0
                text209                           1CF9A    1CF9A       44         0
                text208                           1D346    1D346       36         0
                text207                           1B86C    1B86C       BA         0
                text206                           1D09E    1D09E       3C         0
                text205                           14168    14168      CC8         0
                text204                           1AD76    1AD76       D8         0
                text203                           19B5E    19B5E      186         0
                text202                           19FC6    19FC6      162         0
                text201                           1D51C    1D51C       34         0
                text200                           18174    18174      28C         0
                text199                           1CB5E    1CB5E       56         0
                text198                           12564    12564      E0E         0
                text197                           192E4    192E4      1CC         0
                text196                           1B256    1B256       CC         0
                text195                           1982C    1982C      1AA         0
                text194                           1ABAA    1ABAA       F0         0
                text193                           1AF20    1AF20       D0         0
                text192                           1910E    1910E      1D6         0
                text191                           18400    18400      26A         0
                text190                           10000    10000     12B6         0
                text189                           1C766    1C766       6E         0
                text188                           1D7BA    1D7BA       28         0
                text187                           1DCB0    1DCB0        2         0
                text186                           1B6F2    1B6F2       BE         0
                text185                           1D310    1D310       36         0
                text184                           1DA66    1DA66       16         0
                text183                           1D642    1D642       2E         0
                text182                           1DCAE    1DCAE        2         0
                text181                           1D5B4    1D5B4       32         0
                text180                           1D1C2    1D1C2       3A         0
                text179                           1C8AA    1C8AA       6A         0
                text178                           1B926    1B926       B4         0
                text177                           1D99E    1D99E       18         0
                text176                           1DCAC    1DCAC        2         0
                text175                           1C51C    1C51C       7A         0
                text174                           1D582    1D582       32         0
                text173                           1D718    1D718       2A         0
                text172                           1D188    1D188       3A         0
                text171                           1DCAA    1DCAA        2         0
                text170                           1D986    1D986       18         0
                text169                           1D550    1D550       32         0
                text168                           1D6EE    1D6EE       2A         0
                text167                           1DABA    1DABA       14         0
                text166                           1B4B0    1B4B0       C2         0
                text165                           1D96E    1D96E       18         0
                text164                           1DC80    1DC80        6         0
                text163                           1DC08    1DC08        A         0
                text162                           1D922    1D922       1C         0
                text161                           1D614    1D614       2E         0
                text160                           1DC7A    1DC7A        6         0
                text159                           1DC74    1DC74        6         0
                text158                           1DC6E    1DC6E        6         0
                text157                           1DA50    1DA50       16         0
                text156                           1DA3A    1DA3A       16         0
                text155                           1DA24    1DA24       16         0
                text154                           1CCAC    1CCAC       52         0
                text153                           1D7E2    1D7E2       24         0
                text152                           1C318    1C318       84         0
                text151                           1D906    1D906       1C         0
                text150                           1D4E8    1D4E8       34         0
                text149                           1D4B4    1D4B4       34         0
                text148                           1D480    1D480       34         0
                text147                           1D44C    1D44C       34         0
                text146                           1D418    1D418       34         0
                text145                           1CF0C    1CF0C       48         0
                text144                           1D3E4    1D3E4       34         0
                text143                           1D3B0    1D3B0       34         0
                text142                           1D37C    1D37C       34         0
                text141                           1CEC4    1CEC4       48         0
                text140                           1DCA2    1DCA2        4         0
                text139                           1DC9E    1DC9E        4         0
                text138                           1DBFE    1DBFE        A         0
                text137                           1DC68    1DC68        6         0
                text136                           1DC62    1DC62        6         0
                text135                           1DBD2    1DBD2        E         0
                text134                           1DBF4    1DBF4        A         0
                text133                           1DC5C    1DC5C        6         0
                text132                           1DA0E    1DA0E       16         0
                text131                           1DC56    1DC56        6         0
                text130                           1DC50    1DC50        6         0
                text129                           1DC4A    1DC4A        6         0
                text128                           1DC44    1DC44        6         0
                text127                           1D9F8    1D9F8       16         0
                text126                           1D9E2    1D9E2       16         0
                text125                           1DC34    1DC34        8         0
                text124                           1DBEA    1DBEA        A         0
                text123                           1D5E6    1D5E6       2E         0
                text122                           1D9CC    1D9CC       16         0
                text121                           1A264    1A264      128         0
                text120                           1BF2A    1BF2A       98         0
                text119                           1C49E    1C49E       7E         0
                text118                           1BE88    1BE88       A2         0
                text117                           1DBC4    1DBC4        E         0
                text116                           1DC9A    1DC9A        4         0
                text115                           1DC96    1DC96        4         0
                text114                           1D792    1D792       28         0
                text113                           1DC2C    1DC2C        8         0
                text112                           1DBB6    1DBB6        E         0
                text111                           1DC24    1DC24        8         0
                text110                           1DBA8    1DBA8        E         0
                text109                           1C6F6    1C6F6       70         0
                text108                           1C596    1C596       78         0
                text107                           1DB28    1DB28       10         0
                text106                           1C684    1C684       72         0
                text105                           1CAAC    1CAAC       5A         0
                text104                           1D8CC    1D8CC       1E         0
                text103                           1CC5A    1CC5A       52         0
                text102                           1DC1C    1DC1C        8         0
                text101                           1D84A    1D84A       22         0
                text100                           1BDE2    1BDE2       A6         0
                text99                            1BA8A    1BA8A       AE         0
                text98                            1D76A    1D76A       28         0
                text97                            1A128    1A128      13C         0
                text96                            1CFDE    1CFDE       42         0
                text95                            1C41E    1C41E       80         0
                text94                            1D828    1D828       22         0
                text93                            1D8EA    1D8EA       1C         0
                text92                            1CC08    1CC08       52         0
                text91                            188D2    188D2      23C         0
                text90                            1A38C    1A38C      116         0
                text89                            1B18A    1B18A       CC         0
                text88                            1C60E    1C60E       76         0
                text87                            1B3EC    1B3EC       C4         0
                text86                            1B9DA    1B9DA       B0         0
                text85                            17200    17200      392         0
                text84                            1BBE6    1BBE6       AC         0
                text83                            1A5AA    1A5AA      106         0
                text82                            169B2    169B2      428         0
                text81                            1D14E    1D14E       3A         0
                text80                            16044    16044      4B8         0
                text79                            1CE7C    1CE7C       48         0
                text78                            1A4A2    1A4A2      108         0
                text77                            1A8BA    1A8BA      100         0
                text76                            18B0E    18B0E      216         0
                text75                            1D956    1D956       18         0
                text74                            1DB9A    1DB9A        E         0
                text73                            1B0BE    1B0BE       CC         0
                text72                            1CE34    1CE34       48         0
                text71                            1D114    1D114       3A         0
                text70                            1B634    1B634       BE         0
                text69                            1D060    1D060       3E         0
                text68                            14E30    14E30      CA8         0
                text67                            1AC9A    1AC9A       DC         0
                text66                            199D6    199D6      188         0
                text65                            19E62    19E62      164         0
                text64                            1D2DA    1D2DA       36         0
                text63                            17EE6    17EE6      28E         0
                text62                            1CB06    1CB06       58         0
                text61                            13372    13372      DF6         0
                text60                            194B0    194B0      1C8         0
                text59                            1AFF0    1AFF0       CE         0
                text58                            19678    19678      1B4         0
                text57                            1AAB8    1AAB8       F2         0
                text56                            1AE4E    1AE4E       D2         0
                text55                            18F36    18F36      1D8         0
                text54                            1866A    1866A      268         0
                text53                            112B6    112B6     12AE         0
                text52                            1C9E2    1C9E2       66         0
                text51                            1D742    1D742       28         0
                text50                            17C16    17C16      2D0         0
                text49                            1DB16    1DB16       12         0
                text48                            1DBE0    1DBE0        A         0
                text47                            1C058    1C058       96         0
                text46                            1DB04    1DB04       12         0
                text45                            1D806    1D806       22         0
                text44                            1D6C4    1D6C4       2A         0
                text43                            1DAF2    1DAF2       12         0
                text42                            1CBB4    1CBB4       54         0
                text41                            1D8AC    1D8AC       20         0
                text40                            1DC92    1DC92        4         0
                text39                            1DAE0    1DAE0       12         0
                text38                            1DB8C    1DB8C        E         0
                text37                            1BFC2    1BFC2       96         0
                text36                            1D9B6    1D9B6       16         0
                text35                            1DB7E    1DB7E        E         0
                text34                            1CDEA    1CDEA       4A         0
                text33                            1DB70    1DB70        E         0
                text32                            1CD9C    1CD9C       4E         0
                text31                            1DB62    1DB62        E         0
                text30                            1CD4E    1CD4E       4E         0
                text29                            1DB54    1DB54        E         0
                text28                            1DB46    1DB46        E         0
                text27                            1DB38    1DB38        E         0
                text26                            1CA48    1CA48       64         0
                text25                            1D69A    1D69A       2A         0
                text24                            1C840    1C840       6A         0
                text23                            1C0EE    1C0EE       8E         0
                text22                            1D234    1D234       38         0
                text21                            1D020    1D020       40         0
                text20                            1D88C    1D88C       20         0
                text19                            1DAA6    1DAA6       14         0
                text18                            1D86C    1D86C       20         0
                text17                            1DACE    1DACE       12         0
                text16                            1C206    1C206       8A         0
                text15                            19CE4    19CE4      17E         0
                text14                            1BD3C    1BD3C       A6         0
                text13                            1C7D4    1C7D4       6C         0
                text12                            1D0DA    1D0DA       3A         0
                text11                            1B7B0    1B7B0       BC         0
                text10                            1D1FC    1D1FC       38         0
                text9                             17922    17922      2F4         0
                text8                             1C97C    1C97C       66         0
                text7                             1C914    1C914       68         0
                text6                             1C17C    1C17C       8A         0
                text5                             1D670    1D670       2A         0
                text4                             1D2A4    1D2A4       36         0
                text3                             1D93E    1D93E       18         0
                text2                             1DA92    1DA92       14         0
                text1                             1C290    1C290       88         0
                text0                             15AD8    15AD8      56C         0
                cinit                             1C39C    1C39C       82         0
                idataBANK7                        1DC3C    1DC3C        7         0
                idataBANK5                        1DCA6    1DCA6        3         0

        CLASS   CONST          

        CLASS   SMALLCONST     

        CLASS   MEDIUMCONST    
                mediumconst                        FDC6     FDC6      23A         0

        CLASS   COMRAM         
                cstackCOMRAM                        501      501       5F         1

        CLASS   ABS1           

        CLASS   BIGRAM         

        CLASS   RAM            

        CLASS   BANK5          
                cstackBANK5                         560      560       41         1
                dataBANK5                           5DE      5DE        3         1
                bssBANK5                            5A1      5A1       3D         1

        CLASS   BANK6          
                cstackBANK6                         600      600       AE         1
                bssBANK6                            6AE      6AE       45         1
                nvBANK6                             6F3      6F3        C         1

        CLASS   BANK7          
                cstackBANK7                         76C      76C       1D         1
                dataBANK7                           792      792        7         1
                bssBANK7                            700      700       6C         1
                nvBANK7                             789      789        9         1

        CLASS   BANK8          
                bssBANK8                            800      800       F0         1

        CLASS   BANK9          

        CLASS   BANK10         

        CLASS   BANK11         

        CLASS   BANK12         

        CLASS   BANK13         

        CLASS   BANK14         

        CLASS   BANK15         

        CLASS   BANK16         

        CLASS   BANK17         

        CLASS   BANK18         

        CLASS   BANK19         

        CLASS   BANK20         

        CLASS   BANK21         

        CLASS   BANK22         

        CLASS   BANK23         

        CLASS   BANK24         

        CLASS   BANK25         

        CLASS   BANK26         

        CLASS   BANK27         

        CLASS   BANK28         

        CLASS   BANK29         

        CLASS   BANK30         

        CLASS   BANK31         

        CLASS   BANK32         

        CLASS   BANK33         

        CLASS   BANK34         

        CLASS   BANK35         

        CLASS   BANK36         

        CLASS   BANK37         

        CLASS   BANK38         

        CLASS   BANK39         

        CLASS   BANK40         

        CLASS   BANK41         

        CLASS   BANK42         

        CLASS   BANK43         

        CLASS   BANK44         

        CLASS   BANK45         

        CLASS   BANK46         

        CLASS   BANK47         

        CLASS   BANK48         

        CLASS   BANK49         

        CLASS   BANK50         

        CLASS   BANK51         

        CLASS   BANK52         

        CLASS   BANK53         

        CLASS   BANK54         

        CLASS   SFR            

        CLASS   BIGSFR         

        CLASS   CONFIG         
                config                           300000   300000       1F         4

        CLASS   IDLOC          

        CLASS   EEDATA         

        CLASS   FARRAM         

        CLASS   HEAP           

        CLASS   STACK          



SEGMENTS        Name                           Load    Length   Top    Selector   Space  Class

                reset_vec                      000000  000004  000004         0       0  CODE    
                ivt0x8                         000008  000016  00001E         4       0  CODE    
                cstackCOMRAM                   000501  00005F  000560       501       1  COMRAM  
                cstackBANK5                    000560  000081  0005E1       560       1  BANK5   
                cstackBANK6                    000600  0000FF  0006FF       600       1  BANK6   
                bssBANK7                       000700  000099  000799       700       1  BANK7   
                bssBANK8                       000800  0000F0  0008F0       800       1  BANK8   
                mediumconst                    00FDC6  00023A  010000      7EE3       0  MEDIUMCO
                text190                        010000  00DC43  01DC43      8000       0  CODE    
                text128                        01DC44  000065  01DCA9      EE22       0  CODE    
                text171                        01DCAA  000008  01DCB2      EE55       0  CODE    


UNUSED ADDRESS RANGES

        Name                Unused          Largest block    Delta
        BANK10           000A00-000AFF              100
        BANK11           000B00-000BFF              100
        BANK12           000C00-000CFF              100
        BANK13           000D00-000DFF              100
        BANK14           000E00-000EFF              100
        BANK15           000F00-000FFF              100
        BANK16           001000-0010FF              100
        BANK17           001100-0011FF              100
        BANK18           001200-0012FF              100
        BANK19           001300-0013FF              100
        BANK20           001400-0014FF              100
        BANK21           001500-0015FF              100
        BANK22           001600-0016FF              100
        BANK23           001700-0017FF              100
        BANK24           001800-0018FF              100
        BANK25           001900-0019FF              100
        BANK26           001A00-001AFF              100
        BANK27           001B00-001BFF              100
        BANK28           001C00-001CFF              100
        BANK29           001D00-001DFF              100
        BANK30           001E00-001EFF              100
        BANK31           001F00-001FFF              100
        BANK32           002000-0020FF              100
        BANK33           002100-0021FF              100
        BANK34           002200-0022FF              100
        BANK35           002300-0023FF              100
        BANK36           002400-0024FF              100
        BANK37           002500-0025FF              100
        BANK38           002600-0026FF              100
        BANK39           002700-0027FF              100
        BANK40           002800-0028FF              100
        BANK41           002900-0029FF              100
        BANK42           002A00-002AFF              100
        BANK43           002B00-002BFF              100
        BANK44           002C00-002CFF              100
        BANK45           002D00-002DFF              100
        BANK46           002E00-002EFF              100
        BANK47           002F00-002FFF              100
        BANK48           003000-0030FF              100
        BANK49           003100-0031FF              100
        BANK5            0005E1-0005FF               1F
        BANK50           003200-0032FF              100
        BANK51           003300-0033FF              100
        BANK52           003400-0034FF              100
        BANK53           003500-0035FF              100
        BANK54           003600-0036FF              100
        BANK6            0006FF-0006FF                1
        BANK7            000799-0007FF               67
        BANK8            0008F0-0008FF               10
        BANK9            000900-0009FF              100
        BIGRAM           0005E1-0005FF               1F
                         0006FF-0006FF                1
                         000799-0007FF               67
                         0008F0-0036FF             2E10
        BIGSFR           000000-0004FF              500
                         003700-003FFF              900
        CODE             000004-000007                4
                         00001E-00FDC5             FDA8
                         01DC43-01DC43                1
                         01DCA9-01DCA9                1
                         01DCB2-01FFFF             234E
        CONFIG           30001F-300023                5
        CONST            000004-000007                4
                         00001E-00FDC5             FDA8
                         01DC43-01DC43                1
                         01DCA9-01DCA9                1
                         01DCB2-01FFFF             234E
        EEDATA           380000-3803FF              400
        IDLOC            200000-20003F               40
        MEDIUMCONST      004000-00FDC5             BDC6
                         01DC43-01DC43                1
                         01DCA9-01DCA9                1
                         01DCB2-01FFFF             234E
        RAM              0005E1-0005FF               1F
                         0006FF-0006FF                1
                         000799-0007FF               67
                         0008F0-0036FF              100
        SFR              000000-0004FF              100
                         003700-003FFF              100
        SMALLCONST       004000-00FDC5              100
                         01DC43-01DC43                1
                         01DCA9-01DCA9                1
                         01DCB2-01FFFF              100

                                  Symbol Table

?_LCD_print                                               cstackBANK7  00076C
?___aodiv                                                 cstackBANK6  000600
?___aomod                                                 cstackBANK6  000600
?___awdiv                                                 cstackBANK6  000600
?___awmod                                                 cstackBANK6  000600
?___fladd                                                 cstackBANK6  000600
?___fldiv                                                 cstackBANK6  000600
?___flmul                                                 cstackBANK6  000600
?___flneg                                                 cstackBANK6  000600
?___flsub                                                 cstackBANK6  000619
?___fltol                                                 cstackBANK6  000600
?___fpclassifyf                                           cstackBANK6  000600
?___lldiv                                                 cstackBANK6  00060C
?___llmod                                                 cstackBANK6  000600
?___lmul                                                  cstackBANK6  000600
?___lodiv                                                 cstackBANK6  000600
?___lomod                                                 cstackBANK6  000600
?___lwdiv                                                 cstackBANK6  000600
?_abs                                                     cstackBANK6  000612
?_atoa                                                    cstackBANK6  00062D
?_ctoa                                                    cstackBANK6  00060B
?_dtoa                                                    cstackBANK6  00061B
?_efgtoa                                                  cstackBANK6  00062D
?_floorf                                                  cstackBANK6  000619
?_labs                                                    cstackBANK6  000600
?_otoa                                                    cstackBANK6  00061B
?_pad                                                     cstackBANK6  000612
?_power_get_average_kw                                    cstackBANK6  000619
?_power_get_bar                                           cstackBANK6  000619
?_power_get_instant_kw                                    cstackBANK6  000619
?_printf                                                  cstackBANK6  000692
?_read_prec_or_width                                      cstackBANK6  000600
?_stoa                                                    cstackBANK6  00060B
?_strlen                                                  cstackBANK6  000600
?_utoa                                                    cstackBANK6  00061B
?_vfpfcnvrt                                               cstackBANK6  00066A
?_vfprintf                                                cstackBANK6  00068A
?_xtoa                                                    cstackBANK6  00061B
?i2___aodiv                                               cstackCOMRAM 000501
?i2___aomod                                               cstackCOMRAM 000501
?i2___awdiv                                               cstackCOMRAM 000501
?i2___awmod                                               cstackCOMRAM 000501
?i2___fladd                                               cstackCOMRAM 000501
?i2___fldiv                                               cstackCOMRAM 000501
?i2___flmul                                               cstackCOMRAM 000501
?i2___flneg                                               cstackCOMRAM 000501
?i2___flsub                                               cstackCOMRAM 00051A
?i2___fltol                                               cstackCOMRAM 000501
?i2___fpclassifyf                                         cstackCOMRAM 000501
?i2___lmul                                                cstackCOMRAM 000501
?i2___lodiv                                               cstackCOMRAM 000501
?i2___lomod                                               cstackCOMRAM 000501
?i2_abs                                                   cstackCOMRAM 000513
?i2_atoa                                                  cstackCOMRAM 00052E
?i2_ctoa                                                  cstackCOMRAM 00050C
?i2_dtoa                                                  cstackCOMRAM 00051C
?i2_efgtoa                                                cstackCOMRAM 00052E
?i2_floorf                                                cstackCOMRAM 00051A
?i2_labs                                                  cstackCOMRAM 000501
?i2_otoa                                                  cstackCOMRAM 00051C
?i2_pad                                                   cstackCOMRAM 000513
?i2_printf                                                cstackBANK5  00059F
?i2_read_prec_or_width                                    cstackCOMRAM 000501
?i2_stoa                                                  cstackCOMRAM 00050C
?i2_strlen                                                cstackCOMRAM 000501
?i2_utoa                                                  cstackCOMRAM 00051C
?i2_vfpfcnvrt                                             cstackBANK5  000593
?i2_vfprintf                                              cstackBANK5  000599
?i2_xtoa                                                  cstackCOMRAM 00051C
CAN1_OperationModeSet@opMode                              cstackBANK6  000600
CAN1_OperationModeSet@requestMode                         cstackBANK6  000602
CAN1_OperationModeSet@status                              cstackBANK6  000601
CAN1_RX_FIFO_ResetInfo@index                              cstackBANK6  000600
CAN1_Receive@channel                                      cstackBANK6  00061E
CAN1_Receive@index                                        cstackBANK6  00061F
CAN1_Receive@rxCanMsg                                     cstackBANK6  000616
CAN1_Receive@rxFifoObj                                    cstackBANK6  00061B
CAN1_Receive@rxMsgStatus                                  cstackBANK6  00061D
CAN1_Receive@status                                       cstackBANK6  00061A
CAN1_ReceivedMessageCountGet@channel                      cstackBANK6  000605
CAN1_ReceivedMessageCountGet@fifoDepth                    cstackBANK6  000606
CAN1_ReceivedMessageCountGet@fifoHead                     cstackBANK6  000608
CAN1_ReceivedMessageCountGet@fifoTail                     cstackBANK6  000607
CAN1_ReceivedMessageCountGet@index                        cstackBANK6  000609
CAN1_ReceivedMessageCountGet@numOfMsg                     cstackBANK6  000603
CAN1_ReceivedMessageCountGet@rxMsgStatus                  cstackBANK6  000604
CAN1_ReceivedMessageCountGet@totalMsgObj                  cstackBANK6  000602
GetDashboardData@data                                     cstackBANK6  000600
GetRxFifoDepth@validChannel                               cstackBANK6  000601
GetRxFifoStatus@validChannel                              cstackBANK6  000600
I2C1_CallbackReturnReset@funPtr                           cstackBANK6  00060B
I2C1_Close@returnValue                                    cstackBANK6  000600
I2C1_DO_RX@retFsmState                                    cstackBANK6  000611
I2C1_DO_TX@dataTx                                         cstackBANK6  00060F
I2C1_DO_TX@retFsmState                                    cstackBANK6  000610
I2C1_MasterOperation@read                                 cstackBANK6  000613
I2C1_MasterOperation@returnValue                          cstackBANK6  000614
I2C1_MasterSendTxData@data                                cstackBANK6  000600
I2C1_MasterSetCounter@counter                             cstackBANK6  000600
I2C1_Open@address                                         cstackBANK6  000600
I2C1_Open@returnValue                                     cstackBANK6  000601
I2C1_SetBuffer@buffer                                     cstackBANK6  000600
I2C1_SetBuffer@bufferSize                                 cstackBANK6  000602
I2C1_SetBuffer_4bitmode@buffer                            cstackBANK6  000606
I2C1_SetBuffer_4bitmode@data                              cstackBANK6  00060A
I2C1_SetBuffer_4bitmode@data_high                         cstackBANK6  00060B
I2C1_SetBuffer_4bitmode@data_low                          cstackBANK6  00060C
I2C1_SetBuffer_4bitmode@rs                                cstackBANK6  000604
I2C1_SetCallback@cb                                       cstackBANK6  000600
I2C1_SetCallback@idx                                      cstackBANK6  000605
I2C1_SetCallback@ptr                                      cstackBANK6  000603
I2C1_SetDataCompleteCallback@cb                           cstackBANK6  000606
I2C1_SetDataCompleteCallback@ptr                          cstackBANK6  000609
IOCAF0_SetInterruptHandler@InterruptHandler               cstackBANK6  000600
IVTBASEH                                                  (abs)        00045E
IVTBASEL                                                  (abs)        00045D
IVTBASEU                                                  (abs)        00045F
LCD_clear_row@row                                         cstackBANK6  0006A7
LCD_create_custom_char@F23609                             mediumconst  00FE23
LCD_create_custom_char@F23611                             mediumconst  00FE1B
LCD_create_custom_char@F23613                             mediumconst  00FE13
LCD_create_custom_char@i                                  cstackBANK6  00062F
LCD_create_custom_char@i_2899                             cstackBANK6  000631
LCD_create_custom_char@i_2900                             cstackBANK6  000633
LCD_create_custom_char@left                               cstackBANK6  000617
LCD_create_custom_char@middle                             cstackBANK6  00061F
LCD_create_custom_char@right                              cstackBANK6  000627
LCD_print@args                                            cstackBANK7  000787
LCD_print@buffer                                          cstackBANK7  000776
LCD_print@str                                             cstackBANK7  00076C
LCD_send_byte@data                                        cstackBANK6  000616
LCD_send_byte@rs                                          cstackBANK6  000615
LCD_send_nibble_cmd@buffer                                cstackBANK6  000615
LCD_send_nibble_cmd@data_high                             cstackBANK6  000617
LCD_set_cursor@address                                    cstackBANK6  00061B
LCD_set_cursor@col                                        cstackBANK6  000617
LCD_set_cursor@row                                        cstackBANK6  000618
LCD_write_char@c                                          cstackBANK6  000617
LCD_write_string@str                                      cstackBANK6  000617
ProcessCANMessages@i                                      cstackBANK6  0006A2
ProcessCANMessages@i_3002                                 cstackBANK6  0006A3
ProcessCANMessages@i_3004                                 cstackBANK6  0006A4
ReadMessageFromFifo@msgId                                 cstackBANK6  000611
ReadMessageFromFifo@rxCanMsg                              cstackBANK6  00060D
ReadMessageFromFifo@rxFifoObj                             cstackBANK6  00060B
ReadMessageFromFifo@status                                cstackBANK6  000615
RealTimeClockHandler@F23659                               bssBANK7     000700
RealTimeClockHandler@data                                 cstackCOMRAM 000515
TMR0_ISR@CountCallBack                                    bssBANK5     0005C1
TMR0_SetInterruptHandler@InterruptHandler                 cstackBANK6  000600
TMR1_ISR@CountCallBack                                    bssBANK5     0005C5
TMR1_SetInterruptHandler@InterruptHandler                 cstackBANK6  000600
TMR1_WriteTimer@timerVal                                  cstackCOMRAM 000501
TMR3_SetInterruptHandler@InterruptHandler                 cstackBANK6  000600
TMR3_WriteTimer@timerVal                                  cstackCOMRAM 000501
UART1_SetErrorHandler@interruptHandler                    cstackBANK6  000600
UART1_SetFramingErrorHandler@interruptHandler             cstackBANK6  000600
UART1_SetOverrunErrorHandler@interruptHandler             cstackBANK6  000600
UART1_Write@txData                                        cstackBANK6  000600
_ANSELA                                                   (abs)        000400
_ANSELB                                                   (abs)        000408
_ANSELC                                                   (abs)        000410
_ANSELD                                                   (abs)        000418
_ANSELE                                                   (abs)        000420
_ButtonHoldTimer                                          text170      01D986
_ButtonPressHandler                                       text186      01B6F2
_C1CONH                                                   (abs)        000101
_C1CONHbits                                               (abs)        000101
_C1CONL                                                   (abs)        000100
_C1CONTbits                                               (abs)        000103
_C1CONU                                                   (abs)        000102
_C1CONUbits                                               (abs)        000102
_C1FIFOBA                                                 (abs)        00014C
_C1FIFOCON1H                                              (abs)        00015D
_C1FIFOCON1L                                              (abs)        00015C
_C1FIFOCON1T                                              (abs)        00015F
_C1FIFOCON1U                                              (abs)        00015E
_C1FLTCON0L                                               (abs)        000180
_C1FLTOBJ0H                                               (abs)        00018D
_C1FLTOBJ0L                                               (abs)        00018C
_C1FLTOBJ0T                                               (abs)        00018F
_C1FLTOBJ0U                                               (abs)        00018E
_C1INTHbits                                               (abs)        00011D
_C1INTTbits                                               (abs)        00011F
_C1MASK0H                                                 (abs)        000191
_C1MASK0L                                                 (abs)        000190
_C1MASK0T                                                 (abs)        000193
_C1MASK0U                                                 (abs)        000192
_C1NBTCFGH                                                (abs)        000105
_C1NBTCFGL                                                (abs)        000104
_C1NBTCFGT                                                (abs)        000107
_C1NBTCFGU                                                (abs)        000106
_C1TRECUbits                                              (abs)        000136
_C1TXQCONH                                                (abs)        000151
_C1TXQCONL                                                (abs)        000150
_C1TXQCONT                                                (abs)        000153
_C1TXQCONU                                                (abs)        000152
_CAN1_BitRateConfiguration                                text49       01DB16
_CAN1_Initialize                                          text42       01CBB4
_CAN1_OperationModeGet                                    text48       01DBE0
_CAN1_OperationModeSet                                    text47       01C058
_CAN1_RX_FIFO_Configuration                               text46       01DB04
_CAN1_RX_FIFO_FilterMaskConfiguration                     text45       01D806
_CAN1_RX_FIFO_ResetInfo                                   text44       01D6C4
_CAN1_Receive                                             text90       01A38C
_CAN1_ReceivedMessageCountGet                             text89       01B18A
_CAN1_TX_FIFO_Configuration                               text43       01DAF2
_CANRXPPS                                                 (abs)        00023D
_DLC_BYTES                                                mediumconst  00FE0A
_GetDashboardData                                         text165      01D96E
_GetRxFifoDepth                                           text94       01D828
_GetRxFifoStatus                                          text93       01D8EA
_I2C1BAUD                                                 (abs)        00029D
_I2C1CLK                                                  (abs)        00029E
_I2C1CNTH                                                 (abs)        00028D
_I2C1CNTL                                                 (abs)        00028C
_I2C1CON0                                                 (abs)        000294
_I2C1CON0bits                                             (abs)        000294
_I2C1CON1                                                 (abs)        000295
_I2C1CON1bits                                             (abs)        000295
_I2C1CON2                                                 (abs)        000296
_I2C1ERR                                                  (abs)        000297
_I2C1ERRbits                                              (abs)        000297
_I2C1PIE                                                  (abs)        00029B
_I2C1PIEbits                                              (abs)        00029B
_I2C1PIR                                                  (abs)        00029A
_I2C1PIRbits                                              (abs)        00029A
_I2C1RXB                                                  (abs)        00028A
_I2C1SCLPPS                                               (abs)        000271
_I2C1SDAPPS                                               (abs)        000270
_I2C1STAT1bits                                            (abs)        000299
_I2C1TXB                                                  (abs)        00028B
_I2C1_CallbackReturnReset                                 text139      01DC9E
_I2C1_CallbackReturnStop                                  text140      01DCA2
_I2C1_ClearInterruptFlags                                 text154      01CCAC
_I2C1_Close                                               text161      01D614
_I2C1_DO_ADDRESS_NACK                                     text109      01C6F6
_I2C1_DO_BUS_COLLISION                                    text108      01C596
_I2C1_DO_BUS_ERROR                                        text107      01DB28
_I2C1_DO_IDLE                                             text124      01DBEA
_I2C1_DO_RESET                                            text110      01DBA8
_I2C1_DO_RX                                               text120      01BF2A
_I2C1_DO_RX_ACK                                           text113      01DC2C
_I2C1_DO_RX_EMPTY                                         text118      01BE88
_I2C1_DO_RX_NACK_RESTART                                  text111      01DC24
_I2C1_DO_RX_NACK_STOP                                     text112      01DBB6
_I2C1_DO_SEND_ADR_READ                                    text123      01D5E6
_I2C1_DO_SEND_ADR_WRITE                                   text122      01D9CC
_I2C1_DO_SEND_RESTART                                     text115      01DC96
_I2C1_DO_SEND_RESTART_READ                                text117      01DBC4
_I2C1_DO_SEND_RESTART_WRITE                               text116      01DC9A
_I2C1_DO_SEND_STOP                                        text114      01D792
_I2C1_DO_TX                                               text121      01A264
_I2C1_DO_TX$1066                                          cstackBANK6  000611
_I2C1_DO_TX_ACK                                           text125      01DC34
_I2C1_DO_TX_EMPTY                                         text119      01C49E
_I2C1_Initialize                                          text41       01D8AC
_I2C1_MasterClearCountFlag                                text160      01DC7A
_I2C1_MasterClearIrq                                      text164      01DC80
_I2C1_MasterClearNackFlag                                 text159      01DC74
_I2C1_MasterClearStopFlag                                 text158      01DC6E
_I2C1_MasterClose                                         text163      01DC08
_I2C1_MasterDisableIrq                                    text162      01D922
_I2C1_MasterDisableRestart                                text137      01DC68
_I2C1_MasterEnableRestart                                 text136      01DC62
_I2C1_MasterFsm                                           text106      01C684
_I2C1_MasterGetCounter                                    text128      01DC44
_I2C1_MasterGetRxData                                     text133      01DC5C
_I2C1_MasterIsCountFlagSet                                text157      01DA50
_I2C1_MasterIsNack                                        text127      01D9F8
_I2C1_MasterIsNackFlagSet                                 text156      01DA3A
_I2C1_MasterIsRxBufFull                                   text132      01DA0E
_I2C1_MasterIsStopFlagSet                                 text155      01DA24
_I2C1_MasterIsTxBufEmpty                                  text126      01D9E2
_I2C1_MasterOpen                                          text101      01D84A
_I2C1_MasterOperation                                     text103      01CC5A
_I2C1_MasterResetBus                                      text138      01DBFE
_I2C1_MasterSendAck                                       text131      01DC56
_I2C1_MasterSendNack                                      text130      01DC50
_I2C1_MasterSendTxData                                    text134      01DBF4
_I2C1_MasterSetCounter                                    text135      01DBD2
_I2C1_MasterStop                                          text129      01DC4A
_I2C1_MasterWaitForEvent                                  text105      01CAAC
_I2C1_MasterWrite                                         text102      01DC1C
_I2C1_Open                                                text100      01BDE2
_I2C1_Poller                                              text104      01D8CC
_I2C1_SetBuffer                                           text153      01D7E2
_I2C1_SetBuffer_4bitmode                                  text99       01BA8A
_I2C1_SetCallback                                         text152      01C318
_I2C1_SetDataCompleteCallback                             text151      01D906
_I2C1_Status                                              bssBANK6     0006AE
_INLVLA                                                   (abs)        000404
_INLVLB                                                   (abs)        00040C
_INLVLC                                                   (abs)        000414
_INLVLD                                                   (abs)        00041C
_INLVLE                                                   (abs)        000424
_INTCON0bits                                              (abs)        0004D6
_INTERRUPT_Initialize                                     text40       01DC92
_INTERRUPT_InterruptManager                               text166      01B4B0
_IOCAF0_DefaultInterruptHandler                           text187      01DCB0
_IOCAF0_ISR                                               text185      01D310
_IOCAF0_InterruptHandler                                  nvBANK6      0006FC
_IOCAF0_SetInterruptHandler                               text38       01DB8C
_IOCAFbits                                                (abs)        000407
_IOCANbits                                                (abs)        000406
_IOCAPbits                                                (abs)        000405
_LATA                                                     (abs)        0004BE
_LATB                                                     (abs)        0004BF
_LATC                                                     (abs)        0004C0
_LATD                                                     (abs)        0004C1
_LATE                                                     (abs)        0004C2
_LCD_clear                                                text18       01D86C
_LCD_clear_row                                            text20       01D88C
_LCD_create_custom_char                                   text97       01A128
_LCD_init                                                 text95       01C41E
_LCD_print                                                text22       01D234
_LCD_send_byte                                            text98       01D76A
_LCD_send_nibble_cmd                                      text96       01CFDE
_LCD_set_cursor                                           text21       01D020
_LCD_set_cursor$2874                                      cstackBANK6  000619
_LCD_write_char                                           text17       01DACE
_LCD_write_string                                         text24       01C840
_ODCONA                                                   (abs)        000402
_ODCONB                                                   (abs)        00040A
[...]
vsprintf@cnt                                              cstackBANK6  00069A
vsprintf@f                                                cstackBANK6  00069C
vsprintf@fmt                                              cstackBANK6  000694
vsprintf@s                                                cstackBANK6  000692
wr1RegCompleteHandler@i2c1_master_example$F162@ptr        cstackBANK6  00060B
wr1RegCompleteHandler@p                                   cstackBANK6  00060B
wr2RegCompleteHandler@i2c1_master_example$F168@ptr        cstackBANK6  00060B
wr2RegCompleteHandler@p                                   cstackBANK6  00060B
xtoa@a                                                    cstackBANK6  00062E
xtoa@c                                                    cstackBANK6  000636
xtoa@d                                                    cstackBANK6  00061D
xtoa@d_nonzero                                            cstackBANK6  000633
xtoa@fp                                                   cstackBANK6  00061B
xtoa@i                                                    cstackBANK6  000637
xtoa@p                                                    cstackBANK6  000631
xtoa@w                                                    cstackBANK6  000634
xtoa@x                                                    cstackBANK6  000625


MODULE INFORMATION

Module		Function		Class		Link	Load	Size
animation.c
		_animation_isr 		CODE           	1D642	0000	46
		_timer0_init   		CODE           	1DA92	0000	20
		_animation_stop		CODE           	1DAA6	0000	20

animation.c estimated size: 86

mcc_generated_files/can1.c
		_ReadMessageFromFifo		CODE           	188D2	0000	572
		_CAN1_BitRateConfiguration		CODE           	1DB16	0000	18
		_CAN1_TX_FIFO_Configuration		CODE           	1DAF2	0000	18
		_GetRxFifoDepth		CODE           	1D828	0000	34
		_CAN1_OperationModeGet		CODE           	1DBE0	0000	10
		_CAN1_Initialize		CODE           	1CBB4	0000	84
		_CAN1_RX_FIFO_FilterMaskConfiguration		CODE           	1D806	0000	34
		_CAN1_RX_FIFO_Configuration		CODE           	1DB04	0000	18
		_GetRxFifoStatus		CODE           	1D8EA	0000	28
		_CAN1_ReceivedMessageCountGet		CODE           	1B18A	0000	204
		_CAN1_Receive  		CODE           	1A38C	0000	278
		_CAN1_RX_FIFO_ResetInfo		CODE           	1D6C4	0000	42
		_CAN1_OperationModeSet		CODE           	1C058	0000	150

mcc_generated_files/can1.c estimated size: 1490

C:\Program Files\Microchip\xc8\v3.00\pic\sources\c99\common\flge.c
		___flge        		CODE           	1A5AA	0000	262

C:\Program Files\Microchip\xc8\v3.00\pic\sources\c99\common\flge.c estimated size: 262

mcc_generated_files/examples/i2c1_master_example.c
		_rdBlkRegCompleteHandler@i2c1_master_example$F179		CODE           	1CEC4	0000	72
		_rd1RegCompleteHandler@i2c1_master_example$F145		CODE           	1D3E4	0000	52
		_rd2RegCompleteHandler@i2c1_master_example$F156		CODE           	1D3B0	0000	52
		_wr1RegCompleteHandler@i2c1_master_example$F162		CODE           	1D37C	0000	52
		_wr2RegCompleteHandler@i2c1_master_example$F168		CODE           	1D4E8	0000	52

mcc_generated_files/examples/i2c1_master_example.c estimated size: 280

C:\Program Files\Microchip\xc8\v3.00\pic\sources\c99\common\abs.c
		_abs           		CODE           	1D2DA	0000	54

C:\Program Files\Microchip\xc8\v3.00\pic\sources\c99\common\abs.c estimated size: 54

C:\Program Files\Microchip\xc8\v3.00\pic\sources\c99\common\nf_fputc.c
		_fputc         		CODE           	1B0BE	0000	204

C:\Program Files\Microchip\xc8\v3.00\pic\sources\c99\common\nf_fputc.c estimated size: 204

CAN_handler.c
		_ProcessCANMessages		CODE           	17C16	0000	720
		_GetDashboardData		CODE           	1D96E	0000	24

CAN_handler.c estimated size: 744

mcc_generated_files/i2c1_master.c
		_I2C1_DO_SEND_RESTART		CODE           	1DC96	0000	4
		_I2C1_MasterIsNackFlagSet		CODE           	1DA3A	0000	22
		_I2C1_DO_RX_EMPTY		CODE           	1BE88	0000	162
		_I2C1_DO_TX_EMPTY		CODE           	1C49E	0000	126
		_I2C1_DO_SEND_RESTART_READ		CODE           	1DBC4	0000	14
		_I2C1_MasterClearNackFlag		CODE           	1DC74	0000	6
		_I2C1_CallbackReturnStop		CODE           	1DCA2	0000	4
		_I2C1_DO_RX    		CODE           	1BF2A	0000	152
		_I2C1_DO_TX    		CODE           	1A264	0000	296
		_I2C1_DO_IDLE  		CODE           	1DBEA	0000	10
		_I2C1_MasterOpen		CODE           	1D84A	0000	34
		_I2C1_MasterSendTxData		CODE           	1DBF4	0000	10
		_I2C1_MasterStop		CODE           	1DC4A	0000	6
		_I2C1_MasterIsStopFlagSet		CODE           	1DA24	0000	22
		_I2C1_CallbackReturnReset		CODE           	1DC9E	0000	4
		_I2C1_DO_RESET 		CODE           	1DBA8	0000	14
		_I2C1_Poller   		CODE           	1D8CC	0000	30
		_I2C1_DO_RX_ACK		CODE           	1DC2C	0000	8
		_I2C1_DO_TX_ACK		CODE           	1DC34	0000	8
		_I2C1_MasterWaitForEvent		CODE           	1CAAC	0000	90
		_I2C1_MasterSendNack		CODE           	1DC50	0000	6
		_I2C1_DO_RX_NACK_RESTART		CODE           	1DC24	0000	8
		_I2C1_MasterDisableIrq		CODE           	1D922	0000	28
		_I2C1_ClearInterruptFlags		CODE           	1CCAC	0000	82
		_I2C1_MasterOperation		CODE           	1CC5A	0000	82
		_I2C1_MasterClearStopFlag		CODE           	1DC6E	0000	6
		_I2C1_SetCallback		CODE           	1C318	0000	132
		_I2C1_MasterEnableRestart		CODE           	1DC62	0000	6
		_I2C1_MasterGetCounter		CODE           	1DC44	0000	6
		_I2C1_MasterSetCounter		CODE           	1DBD2	0000	14
		_I2C1_Open     		CODE           	1BDE2	0000	166
		_I2C1_DO_ADDRESS_NACK		CODE           	1C6F6	0000	112
		_I2C1_MasterDisableRestart		CODE           	1DC68	0000	6
		_I2C1_MasterClearCountFlag		CODE           	1DC7A	0000	6
		_I2C1_SetBuffer		CODE           	1D7E2	0000	36
		_I2C1_DO_SEND_RESTART_WRITE		CODE           	1DC9A	0000	4
		_I2C1_MasterIsTxBufEmpty		CODE           	1D9E2	0000	22
		_I2C1_MasterClose		CODE           	1DC08	0000	10
		_I2C1_MasterWrite		CODE           	1DC1C	0000	8
		_I2C1_Initialize		CODE           	1D8AC	0000	32
		_I2C1_Close    		CODE           	1D614	0000	46
		_I2C1_MasterIsRxBufFull		CODE           	1DA0E	0000	22
		_I2C1_MasterIsNack		CODE           	1D9F8	0000	22
		_I2C1_DO_SEND_ADR_WRITE		CODE           	1D9CC	0000	22
		_I2C1_MasterClearIrq		CODE           	1DC80	0000	6
		_I2C1_SetDataCompleteCallback		CODE           	1D906	0000	28
		_I2C1_DO_SEND_STOP		CODE           	1D792	0000	40
		_I2C1_DO_BUS_COLLISION		CODE           	1C596	0000	120
		_I2C1_DO_BUS_ERROR		CODE           	1DB28	0000	16
		_I2C1_MasterSendAck		CODE           	1DC56	0000	6
		_I2C1_MasterFsm		CODE           	1C684	0000	114
		_I2C1_MasterGetRxData		CODE           	1DC5C	0000	6
		_I2C1_MasterResetBus		CODE           	1DBFE	0000	10
		_I2C1_MasterIsCountFlagSet		CODE           	1DA50	0000	22
		_I2C1_DO_SEND_ADR_READ		CODE           	1D5E6	0000	46
		_I2C1_DO_RX_NACK_STOP		CODE           	1DBB6	0000	14

mcc_generated_files/i2c1_master.c estimated size: 2334

C:\Program Files\Microchip\xc8\v3.00\pic\sources\c99\common\memcpy.c
		_memcpy        		CODE           	1CC08	0000	82

C:\Program Files\Microchip\xc8\v3.00\pic\sources\c99\common\memcpy.c estimated size: 82

mcc_generated_files/interrupt_manager.c
		_INTERRUPT_Initialize		CODE           	1DC92	0000	4
		_INTERRUPT_InterruptManager		CODE           	1B4B0	0000	194

mcc_generated_files/interrupt_manager.c estimated size: 198

C:\Program Files\Microchip\xc8\v3.00\pic\sources\c99\common\flneg.c
		___flneg       		CODE           	1D14E	0000	58

C:\Program Files\Microchip\xc8\v3.00\pic\sources\c99\common\flneg.c estimated size: 58

mcc_generated_files/tmr0.c
		_TMR0_SetInterruptHandler		CODE           	1DB7E	0000	14
		_TMR0_DefaultInterruptHandler		CODE           	1DCAE	0000	2
		_TMR0_CallBack 		CODE           	1D5B4	0000	50
		_TMR0_ISR      		CODE           	1D1C2	0000	58
		_TMR0_Initialize		CODE           	1CDEA	0000	74

mcc_generated_files/tmr0.c estimated size: 198

C:\Program Files\Microchip\xc8\v3.00\pic\sources\c99\common\__fpclassifyf.c
		___fpclassifyf 		CODE           	1A8BA	0000	256

C:\Program Files\Microchip\xc8\v3.00\pic\sources\c99\common\__fpclassifyf.c estimated size: 256

mcc_generated_files/pin_manager.c
		_PIN_MANAGER_Initialize		CODE           	1BFC2	0000	150
		_IOCAF0_SetInterruptHandler		CODE           	1DB8C	0000	14
		_PIN_MANAGER_IOC		CODE           	1DA66	0000	22
		_IOCAF0_DefaultInterruptHandler		CODE           	1DCB0	0000	2
		_IOCAF0_ISR    		CODE           	1D310	0000	54

mcc_generated_files/pin_manager.c estimated size: 242

7seg.c
		_seg_init      		CODE           	1D93E	0000	24
		_seg_display_digits		CODE           	1C17C	0000	138
		_seg_send_command		CODE           	1D2A4	0000	54
		_seg_write_display		CODE           	1C914	0000	104
		_seg_clear     		CODE           	1D670	0000	42

7seg.c estimated size: 362

C:\Program Files\Microchip\xc8\v3.00\pic\sources\c99\common\lomod.c
		___lomod       		CODE           	1AE4E	0000	210

C:\Program Files\Microchip\xc8\v3.00\pic\sources\c99\common\lomod.c estimated size: 210

C:\Program Files\Microchip\xc8\v3.00\pic\sources\c99\common\aomod.c
		___aomod       		CODE           	19E62	0000	356

C:\Program Files\Microchip\xc8\v3.00\pic\sources\c99\common\aomod.c estimated size: 356

C:\Program Files\Microchip\xc8\v3.00\pic\sources\c99\common\printf.c
		_printf        		CODE           	1D742	0000	40

C:\Program Files\Microchip\xc8\v3.00\pic\sources\c99\common\printf.c estimated size: 40

mcc_generated_files/drivers/i2c_simple_master.c
		_wr1RegCompleteHandler		CODE           	1D4B4	0000	52
		_wr2RegCompleteHandler		CODE           	1D418	0000	52
		_rdBlkRegCompleteHandler		CODE           	1CF0C	0000	72
		_rd1RegCompleteHandler		CODE           	1D480	0000	52
		_rd2RegCompleteHandler		CODE           	1D44C	0000	52

mcc_generated_files/drivers/i2c_simple_master.c estimated size: 280

C:\Program Files\Microchip\xc8\v3.00\pic\sources\c99\common\awmod.c
		___awmod       		CODE           	1B9DA	0000	176

C:\Program Files\Microchip\xc8\v3.00\pic\sources\c99\common\awmod.c estimated size: 176

C:\Program Files\Microchip\xc8\v3.00\pic\sources\c99\common\floorf.c
		_floorf        		CODE           	18B0E	0000	534

C:\Program Files\Microchip\xc8\v3.00\pic\sources\c99\common\floorf.c estimated size: 534

C:\Program Files\Microchip\xc8\v3.00\pic\sources\c99\common\fleq.c
		___fleq        		CODE           	1BBE6	0000	172

C:\Program Files\Microchip\xc8\v3.00\pic\sources\c99\common\fleq.c estimated size: 172

C:\Program Files\Microchip\xc8\v3.00\pic\sources\c99\common\llmod.c
		___llmod       		CODE           	1C206	0000	138

C:\Program Files\Microchip\xc8\v3.00\pic\sources\c99\common\llmod.c estimated size: 138

C:\Program Files\Microchip\xc8\v3.00\pic\sources\c99\common\sprcmul.c
		___flmul       		CODE           	169B2	0000	1064

C:\Program Files\Microchip\xc8\v3.00\pic\sources\c99\common\sprcmul.c estimated size: 1064

C:\Program Files\Microchip\xc8\v3.00\pic\sources\c99\common\Umul32.c
		___lmul        		CODE           	1C7D4	0000	108

C:\Program Files\Microchip\xc8\v3.00\pic\sources\c99\common\Umul32.c estimated size: 108

mcc_generated_files/uart1.c
		_UART1_Write   		CODE           	1D956	0000	24
		_putch         		CODE           	1DB9A	0000	14
		_UART1_SetFramingErrorHandler		CODE           	1DB46	0000	14
		_UART1_SetOverrunErrorHandler		CODE           	1DB38	0000	14
		_UART1_Initialize		CODE           	1CA48	0000	100
		_UART1_SetErrorHandler		CODE           	1DB54	0000	14

mcc_generated_files/uart1.c estimated size: 180

C:\Program Files\Microchip\xc8\v3.00\pic\sources\c99\common\__lldiv.c
		___lldiv       		CODE           	1BD3C	0000	166

C:\Program Files\Microchip\xc8\v3.00\pic\sources\c99\common\__lldiv.c estimated size: 166

C:\Program Files\Microchip\xc8\v3.00\pic\sources\c99\common\sprcdiv.c
		___fldiv       		CODE           	17200	0000	914

C:\Program Files\Microchip\xc8\v3.00\pic\sources\c99\common\sprcdiv.c estimated size: 914

shared
		i2_printf      		CODE           	1D7BA	0000	40
		i2_vfpfcnvrt   		CODE           	10000	0000	4790
		i2_pad         		CODE           	1B86C	0000	186
		i2_abs         		CODE           	1D51C	0000	52
		i2_stoa        		CODE           	1982C	0000	426
		i2_floorf      		CODE           	18D24	0000	530
		i2_labs        		CODE           	1CB5E	0000	86
		i2_read_prec_or_width		CODE           	1B256	0000	204
		i2_putch       		CODE           	1DC12	0000	10
		i2___fleq      		CODE           	1BC92	0000	170
		i2_utoa        		CODE           	1910E	0000	470
		_FIFO          		MEDIUMCONST    	0000	0000	0
		_DLC_BYTES     		MEDIUMCONST    	FE0A	0000	9
		i2_vfprintf    		CODE           	1C766	0000	110
		i2_xtoa        		CODE           	18400	0000	618
		i2_atoa        		CODE           	14168	0000	3272
		i2___flneg     		CODE           	1D26C	0000	56
		i2_strcpy      		CODE           	1D09E	0000	60
		i2___awdiv     		CODE           	1B572	0000	194
		i2___fladd     		CODE           	164FC	0000	1206
		i2_ctoa        		CODE           	1AD76	0000	216
		i2_dtoa        		CODE           	18174	0000	652
		i2___fldiv     		CODE           	17592	0000	912
		i2___fltol     		CODE           	1A6B0	0000	262
		__initialization		CODE           	1C39C	0000	124
		i2___flge      		CODE           	1A7B6	0000	260
		i2___lodiv     		CODE           	1ABAA	0000	240
		i2___lmul      		CODE           	1C8AA	0000	106
		i2___awmod     		CODE           	1BB38	0000	174
		_seg_patterns  		MEDIUMCONST    	FE00	0000	10
		i2___aodiv     		CODE           	19B5E	0000	390
		i2___flmul     		CODE           	16DDA	0000	1062
		_i2c1_fsmStateTable		MEDIUMCONST    	FDC7	0000	57
		i2___lomod     		CODE           	1AF20	0000	208
		i2___fpclassifyf		CODE           	1A9BA	0000	254
		i2___flsub     		CODE           	1CF54	0000	70
		i2_UART1_Write 		CODE           	1DA7C	0000	22
		LCD_create_custom_char@F23611		MEDIUMCONST    	FE1B	0000	8
		LCD_create_custom_char@F23613		MEDIUMCONST    	FE13	0000	8
		LCD_create_custom_char@F23609		MEDIUMCONST    	FE23	0000	8
		i2_efgtoa      		CODE           	12564	0000	3598
		i2___aomod     		CODE           	19FC6	0000	354
		i2_GetDashboardData		CODE           	1D99E	0000	24
		i2_fputc       		CODE           	1B322	0000	202
		i2_fputs       		CODE           	1CF9A	0000	68
		i2_strlen      		CODE           	1D346	0000	54
		i2_otoa        		CODE           	192E4	0000	460
		i2_memcpy      		CODE           	1CCFE	0000	80

shared estimated size: 22372

C:\Program Files\Microchip\xc8\v3.00\pic\sources\c99\common\nf_fputs.c
		_fputs         		CODE           	1CE34	0000	72

C:\Program Files\Microchip\xc8\v3.00\pic\sources\c99\common\nf_fputs.c estimated size: 72

mcc_generated_files/mcc.c
		_PMD_Initialize		CODE           	1D9B6	0000	22
		_OSCILLATOR_Initialize		CODE           	1DAE0	0000	18
		_SYSTEM_Initialize		CODE           	1D69A	0000	42

mcc_generated_files/mcc.c estimated size: 82

mcc_generated_files/tmr3.c
		_TMR3_ISR      		CODE           	1DABA	0000	20
		_TMR3_Initialize		CODE           	1CD4E	0000	78
		_TMR3_SetInterruptHandler		CODE           	1DB62	0000	14
		_TMR3_StopTimer		CODE           	1DC86	0000	6
		_TMR3_DefaultInterruptHandler		CODE           	1DCAA	0000	2
		_TMR3_CallBack 		CODE           	1D550	0000	50
		_TMR3_WriteTimer		CODE           	1D6EE	0000	42
		_TMR3_StartTimer		CODE           	1DC8C	0000	6

mcc_generated_files/tmr3.c estimated size: 218

C:\Program Files\Microchip\xc8\v3.00\pic\sources\c99\common\lodiv.c
		___lodiv       		CODE           	1AAB8	0000	242

C:\Program Files\Microchip\xc8\v3.00\pic\sources\c99\common\lodiv.c estimated size: 242

C:\Program Files\Microchip\xc8\v3.00\pic\sources\c99\common\vsprintf.c
		_vsprintf      		CODE           	1C0EE	0000	142

C:\Program Files\Microchip\xc8\v3.00\pic\sources\c99\common\vsprintf.c estimated size: 142

C:\Program Files\Microchip\xc8\v3.00\pic\sources\c99\common\aodiv.c
		___aodiv       		CODE           	199D6	0000	392

C:\Program Files\Microchip\xc8\v3.00\pic\sources\c99\common\aodiv.c estimated size: 392

C:\Program Files\Microchip\xc8\v3.00\pic\sources\c99\common\strlen.c
		_strlen        		CODE           	1D114	0000	58

C:\Program Files\Microchip\xc8\v3.00\pic\sources\c99\common\strlen.c estimated size: 58

mcc_generated_files/tmr1.c
		_TMR1_Initialize		CODE           	1CD9C	0000	78
		_TMR1_SetInterruptHandler		CODE           	1DB70	0000	14
		_TMR1_DefaultInterruptHandler		CODE           	1DCAC	0000	2
		_TMR1_CallBack 		CODE           	1D582	0000	50
		_TMR1_WriteTimer		CODE           	1D718	0000	42
		_TMR1_ISR      		CODE           	1D188	0000	58

mcc_generated_files/tmr1.c estimated size: 244

C:\Program Files\Microchip\xc8\v3.00\pic\sources\c99\common\strcpy.c
		_strcpy        		CODE           	1D060	0000	62

C:\Program Files\Microchip\xc8\v3.00\pic\sources\c99\common\strcpy.c estimated size: 62

C:\Program Files\Microchip\xc8\v3.00\pic\sources\c99\common\memset.c
		_memset        		CODE           	1D0DA	0000	58

C:\Program Files\Microchip\xc8\v3.00\pic\sources\c99\common\memset.c estimated size: 58

C:\Program Files\Microchip\xc8\v3.00\pic\sources\c99\common\lwdiv.c
		___lwdiv       		CODE           	1C60E	0000	118

C:\Program Files\Microchip\xc8\v3.00\pic\sources\c99\common\lwdiv.c estimated size: 118

C:\Program Files\Microchip\xc8\v3.00\pic\sources\c99\common\awdiv.c
		___awdiv       		CODE           	1B3EC	0000	196

C:\Program Files\Microchip\xc8\v3.00\pic\sources\c99\common\awdiv.c estimated size: 196

C:\Program Files\Microchip\xc8\v3.00\pic\sources\c99\common\fltol.c
		___fltol       		CODE           	1A4A2	0000	264

C:\Program Files\Microchip\xc8\v3.00\pic\sources\c99\common\fltol.c estimated size: 264

C:\Program Files\Microchip\xc8\v3.00\pic\sources\c99\common\labs.c
		_labs          		CODE           	1CB06	0000	88

C:\Program Files\Microchip\xc8\v3.00\pic\sources\c99\common\labs.c estimated size: 88

main.c
		_main          		CODE           	15AD8	0000	1388
		_ButtonHoldTimer		CODE           	1D986	0000	24
		_display_tson_state		CODE           	17922	0000	756
		_RealTimeClockHandler		CODE           	1C51C	0000	122
		_vcu_number    		CODE           	1C290	0000	136
		_ButtonPressHandler		CODE           	1B6F2	0000	190

main.c estimated size: 2616

C:\Program Files\Microchip\xc8\v3.00\pic\sources\c99\common\doprnt.c
		_read_prec_or_width		CODE           	1AFF0	0000	206
		_vfpfcnvrt     		CODE           	112B6	0000	4782
		_efgtoa        		CODE           	13372	0000	3574
		_pad           		CODE           	1B634	0000	190
		_atoa          		CODE           	14E30	0000	3240
		_ctoa          		CODE           	1AC9A	0000	220
		_dtoa          		CODE           	17EE6	0000	654
		_vfprintf      		CODE           	1C9E2	0000	102
		_otoa          		CODE           	194B0	0000	456
		_stoa          		CODE           	19678	0000	436
		_utoa          		CODE           	18F36	0000	472
		_xtoa          		CODE           	1866A	0000	616

C:\Program Files\Microchip\xc8\v3.00\pic\sources\c99\common\doprnt.c estimated size: 14948

C:\Program Files\Microchip\xc8\v3.00\pic\sources\c99\common\sprcadd.c
		___flsub       		CODE           	1CE7C	0000	72
		___fladd       		CODE           	16044	0000	1208

C:\Program Files\Microchip\xc8\v3.00\pic\sources\c99\common\sprcadd.c estimated size: 1280

power.c
		_power_sample_instant		CODE           	1C97C	0000	102
		_power_sample_average		CODE           	1B926	0000	180
		_power_get_average_kw		CODE           	19CE4	0000	382
		_power_get_bar 		CODE           	1B7B0	0000	188
		_power_get_instant_kw		CODE           	1D1FC	0000	56

power.c estimated size: 908

LCD.c
		_LCD_set_cursor		CODE           	1D020	0000	64
		_LCD_clear     		CODE           	1D86C	0000	32
		_LCD_print     		CODE           	1D234	0000	56
		_LCD_clear_row 		CODE           	1D88C	0000	32
		_LCD_send_nibble_cmd		CODE           	1CFDE	0000	66
		_LCD_write_string		CODE           	1C840	0000	106
		_LCD_init      		CODE           	1C41E	0000	128
		_LCD_write_char		CODE           	1DACE	0000	18
		_LCD_create_custom_char		CODE           	1A128	0000	316
		_LCD_send_byte 		CODE           	1D76A	0000	40
		_I2C1_SetBuffer_4bitmode		CODE           	1BA8A	0000	174

LCD.c estimated size: 1032

